Archive member included to satisfy reference by file (symbol)

C:/NXP/S32DS.3.3/S32DS/build_tools/gcc_b1620/gcc-6.3-arm32-eabi/arm-none-eabi/newlib/lib/thumb/v7e-m/fpv4-sp/hard\libc_nano.a(lib_a-exit.o)
                              C:/NXP/S32DS.3.3/S32DS/build_tools/gcc_b1620/gcc-6.3-arm32-eabi/arm-none-eabi/newlib/lib/thumb/v7e-m/fpv4-sp/hard/crt0.o (exit)
C:/NXP/S32DS.3.3/S32DS/build_tools/gcc_b1620/gcc-6.3-arm32-eabi/arm-none-eabi/newlib/lib/thumb/v7e-m/fpv4-sp/hard\libc_nano.a(lib_a-impure.o)
                              C:/NXP/S32DS.3.3/S32DS/build_tools/gcc_b1620/gcc-6.3-arm32-eabi/arm-none-eabi/newlib/lib/thumb/v7e-m/fpv4-sp/hard\libc_nano.a(lib_a-exit.o) (_global_impure_ptr)
C:/NXP/S32DS.3.3/S32DS/build_tools/gcc_b1620/gcc-6.3-arm32-eabi/arm-none-eabi/newlib/lib/thumb/v7e-m/fpv4-sp/hard\libc_nano.a(lib_a-init.o)
                              C:/NXP/S32DS.3.3/S32DS/build_tools/gcc_b1620/gcc-6.3-arm32-eabi/arm-none-eabi/newlib/lib/thumb/v7e-m/fpv4-sp/hard/crt0.o (__libc_init_array)
C:/NXP/S32DS.3.3/S32DS/build_tools/gcc_b1620/gcc-6.3-arm32-eabi/arm-none-eabi/newlib/lib/thumb/v7e-m/fpv4-sp/hard\libc_nano.a(lib_a-memcpy-stub.o)
                              ./SDK/rtos/FreeRTOS/Source/queue.o (memcpy)
C:/NXP/S32DS.3.3/S32DS/build_tools/gcc_b1620/gcc-6.3-arm32-eabi/arm-none-eabi/newlib/lib/thumb/v7e-m/fpv4-sp/hard\libc_nano.a(lib_a-memset.o)
                              C:/NXP/S32DS.3.3/S32DS/build_tools/gcc_b1620/gcc-6.3-arm32-eabi/arm-none-eabi/newlib/lib/thumb/v7e-m/fpv4-sp/hard/crt0.o (memset)
C:/NXP/S32DS.3.3/S32DS/build_tools/gcc_b1620/gcc-6.3-arm32-eabi/arm-none-eabi/newlib/lib/thumb/v7e-m/fpv4-sp/hard\libc_nano.a(lib_a-strlen.o)
                              ./SDK/rtos/FreeRTOS/Source/tasks.o (strlen)
C:/NXP/S32DS.3.3/S32DS/build_tools/gcc_b1620/gcc-6.3-arm32-eabi/arm-none-eabi/newlib/lib/thumb/v7e-m/fpv4-sp/hard\libnosys.a(_exit.o)
                              C:/NXP/S32DS.3.3/S32DS/build_tools/gcc_b1620/gcc-6.3-arm32-eabi/arm-none-eabi/newlib/lib/thumb/v7e-m/fpv4-sp/hard\libc_nano.a(lib_a-exit.o) (_exit)

Allocating common symbols
Common symbol       size              file

adc_threshold_exceeded
                    0x4               ./src/ADC_Task.o
g_xtal0ClkFreq      0x4               ./SDK/platform/drivers/src/clock/S32K1xx/clock_S32K1xx.o
dmaControllerChn0_State
                    0x10              ./board/peripherals_EDMA.o
xQueueRegistry      0x40              ./SDK/rtos/FreeRTOS/Source/queue.o
adcConvDone         0x1               ./src/ADC_Task.o
g_RtcClkInFreq      0x4               ./SDK/platform/drivers/src/clock/S32K1xx/clock_S32K1xx.o
adcRawValue         0x2               ./src/ADC_Task.o
g_TClkFreq          0xc               ./SDK/platform/drivers/src/clock/S32K1xx/clock_S32K1xx.o
dmaController_State
                    0x40              ./board/peripherals_EDMA.o

Discarded input sections

 .text          0x00000000        0x0 c:/nxp/s32ds.3.3/s32ds/build_tools/gcc_v6.3/gcc-6.3-arm32-eabi/bin/../lib/gcc/arm-none-eabi/6.3.1/thumb/v7e-m/fpv4-sp/hard/crti.o
 .data          0x00000000        0x0 c:/nxp/s32ds.3.3/s32ds/build_tools/gcc_v6.3/gcc-6.3-arm32-eabi/bin/../lib/gcc/arm-none-eabi/6.3.1/thumb/v7e-m/fpv4-sp/hard/crti.o
 .bss           0x00000000        0x0 c:/nxp/s32ds.3.3/s32ds/build_tools/gcc_v6.3/gcc-6.3-arm32-eabi/bin/../lib/gcc/arm-none-eabi/6.3.1/thumb/v7e-m/fpv4-sp/hard/crti.o
 .text          0x00000000       0xa4 c:/nxp/s32ds.3.3/s32ds/build_tools/gcc_v6.3/gcc-6.3-arm32-eabi/bin/../lib/gcc/arm-none-eabi/6.3.1/thumb/v7e-m/fpv4-sp/hard/crtbegin.o
 .data          0x00000000        0x4 c:/nxp/s32ds.3.3/s32ds/build_tools/gcc_v6.3/gcc-6.3-arm32-eabi/bin/../lib/gcc/arm-none-eabi/6.3.1/thumb/v7e-m/fpv4-sp/hard/crtbegin.o
 .bss           0x00000000       0x1c c:/nxp/s32ds.3.3/s32ds/build_tools/gcc_v6.3/gcc-6.3-arm32-eabi/bin/../lib/gcc/arm-none-eabi/6.3.1/thumb/v7e-m/fpv4-sp/hard/crtbegin.o
 .init_array    0x00000000        0x4 c:/nxp/s32ds.3.3/s32ds/build_tools/gcc_v6.3/gcc-6.3-arm32-eabi/bin/../lib/gcc/arm-none-eabi/6.3.1/thumb/v7e-m/fpv4-sp/hard/crtbegin.o
 .fini_array    0x00000000        0x4 c:/nxp/s32ds.3.3/s32ds/build_tools/gcc_v6.3/gcc-6.3-arm32-eabi/bin/../lib/gcc/arm-none-eabi/6.3.1/thumb/v7e-m/fpv4-sp/hard/crtbegin.o
 .eh_frame      0x00000000        0x0 c:/nxp/s32ds.3.3/s32ds/build_tools/gcc_v6.3/gcc-6.3-arm32-eabi/bin/../lib/gcc/arm-none-eabi/6.3.1/thumb/v7e-m/fpv4-sp/hard/crtbegin.o
 .jcr           0x00000000        0x0 c:/nxp/s32ds.3.3/s32ds/build_tools/gcc_v6.3/gcc-6.3-arm32-eabi/bin/../lib/gcc/arm-none-eabi/6.3.1/thumb/v7e-m/fpv4-sp/hard/crtbegin.o
 .tm_clone_table
                0x00000000        0x0 c:/nxp/s32ds.3.3/s32ds/build_tools/gcc_v6.3/gcc-6.3-arm32-eabi/bin/../lib/gcc/arm-none-eabi/6.3.1/thumb/v7e-m/fpv4-sp/hard/crtbegin.o
 .comment       0x00000000       0xa1 c:/nxp/s32ds.3.3/s32ds/build_tools/gcc_v6.3/gcc-6.3-arm32-eabi/bin/../lib/gcc/arm-none-eabi/6.3.1/thumb/v7e-m/fpv4-sp/hard/crtbegin.o
 .ARM.attributes
[...]
Memory Configuration

Name             Origin             Length             Attributes
m_interrupts     0x00000000         0x00000400         xr
m_flash_config   0x00000400         0x00000010         xr
m_text           0x00000410         0x0007fbf0         xr
m_data           0x1fff8000         0x00008000         rw
m_data_2         0x20000000         0x00007000         rw
*default*        0x00000000         0xffffffff

Linker script and memory map

LOAD c:/nxp/s32ds.3.3/s32ds/build_tools/gcc_v6.3/gcc-6.3-arm32-eabi/bin/../lib/gcc/arm-none-eabi/6.3.1/thumb/v7e-m/fpv4-sp/hard/crti.o
LOAD c:/nxp/s32ds.3.3/s32ds/build_tools/gcc_v6.3/gcc-6.3-arm32-eabi/bin/../lib/gcc/arm-none-eabi/6.3.1/thumb/v7e-m/fpv4-sp/hard/crtbegin.o
LOAD C:/NXP/S32DS.3.3/S32DS/build_tools/gcc_b1620/gcc-6.3-arm32-eabi/arm-none-eabi/newlib/lib/thumb/v7e-m/fpv4-sp/hard/crt0.o
LOAD ./Project_Settings/Startup_Code/startup_S32K144.o
LOAD ./SDK/platform/devices/S32K144/startup/system_S32K144.o
LOAD ./SDK/platform/devices/startup.o
LOAD ./SDK/platform/drivers/src/adc/adc_driver.o
LOAD ./SDK/platform/drivers/src/clock/S32K1xx/clock_S32K1xx.o
LOAD ./SDK/platform/drivers/src/edma/edma_driver.o
LOAD ./SDK/platform/drivers/src/edma/edma_hw_access.o
LOAD ./SDK/platform/drivers/src/edma/edma_irq.o
LOAD ./SDK/platform/drivers/src/interrupt/interrupt_manager.o
LOAD ./SDK/platform/drivers/src/pdb/pdb_driver.o
LOAD ./SDK/platform/drivers/src/pdb/pdb_hw_access.o
LOAD ./SDK/platform/drivers/src/pins/pins_driver.o
LOAD ./SDK/platform/drivers/src/pins/pins_port_hw_access.o
LOAD ./SDK/rtos/FreeRTOS/Source/croutine.o
LOAD ./SDK/rtos/FreeRTOS/Source/event_groups.o
LOAD ./SDK/rtos/FreeRTOS/Source/list.o
LOAD ./SDK/rtos/FreeRTOS/Source/queue.o
LOAD ./SDK/rtos/FreeRTOS/Source/stream_buffer.o
LOAD ./SDK/rtos/FreeRTOS/Source/tasks.o
LOAD ./SDK/rtos/FreeRTOS/Source/timers.o
LOAD ./SDK/rtos/FreeRTOS/Source/portable/GCC/ARM_CM4F/port.o
LOAD ./SDK/rtos/FreeRTOS/Source/portable/MemMang/heap_1.o
LOAD ./board/clock_config.o
LOAD ./board/peripherals_ADC_0.o
LOAD ./board/peripherals_EDMA.o
LOAD ./board/peripherals_FreeRTOS.o
LOAD ./board/peripherals_pdb_1.o
LOAD ./board/pin_mux.o
LOAD ./src/ADC_Task.o
LOAD ./src/helper_functions.o
LOAD ./src/main.o
LOAD ./src/rtos.o
START GROUP
LOAD c:/nxp/s32ds.3.3/s32ds/build_tools/gcc_v6.3/gcc-6.3-arm32-eabi/bin/../lib/gcc/arm-none-eabi/6.3.1/thumb/v7e-m/fpv4-sp/hard\libgcc.a
LOAD C:/NXP/S32DS.3.3/S32DS/build_tools/gcc_b1620/gcc-6.3-arm32-eabi/arm-none-eabi/newlib/lib/thumb/v7e-m/fpv4-sp/hard\libc_nano.a
END GROUP
START GROUP
LOAD c:/nxp/s32ds.3.3/s32ds/build_tools/gcc_v6.3/gcc-6.3-arm32-eabi/bin/../lib/gcc/arm-none-eabi/6.3.1/thumb/v7e-m/fpv4-sp/hard\libgcc.a
LOAD C:/NXP/S32DS.3.3/S32DS/build_tools/gcc_b1620/gcc-6.3-arm32-eabi/arm-none-eabi/newlib/lib/thumb/v7e-m/fpv4-sp/hard\libc_nano.a
LOAD C:/NXP/S32DS.3.3/S32DS/build_tools/gcc_b1620/gcc-6.3-arm32-eabi/arm-none-eabi/newlib/lib/thumb/v7e-m/fpv4-sp/hard\libnosys.a
END GROUP
START GROUP
LOAD c:/nxp/s32ds.3.3/s32ds/build_tools/gcc_v6.3/gcc-6.3-arm32-eabi/bin/../lib/gcc/arm-none-eabi/6.3.1/thumb/v7e-m/fpv4-sp/hard\libgcc.a
LOAD C:/NXP/S32DS.3.3/S32DS/build_tools/gcc_b1620/gcc-6.3-arm32-eabi/arm-none-eabi/newlib/lib/thumb/v7e-m/fpv4-sp/hard\libc_nano.a
LOAD C:/NXP/S32DS.3.3/S32DS/build_tools/gcc_b1620/gcc-6.3-arm32-eabi/arm-none-eabi/newlib/lib/thumb/v7e-m/fpv4-sp/hard\libnosys.a
END GROUP
LOAD c:/nxp/s32ds.3.3/s32ds/build_tools/gcc_v6.3/gcc-6.3-arm32-eabi/bin/../lib/gcc/arm-none-eabi/6.3.1/thumb/v7e-m/fpv4-sp/hard/crtend.o
LOAD c:/nxp/s32ds.3.3/s32ds/build_tools/gcc_v6.3/gcc-6.3-arm32-eabi/bin/../lib/gcc/arm-none-eabi/6.3.1/thumb/v7e-m/fpv4-sp/hard/crtn.o
                0x00000400                HEAP_SIZE = DEFINED (__heap_size__)?__heap_size__:0x400
                0x00000400                STACK_SIZE = DEFINED (__stack_size__)?__stack_size__:0x400
                0x00000400                M_VECTOR_RAM_SIZE = DEFINED (__flash_vector_table__)?0x0:0x400

.interrupts     0x00000000      0x400
                0x00000000                __VECTOR_TABLE = .
                0x00000000                __interrupts_start__ = .
                0x00000000                . = ALIGN (0x4)
 *(.isr_vector)
 .isr_vector    0x00000000      0x400 ./Project_Settings/Startup_Code/startup_S32K144.o
                0x00000000                __isr_vector
                0x00000400                __interrupts_end__ = .
                0x00000400                . = ALIGN (0x4)

.flash_config   0x00000400       0x10
                0x00000400                . = ALIGN (0x4)
 *(.FlashConfig)
 .FlashConfig   0x00000400       0x10 ./Project_Settings/Startup_Code/startup_S32K144.o
                0x00000410                . = ALIGN (0x4)

.text           0x00000410     0x4188
                0x00000410                . = ALIGN (0x4)
 *(.text)
 .text          0x00000410       0x6c ./Project_Settings/Startup_Code/startup_S32K144.o
                0x00000410                Reset_Handler
                0x00000478                DebugMon_Handler
                0x00000478                Reserved88_IRQHandler
                0x00000478                CAN0_ORed_IRQHandler
                0x00000478                HardFault_Handler
                0x00000478                Reserved86_IRQHandler
                0x00000478                Reserved103_IRQHandler
                0x00000478                FTM2_Ovf_Reload_IRQHandler
                0x00000478                Reserved50_IRQHandler
                0x00000478                FTFC_Fault_IRQHandler
                0x00000478                FTM0_Ch6_Ch7_IRQHandler
                0x00000478                Reserved114_IRQHandler
                0x00000478                NMI_Handler
                0x00000478                Reserved89_IRQHandler
                0x00000478                ERM_double_fault_IRQHandler
                0x00000478                Reserved59_IRQHandler
                0x00000478                LPIT0_Ch0_IRQHandler
                0x00000478                Reserved99_IRQHandler
                0x00000478                FTM3_Ch6_Ch7_IRQHandler
                0x00000478                CAN2_ORed_0_15_MB_IRQHandler
                0x00000478                LPIT0_Ch3_IRQHandler
                0x00000478                Reserved92_IRQHandler
                0x00000478                FTM0_Ch4_Ch5_IRQHandler
                0x00000478                CAN1_Error_IRQHandler
                0x00000478                FTM3_Ch0_Ch1_IRQHandler
                0x00000478                SWI_IRQHandler
                0x00000478                ADC0_IRQHandler
                0x00000478                FTM2_Ch4_Ch5_IRQHandler
                0x00000478                UsageFault_Handler
                0x00000478                FTM0_Ovf_Reload_IRQHandler
                0x00000478                DefaultISR
                0x00000478                Reserved58_IRQHandler
                0x00000478                CAN1_ORed_0_15_MB_IRQHandler
                0x00000478                FTM1_Ch2_Ch3_IRQHandler
                0x00000478                Reserved82_IRQHandler
                0x00000478                CAN0_ORed_16_31_MB_IRQHandler
                0x00000478                LPI2C0_Slave_IRQHandler
                0x00000478                Reserved71_IRQHandler
                0x00000478                PORTD_IRQHandler
                0x00000478                Reserved69_IRQHandler
                0x00000478                PORTB_IRQHandler
                0x00000478                Reserved70_IRQHandler
                0x00000478                ADC1_IRQHandler
                0x00000478                FTM2_Ch2_Ch3_IRQHandler
                0x00000478                Reserved53_IRQHandler
                0x00000478                RTC_IRQHandler
                0x00000478                PDB0_IRQHandler
                0x00000478                Reserved54_IRQHandler
                0x00000478                FTM2_Ch6_Ch7_IRQHandler
                0x00000478                FTM3_Ch2_Ch3_IRQHandler
                0x00000478                FTM2_Ch0_Ch1_IRQHandler
                0x00000478                LPSPI1_IRQHandler
                0x00000478                LPUART1_RxTx_IRQHandler
                0x00000478                RTC_Seconds_IRQHandler
                0x00000478                CAN2_ORed_IRQHandler
                0x00000478                Reserved72_IRQHandler
                0x00000478                Reserved110_IRQHandler
                0x00000478                Reserved107_IRQHandler
                0x00000478                Read_Collision_IRQHandler
                0x00000478                CAN2_Error_IRQHandler
                0x00000478                FTFC_IRQHandler
                0x00000478                FTM1_Ch6_Ch7_IRQHandler
                0x00000478                Reserved105_IRQHandler
                0x00000478                LPIT0_Ch1_IRQHandler
                0x00000478                FTM1_Ch4_Ch5_IRQHandler
                0x00000478                FTM3_Ovf_Reload_IRQHandler
                0x00000478                LPUART2_RxTx_IRQHandler
                0x00000478                LPSPI0_IRQHandler
                0x00000478                WDOG_EWM_IRQHandler
                0x00000478                MemManage_Handler
                0x00000478                Reserved90_IRQHandler
                0x00000478                Reserved83_IRQHandler
                0x00000478                FTM0_Fault_IRQHandler
                0x00000478                Reserved48_IRQHandler
                0x00000478                ERM_single_fault_IRQHandler
                0x00000478                FTM2_Fault_IRQHandler
                0x00000478                FTM0_Ch2_Ch3_IRQHandler
                0x00000478                FTM0_Ch0_Ch1_IRQHandler
                0x00000478                FTM3_Fault_IRQHandler
                0x00000478                RCM_IRQHandler
                0x00000478                Reserved100_IRQHandler
                0x00000478                Reserved91_IRQHandler
                0x00000478                CAN1_ORed_IRQHandler
                0x00000478                SCG_IRQHandler
                0x00000478                PDB1_IRQHandler
                0x00000478                Reserved81_IRQHandler
                0x00000478                Reserved46_IRQHandler
                0x00000478                Reserved45_IRQHandler
                0x00000478                CAN0_Error_IRQHandler
                0x00000478                Reserved112_IRQHandler
                0x00000478                LPI2C0_Master_IRQHandler
                0x00000478                FTM1_Fault_IRQHandler
                0x00000478                Reserved106_IRQHandler
                0x00000478                LVD_LVW_IRQHandler
                0x00000478                LPIT0_Ch2_IRQHandler
                0x00000478                PORTA_IRQHandler
                0x00000478                MCM_IRQHandler
                0x00000478                LPSPI2_IRQHandler
                0x00000478                FTM3_Ch4_Ch5_IRQHandler
                0x00000478                CAN0_ORed_0_15_MB_IRQHandler
                0x00000478                PORTE_IRQHandler
                0x00000478                LPUART0_RxTx_IRQHandler
                0x00000478                LPTMR0_IRQHandler
                0x00000478                BusFault_Handler
                0x00000478                Reserved87_IRQHandler
                0x00000478                FTM1_Ovf_Reload_IRQHandler
                0x00000478                Reserved93_IRQHandler
                0x00000478                CAN0_Wake_Up_IRQHandler
                0x00000478                CMP0_IRQHandler
                0x00000478                Reserved52_IRQHandler
                0x00000478                PORTC_IRQHandler
                0x00000478                FTM1_Ch0_Ch1_IRQHandler
                0x00000478                FLEXIO_IRQHandler
                0x00000478                Reserved113_IRQHandler
 *(.text*)
 .text.SystemInit
                0x0000047c       0x3c ./SDK/platform/devices/S32K144/startup/system_S32K144.o
                0x0000047c                SystemInit
 .text.init_data_bss
                0x000004b8       0xd8 ./SDK/platform/devices/startup.o
                0x000004b8                init_data_bss
 .text.ADC_DRV_ConfigConverter
                0x00000590      0x1a8 ./SDK/platform/drivers/src/adc/adc_driver.o
                0x00000590                ADC_DRV_ConfigConverter
 .text.ADC_DRV_ConfigChan
                0x00000738       0x98 ./SDK/platform/drivers/src/adc/adc_driver.o
                0x00000738                ADC_DRV_ConfigChan
 .text.ADC_DRV_GetChanResult
                0x000007d0       0x30 ./SDK/platform/drivers/src/adc/adc_driver.o
                0x000007d0                ADC_DRV_GetChanResult
 .text.ADC_DRV_AutoCalibration
                0x00000800      0x174 ./SDK/platform/drivers/src/adc/adc_driver.o
                0x00000800                ADC_DRV_AutoCalibration
 .text.CLOCK_SYS_GetCurrentRunMode
                0x00000974       0x24 ./SDK/platform/drivers/src/clock/S32K1xx/clock_S32K1xx.o
 .text.CLOCK_SYS_GetSysOscFreq
                0x00000998       0x1c ./SDK/platform/drivers/src/clock/S32K1xx/clock_S32K1xx.o
 .text.CLOCK_SYS_ConfigureSOSC
                0x000009b4      0x12c ./SDK/platform/drivers/src/clock/S32K1xx/clock_S32K1xx.o
 .text.CLOCK_SYS_GetSircFreq
                0x00000ae0       0x2c ./SDK/platform/drivers/src/clock/S32K1xx/clock_S32K1xx.o
 .text.CLOCK_SYS_ConfigureSIRC
                0x00000b0c       0xc4 ./SDK/platform/drivers/src/clock/S32K1xx/clock_S32K1xx.o
 .text.CLOCK_SYS_GetFircFreq
                0x00000bd0       0x20 ./SDK/platform/drivers/src/clock/S32K1xx/clock_S32K1xx.o
 .text.CLOCK_SYS_ConfigureFIRC
                0x00000bf0       0xb4 ./SDK/platform/drivers/src/clock/S32K1xx/clock_S32K1xx.o
 .text.CLOCK_SYS_GetSysPllFreq
                0x00000ca4       0x44 ./SDK/platform/drivers/src/clock/S32K1xx/clock_S32K1xx.o
 .text.CLOCK_SYS_ConfigureSPLL
                0x00000ce8      0x12c ./SDK/platform/drivers/src/clock/S32K1xx/clock_S32K1xx.o
 .text.CLOCK_SYS_SetSystemClockConfig
                0x00000e14      0x204 ./SDK/platform/drivers/src/clock/S32K1xx/clock_S32K1xx.o
 .text.CLOCK_SYS_TransitionSystemClock
                0x00001018       0x54 ./SDK/platform/drivers/src/clock/S32K1xx/clock_S32K1xx.o
 .text.CLOCK_SYS_GetSystemClockFreq
                0x0000106c       0x80 ./SDK/platform/drivers/src/clock/S32K1xx/clock_S32K1xx.o
 .text.CLOCK_SYS_GetScgClkOutFreq
                0x000010ec       0x44 ./SDK/platform/drivers/src/clock/S32K1xx/clock_S32K1xx.o
 .text.CLOCK_SYS_GetSysAsyncFreq
                0x00001130       0xc0 ./SDK/platform/drivers/src/clock/S32K1xx/clock_S32K1xx.o
 .text.CLOCK_SYS_GetSimRtcClkFreq
                0x000011f0       0x50 ./SDK/platform/drivers/src/clock/S32K1xx/clock_S32K1xx.o
 .text.CLOCK_SYS_GetLpoFreq
                0x00001240       0x54 ./SDK/platform/drivers/src/clock/S32K1xx/clock_S32K1xx.o
 .text.CLOCK_SYS_GetSimClkOutFreq
                0x00001294       0x98 ./SDK/platform/drivers/src/clock/S32K1xx/clock_S32K1xx.o
 .text.CLOCK_SYS_GetSimClockFreq
                0x0000132c      0x190 ./SDK/platform/drivers/src/clock/S32K1xx/clock_S32K1xx.o
 .text.CLOCK_SYS_GetPeripheralClock
                0x000014bc       0xc8 ./SDK/platform/drivers/src/clock/S32K1xx/clock_S32K1xx.o
 .text.CLOCK_DRV_Init
                0x00001584      0x610 ./SDK/platform/drivers/src/clock/S32K1xx/clock_S32K1xx.o
                0x00001584                CLOCK_DRV_Init
 .text.CLOCK_DRV_GetFreq
                0x00001b94      0x1dc ./SDK/platform/drivers/src/clock/S32K1xx/clock_S32K1xx.o
                0x00001b94                CLOCK_DRV_GetFreq
 .text.CLOCK_SYS_Init
                0x00001d70       0x28 ./SDK/platform/drivers/src/clock/S32K1xx/clock_S32K1xx.o
                0x00001d70                CLOCK_SYS_Init
 .text.CLOCK_SYS_UpdateConfiguration
                0x00001d98       0xf4 ./SDK/platform/drivers/src/clock/S32K1xx/clock_S32K1xx.o
                0x00001d98                CLOCK_SYS_UpdateConfiguration
 .text.CLOCK_SYS_GetFreq
                0x00001e8c        0x8 ./SDK/platform/drivers/src/clock/S32K1xx/clock_S32K1xx.o
                0x00001e8c                CLOCK_SYS_GetFreq
 .text.EDMA_DRV_ClearIntStatus
                0x00001e94       0x20 ./SDK/platform/drivers/src/edma/edma_driver.o
 .text.EDMA_DRV_IRQHandler
                0x00001eb4       0x20 ./SDK/platform/drivers/src/edma/edma_driver.o
                0x00001eb4                EDMA_DRV_IRQHandler
 .text.EDMA_DRV_ErrorIRQHandler
                0x00001ed4       0x40 ./SDK/platform/drivers/src/edma/edma_driver.o
                0x00001ed4                EDMA_DRV_ErrorIRQHandler
 .text.EDMA_DRV_GetDmaRegBaseAddr
                0x00001f14       0x10 ./SDK/platform/drivers/src/edma/edma_driver.o
                0x00001f14                EDMA_DRV_GetDmaRegBaseAddr
 .text.EDMA_SetDmaRequestCmd
                0x00001f24        0xa ./SDK/platform/drivers/src/edma/edma_hw_access.o
                0x00001f24                EDMA_SetDmaRequestCmd
 .text.DMA0_IRQHandler
                0x00001f2e        0xa ./SDK/platform/drivers/src/edma/edma_irq.o
                0x00001f2e                DMA0_IRQHandler
 .text.DMA1_IRQHandler
                0x00001f38        0xa ./SDK/platform/drivers/src/edma/edma_irq.o
                0x00001f38                DMA1_IRQHandler
 .text.DMA2_IRQHandler
                0x00001f42        0xa ./SDK/platform/drivers/src/edma/edma_irq.o
                0x00001f42                DMA2_IRQHandler
 .text.DMA3_IRQHandler
                0x00001f4c        0xa ./SDK/platform/drivers/src/edma/edma_irq.o
                0x00001f4c                DMA3_IRQHandler
 .text.DMA4_IRQHandler
                0x00001f56        0xa ./SDK/platform/drivers/src/edma/edma_irq.o
                0x00001f56                DMA4_IRQHandler
 .text.DMA5_IRQHandler
                0x00001f60        0xa ./SDK/platform/drivers/src/edma/edma_irq.o
                0x00001f60                DMA5_IRQHandler
 .text.DMA6_IRQHandler
                0x00001f6a        0xa ./SDK/platform/drivers/src/edma/edma_irq.o
                0x00001f6a                DMA6_IRQHandler
 .text.DMA7_IRQHandler
                0x00001f74        0xa ./SDK/platform/drivers/src/edma/edma_irq.o
                0x00001f74                DMA7_IRQHandler
 .text.DMA8_IRQHandler
                0x00001f7e        0xa ./SDK/platform/drivers/src/edma/edma_irq.o
                0x00001f7e                DMA8_IRQHandler
 .text.DMA9_IRQHandler
                0x00001f88        0xa ./SDK/platform/drivers/src/edma/edma_irq.o
                0x00001f88                DMA9_IRQHandler
 .text.DMA10_IRQHandler
                0x00001f92        0xa ./SDK/platform/drivers/src/edma/edma_irq.o
                0x00001f92                DMA10_IRQHandler
 .text.DMA11_IRQHandler
                0x00001f9c        0xa ./SDK/platform/drivers/src/edma/edma_irq.o
                0x00001f9c                DMA11_IRQHandler
 .text.DMA12_IRQHandler
                0x00001fa6        0xa ./SDK/platform/drivers/src/edma/edma_irq.o
                0x00001fa6                DMA12_IRQHandler
 .text.DMA13_IRQHandler
                0x00001fb0        0xa ./SDK/platform/drivers/src/edma/edma_irq.o
                0x00001fb0                DMA13_IRQHandler
 .text.DMA14_IRQHandler
                0x00001fba        0xa ./SDK/platform/drivers/src/edma/edma_irq.o
                0x00001fba                DMA14_IRQHandler
 .text.DMA15_IRQHandler
                0x00001fc4        0xa ./SDK/platform/drivers/src/edma/edma_irq.o
                0x00001fc4                DMA15_IRQHandler
 .text.DMA_Error_IRQHandler
                0x00001fce       0x28 ./SDK/platform/drivers/src/edma/edma_irq.o
                0x00001fce                DMA_Error_IRQHandler
 *fill*         0x00001ff6        0x2 
 .text.INT_SYS_InstallHandler
                0x00001ff8       0x60 ./SDK/platform/drivers/src/interrupt/interrupt_manager.o
                0x00001ff8                INT_SYS_InstallHandler
 .text.INT_SYS_EnableIRQ
                0x00002058       0x28 ./SDK/platform/drivers/src/interrupt/interrupt_manager.o
                0x00002058                INT_SYS_EnableIRQ
 .text.INT_SYS_DisableIRQ
                0x00002080       0x2c ./SDK/platform/drivers/src/interrupt/interrupt_manager.o
                0x00002080                INT_SYS_DisableIRQ
 .text.INT_SYS_EnableIRQGlobal
                0x000020ac       0x1c ./SDK/platform/drivers/src/interrupt/interrupt_manager.o
                0x000020ac                INT_SYS_EnableIRQGlobal
 .text.INT_SYS_DisableIRQGlobal
                0x000020c8       0x10 ./SDK/platform/drivers/src/interrupt/interrupt_manager.o
                0x000020c8                INT_SYS_DisableIRQGlobal
 .text.INT_SYS_SetPriority
                0x000020d8       0x70 ./SDK/platform/drivers/src/interrupt/interrupt_manager.o
                0x000020d8                INT_SYS_SetPriority
 .text.PDB_DRV_Init
                0x00002148       0x80 ./SDK/platform/drivers/src/pdb/pdb_driver.o
                0x00002148                PDB_DRV_Init
 .text.PDB_DRV_Enable
                0x000021c8       0x24 ./SDK/platform/drivers/src/pdb/pdb_driver.o
                0x000021c8                PDB_DRV_Enable
 .text.PDB_DRV_SoftTriggerCmd
                0x000021ec       0x24 ./SDK/platform/drivers/src/pdb/pdb_driver.o
                0x000021ec                PDB_DRV_SoftTriggerCmd
 .text.PDB_DRV_LoadValuesCmd
                0x00002210       0x24 ./SDK/platform/drivers/src/pdb/pdb_driver.o
                0x00002210                PDB_DRV_LoadValuesCmd
 .text.PDB_DRV_SetTimerModulusValue
                0x00002234       0x24 ./SDK/platform/drivers/src/pdb/pdb_driver.o
                0x00002234                PDB_DRV_SetTimerModulusValue
 .text.PDB_DRV_ConfigAdcPreTrigger
                0x00002258       0x58 ./SDK/platform/drivers/src/pdb/pdb_driver.o
                0x00002258                PDB_DRV_ConfigAdcPreTrigger
 .text.PDB_DRV_SetAdcPreTriggerDelayValue
                0x000022b0       0x5c ./SDK/platform/drivers/src/pdb/pdb_driver.o
                0x000022b0                PDB_DRV_SetAdcPreTriggerDelayValue
 .text.PDB_Init
                0x0000230c       0xa8 ./SDK/platform/drivers/src/pdb/pdb_hw_access.o
                0x0000230c                PDB_Init
 .text.PDB_ConfigTimer
                0x000023b4       0x6c ./SDK/platform/drivers/src/pdb/pdb_hw_access.o
                0x000023b4                PDB_ConfigTimer
 .text.PDB_SetAdcPreTriggerBackToBackEnable
                0x00002420       0x42 ./SDK/platform/drivers/src/pdb/pdb_hw_access.o
                0x00002420                PDB_SetAdcPreTriggerBackToBackEnable
 .text.PDB_SetAdcPreTriggerOutputEnable
                0x00002462       0x3e ./SDK/platform/drivers/src/pdb/pdb_hw_access.o
                0x00002462                PDB_SetAdcPreTriggerOutputEnable
 .text.PDB_SetAdcPreTriggerEnable
                0x000024a0       0x3a ./SDK/platform/drivers/src/pdb/pdb_hw_access.o
                0x000024a0                PDB_SetAdcPreTriggerEnable
 .text.PINS_DRV_Init
                0x000024da       0x20 ./SDK/platform/drivers/src/pins/pins_driver.o
                0x000024da                PINS_DRV_Init
 .text.PINS_DRV_SetMuxModeSel
                0x000024fa        0x8 ./SDK/platform/drivers/src/pins/pins_driver.o
                0x000024fa                PINS_DRV_SetMuxModeSel
 .text.PINS_DRV_SetPinIntSel
                0x00002502       0x20 ./SDK/platform/drivers/src/pins/pins_driver.o
                0x00002502                PINS_DRV_SetPinIntSel
 .text.PINS_DRV_ClearPortIntFlagCmd
                0x00002522        0xa ./SDK/platform/drivers/src/pins/pins_driver.o
                0x00002522                PINS_DRV_ClearPortIntFlagCmd
 .text.PINS_DRV_SetPinsDirection
                0x0000252c        0x4 ./SDK/platform/drivers/src/pins/pins_driver.o
                0x0000252c                PINS_DRV_SetPinsDirection
 .text.PINS_DRV_SetPins
                0x00002530        0x4 ./SDK/platform/drivers/src/pins/pins_driver.o
                0x00002530                PINS_DRV_SetPins
 .text.PINS_DRV_ClearPins
                0x00002534        0x4 ./SDK/platform/drivers/src/pins/pins_driver.o
                0x00002534                PINS_DRV_ClearPins
 .text.PINS_GetAdcInterleaveVal
                0x00002538       0x70 ./SDK/platform/drivers/src/pins/pins_port_hw_access.o
 .text.PINS_Init
                0x000025a8      0x138 ./SDK/platform/drivers/src/pins/pins_port_hw_access.o
                0x000025a8                PINS_Init
 .text.PINS_SetMuxModeSel
                0x000026e0       0x58 ./SDK/platform/drivers/src/pins/pins_port_hw_access.o
                0x000026e0                PINS_SetMuxModeSel
 .text.vListInitialise
                0x00002738       0x16 ./SDK/rtos/FreeRTOS/Source/list.o
                0x00002738                vListInitialise
 .text.vListInitialiseItem
                0x0000274e        0x6 ./SDK/rtos/FreeRTOS/Source/list.o
                0x0000274e                vListInitialiseItem
 .text.vListInsertEnd
                0x00002754       0x18 ./SDK/rtos/FreeRTOS/Source/list.o
                0x00002754                vListInsertEnd
 .text.vListInsert
                0x0000276c       0x34 ./SDK/rtos/FreeRTOS/Source/list.o
                0x0000276c                vListInsert
 .text.uxListRemove
                0x000027a0       0x26 ./SDK/rtos/FreeRTOS/Source/list.o
                0x000027a0                uxListRemove
 .text.prvIsQueueEmpty
                0x000027c6       0x16 ./SDK/rtos/FreeRTOS/Source/queue.o
 .text.prvCopyDataToQueue
                0x000027dc       0x76 ./SDK/rtos/FreeRTOS/Source/queue.o
 .text.prvCopyDataFromQueue
                0x00002852       0x24 ./SDK/rtos/FreeRTOS/Source/queue.o
 .text.prvUnlockQueue
                0x00002876       0x82 ./SDK/rtos/FreeRTOS/Source/queue.o
 .text.xQueueGenericReset
                0x000028f8       0x80 ./SDK/rtos/FreeRTOS/Source/queue.o
                0x000028f8                xQueueGenericReset
 .text.xQueueGenericCreate
                0x00002978       0x44 ./SDK/rtos/FreeRTOS/Source/queue.o
                0x00002978                xQueueGenericCreate
 .text.xQueueGenericSend
                0x000029bc      0x188 ./SDK/rtos/FreeRTOS/Source/queue.o
                0x000029bc                xQueueGenericSend
 .text.xQueueGenericSendFromISR
                0x00002b44       0xd6 ./SDK/rtos/FreeRTOS/Source/queue.o
                0x00002b44                xQueueGenericSendFromISR
 *fill*         0x00002c1a        0x2 
 .text.xQueueReceive
                0x00002c1c      0x158 ./SDK/rtos/FreeRTOS/Source/queue.o
                0x00002c1c                xQueueReceive
 .text.vQueueAddToRegistry
                0x00002d74       0x34 ./SDK/rtos/FreeRTOS/Source/queue.o
                0x00002d74                vQueueAddToRegistry
 .text.vQueueWaitForMessageRestricted
                0x00002da8       0x4e ./SDK/rtos/FreeRTOS/Source/queue.o
                0x00002da8                vQueueWaitForMessageRestricted
 *fill*         0x00002df6        0x2 
 .text.prvResetNextTaskUnblockTime
                0x00002df8       0x2c ./SDK/rtos/FreeRTOS/Source/tasks.o
 .text.prvAddCurrentTaskToDelayedList
                0x00002e24       0xa0 ./SDK/rtos/FreeRTOS/Source/tasks.o
 .text.prvIdleTask
                0x00002ec4       0x74 ./SDK/rtos/FreeRTOS/Source/tasks.o
 .text.xTaskCreate
                0x00002f38      0x1f4 ./SDK/rtos/FreeRTOS/Source/tasks.o
                0x00002f38                xTaskCreate
 .text.vTaskStartScheduler
                0x0000312c       0x84 ./SDK/rtos/FreeRTOS/Source/tasks.o
                0x0000312c                vTaskStartScheduler
 .text.vTaskSuspendAll
                0x000031b0       0x10 ./SDK/rtos/FreeRTOS/Source/tasks.o
                0x000031b0                vTaskSuspendAll
 .text.xTaskGetTickCount
                0x000031c0        0xc ./SDK/rtos/FreeRTOS/Source/tasks.o
                0x000031c0                xTaskGetTickCount
 .text.xTaskIncrementTick
                0x000031cc      0x138 ./SDK/rtos/FreeRTOS/Source/tasks.o
                0x000031cc                xTaskIncrementTick
 .text.xTaskResumeAll
                0x00003304      0x100 ./SDK/rtos/FreeRTOS/Source/tasks.o
                0x00003304                xTaskResumeAll
 .text.vTaskDelayUntil
                0x00003404       0xa0 ./SDK/rtos/FreeRTOS/Source/tasks.o
                0x00003404                vTaskDelayUntil
 .text.vTaskSwitchContext
                0x000034a4       0xc4 ./SDK/rtos/FreeRTOS/Source/tasks.o
                0x000034a4                vTaskSwitchContext
 .text.vTaskPlaceOnEventList
                0x00003568       0x30 ./SDK/rtos/FreeRTOS/Source/tasks.o
                0x00003568                vTaskPlaceOnEventList
 .text.vTaskPlaceOnEventListRestricted
                0x00003598       0x3c ./SDK/rtos/FreeRTOS/Source/tasks.o
                0x00003598                vTaskPlaceOnEventListRestricted
 .text.xTaskRemoveFromEventList
                0x000035d4       0x88 ./SDK/rtos/FreeRTOS/Source/tasks.o
                0x000035d4                xTaskRemoveFromEventList
 .text.vTaskInternalSetTimeOutState
                0x0000365c       0x18 ./SDK/rtos/FreeRTOS/Source/tasks.o
                0x0000365c                vTaskInternalSetTimeOutState
 .text.xTaskCheckForTimeOut
                0x00003674       0x9c ./SDK/rtos/FreeRTOS/Source/tasks.o
                0x00003674                xTaskCheckForTimeOut
 .text.vTaskMissedYield
                0x00003710        0xc ./SDK/rtos/FreeRTOS/Source/tasks.o
                0x00003710                vTaskMissedYield
 .text.xTaskGetSchedulerState
                0x0000371c       0x20 ./SDK/rtos/FreeRTOS/Source/tasks.o
                0x0000371c                xTaskGetSchedulerState
 .text.xTaskPriorityDisinherit
                0x0000373c       0xb0 ./SDK/rtos/FreeRTOS/Source/tasks.o
                0x0000373c                xTaskPriorityDisinherit
 .text.prvInsertTimerInActiveList
                0x000037ec       0x48 ./SDK/rtos/FreeRTOS/Source/timers.o
 .text.prvCheckForValidListAndQueue
                0x00003834       0x5c ./SDK/rtos/FreeRTOS/Source/timers.o
 .text.xTimerCreateTimerTask
                0x00003890       0x4c ./SDK/rtos/FreeRTOS/Source/timers.o
                0x00003890                xTimerCreateTimerTask
 .text.xTimerGenericCommand
                0x000038dc       0x60 ./SDK/rtos/FreeRTOS/Source/timers.o
                0x000038dc                xTimerGenericCommand
 .text.prvSampleTimeNow
                0x0000393c       0xac ./SDK/rtos/FreeRTOS/Source/timers.o
 .text.prvTimerTask
                0x000039e8      0x1e8 ./SDK/rtos/FreeRTOS/Source/timers.o
 .text.prvTaskExitError
                0x00003bd0       0x40 ./SDK/rtos/FreeRTOS/Source/portable/GCC/ARM_CM4F/port.o
 .text.prvPortStartFirstTask
                0x00003c10       0x28 ./SDK/rtos/FreeRTOS/Source/portable/GCC/ARM_CM4F/port.o
 .text.vPortEnableVFP
                0x00003c38       0x14 ./SDK/rtos/FreeRTOS/Source/portable/GCC/ARM_CM4F/port.o
 .text.pxPortInitialiseStack
                0x00003c4c       0x2c ./SDK/rtos/FreeRTOS/Source/portable/GCC/ARM_CM4F/port.o
                0x00003c4c                pxPortInitialiseStack
 *fill*         0x00003c78        0x8 
 .text.SVC_Handler
                0x00003c80       0x24 ./SDK/rtos/FreeRTOS/Source/portable/GCC/ARM_CM4F/port.o
                0x00003c80                SVC_Handler
 .text.vPortEnterCritical
                0x00003ca4       0x44 ./SDK/rtos/FreeRTOS/Source/portable/GCC/ARM_CM4F/port.o
                0x00003ca4                vPortEnterCritical
 .text.vPortExitCritical
                0x00003ce8       0x2c ./SDK/rtos/FreeRTOS/Source/portable/GCC/ARM_CM4F/port.o
                0x00003ce8                vPortExitCritical
 *fill*         0x00003d14        0xc 
 .text.PendSV_Handler
                0x00003d20       0x64 ./SDK/rtos/FreeRTOS/Source/portable/GCC/ARM_CM4F/port.o
                0x00003d20                PendSV_Handler
 .text.SysTick_Handler
                0x00003d84       0x2c ./SDK/rtos/FreeRTOS/Source/portable/GCC/ARM_CM4F/port.o
                0x00003d84                SysTick_Handler
 .text.vPortSetupTimerInterrupt
                0x00003db0       0x24 ./SDK/rtos/FreeRTOS/Source/portable/GCC/ARM_CM4F/port.o
                0x00003db0                vPortSetupTimerInterrupt
 .text.xPortStartScheduler
                0x00003dd4      0x118 ./SDK/rtos/FreeRTOS/Source/portable/GCC/ARM_CM4F/port.o
                0x00003dd4                xPortStartScheduler
 .text.vPortValidateInterruptPriority
                0x00003eec       0x5c ./SDK/rtos/FreeRTOS/Source/portable/GCC/ARM_CM4F/port.o
                0x00003eec                vPortValidateInterruptPriority
 .text.pvPortMalloc
                0x00003f48       0x64 ./SDK/rtos/FreeRTOS/Source/portable/MemMang/heap_1.o
                0x00003f48                pvPortMalloc
 .text.vPortFree
                0x00003fac       0x16 ./SDK/rtos/FreeRTOS/Source/portable/MemMang/heap_1.o
                0x00003fac                vPortFree
 *fill*         0x00003fc2        0x2 
 .text.xPortGetFreeHeapSize
                0x00003fc4       0x10 ./SDK/rtos/FreeRTOS/Source/portable/MemMang/heap_1.o
                0x00003fc4                xPortGetFreeHeapSize
 .text.ADC_IRQHandler
                0x00003fd4       0x1c ./src/ADC_Task.o
 .text.ADC_Task_20ms
                0x00003ff0      0x12c ./src/ADC_Task.o
 .text.ADC_Task_200ms
                0x0000411c       0x5c ./src/ADC_Task.o
 .text.ADC_Tasks_INIT
                0x00004178       0x40 ./src/ADC_Task.o
                0x00004178                ADC_Tasks_INIT
 .text.calculateIntValue
                0x000041b8       0x64 ./src/helper_functions.o
                0x000041b8                calculateIntValue
 .text.main     0x0000421c        0xa ./src/main.o
                0x0000421c                main
 *fill*         0x00004226        0x2 
 .text.vPort_C_ISRHandler
                0x00004228       0x10 ./src/rtos.o
                0x00004228                vPort_C_ISRHandler
 .text.rtos_start
                0x00004238       0xa0 ./src/rtos.o
                0x00004238                rtos_start
 .text.vApplicationMallocFailedHook
                0x000042d8       0x12 ./src/rtos.o
                0x000042d8                vApplicationMallocFailedHook
 .text.vApplicationStackOverflowHook
                0x000042ea       0x12 ./src/rtos.o
                0x000042ea                vApplicationStackOverflowHook
 .text.vApplicationIdleHook
                0x000042fc       0x12 ./src/rtos.o
                0x000042fc                vApplicationIdleHook
 .text.vApplicationTickHook
                0x0000430e        0x2 ./src/rtos.o
                0x0000430e                vApplicationTickHook
 .text.memcpy   0x00004310       0x1c C:/NXP/S32DS.3.3/S32DS/build_tools/gcc_b1620/gcc-6.3-arm32-eabi/arm-none-eabi/newlib/lib/thumb/v7e-m/fpv4-sp/hard\libc_nano.a(lib_a-memcpy-stub.o)
                0x00004310                memcpy
 .text.memset   0x0000432c       0x10 C:/NXP/S32DS.3.3/S32DS/build_tools/gcc_b1620/gcc-6.3-arm32-eabi/arm-none-eabi/newlib/lib/thumb/v7e-m/fpv4-sp/hard\libc_nano.a(lib_a-memset.o)
                0x0000432c                memset
 *(.rodata)
 *(.rodata*)
 .rodata.s_adcBase
                0x0000433c        0x8 ./SDK/platform/drivers/src/adc/adc_driver.o
 .rodata.clockNameMappings
                0x00004344       0x9e ./SDK/platform/drivers/src/clock/S32K1xx/clock_S32K1xx.o
                0x00004344                clockNameMappings
 *fill*         0x000043e2        0x2 
 .rodata.maxSysClksInHSRUN.7631
                0x000043e4       0x54 ./SDK/platform/drivers/src/clock/S32K1xx/clock_S32K1xx.o
 .rodata.maxSysClksInRUN.7630
                0x00004438       0x54 ./SDK/platform/drivers/src/clock/S32K1xx/clock_S32K1xx.o
 .rodata.maxSysClksInVLPR.7629
                0x0000448c       0x54 ./SDK/platform/drivers/src/clock/S32K1xx/clock_S32K1xx.o
 .rodata.peripheralFeaturesList
                0x000044e0       0x4f ./SDK/platform/drivers/src/clock/S32K1xx/clock_S32K1xx.o
                0x000044e0                peripheralFeaturesList
 *fill*         0x0000452f        0x1 
 .rodata.s_pdbBase
                0x00004530        0x8 ./SDK/platform/drivers/src/pdb/pdb_driver.o
 .rodata.s_pdbClkNames.7044
                0x00004538        0x2 ./SDK/platform/drivers/src/pdb/pdb_driver.o
 *fill*         0x0000453a        0x2 
 .rodata.s_pdbIrqId
                0x0000453c        0x2 ./SDK/platform/drivers/src/pdb/pdb_driver.o
 *fill*         0x0000453e        0x2 
 .rodata.vTaskStartScheduler.str1.4
                0x00004540        0x5 ./SDK/rtos/FreeRTOS/Source/tasks.o
 *fill*         0x00004545        0x3 
 .rodata.prvCheckForValidListAndQueue.str1.4
                0x00004548        0x5 ./SDK/rtos/FreeRTOS/Source/timers.o
 *fill*         0x0000454d        0x3 
 .rodata.xTimerCreateTimerTask.str1.4
                0x00004550        0x8 ./SDK/rtos/FreeRTOS/Source/timers.o
 .rodata.ADC_0_ConvConfig0
                0x00004558        0xb ./board/peripherals_ADC_0.o
                0x00004558                ADC_0_ConvConfig0
 *fill*         0x00004563        0x1 
 .rodata.pdb_1_adcTrigConfig0
                0x00004564        0x8 ./board/peripherals_pdb_1.o
                0x00004564                pdb_1_adcTrigConfig0
 .rodata.pdb_1_timerConfig0
                0x0000456c        0x9 ./board/peripherals_pdb_1.o
                0x0000456c                pdb_1_timerConfig0
 *fill*         0x00004575        0x3 
 .rodata.ADC_Tasks_INIT.str1.4
                0x00004578       0x18 ./src/ADC_Task.o
                                 0x17 (size before relaxing)
 *(.init)
 .init          0x00004590        0x4 c:/nxp/s32ds.3.3/s32ds/build_tools/gcc_v6.3/gcc-6.3-arm32-eabi/bin/../lib/gcc/arm-none-eabi/6.3.1/thumb/v7e-m/fpv4-sp/hard/crti.o
                0x00004590                _init
 *(.fini)
 .fini          0x00004594        0x4 c:/nxp/s32ds.3.3/s32ds/build_tools/gcc_v6.3/gcc-6.3-arm32-eabi/bin/../lib/gcc/arm-none-eabi/6.3.1/thumb/v7e-m/fpv4-sp/hard/crti.o
                0x00004594                _fini
 *(.eh_frame)
                0x00004598                . = ALIGN (0x4)

.glue_7         0x00004598        0x0
 .glue_7        0x00004598        0x0 linker stubs

.glue_7t        0x00004598        0x0
 .glue_7t       0x00004598        0x0 linker stubs

.vfp11_veneer   0x00004598        0x0
 .vfp11_veneer  0x00004598        0x0 linker stubs

.v4_bx          0x00004598        0x0
 .v4_bx         0x00004598        0x0 linker stubs

.iplt           0x00004598        0x0
 .iplt          0x00004598        0x0 c:/nxp/s32ds.3.3/s32ds/build_tools/gcc_v6.3/gcc-6.3-arm32-eabi/bin/../lib/gcc/arm-none-eabi/6.3.1/thumb/v7e-m/fpv4-sp/hard/crtbegin.o

.rel.dyn        0x00004598        0x0
 .rel.iplt      0x00004598        0x0 c:/nxp/s32ds.3.3/s32ds/build_tools/gcc_v6.3/gcc-6.3-arm32-eabi/bin/../lib/gcc/arm-none-eabi/6.3.1/thumb/v7e-m/fpv4-sp/hard/crtbegin.o

.ARM            0x00004598        0x0
                0x00004598                __exidx_start = .
 *(.ARM.exidx*)
                0x00004598                __exidx_end = .
                0x00004598                __etext = .
                0x00004598                __DATA_ROM = .

.interrupts_ram
                0x1fff8000      0x400
                0x1fff8000                . = ALIGN (0x4)
                0x1fff8000                __VECTOR_RAM__ = .
                0x1fff8000                __RAM_START = .
                0x1fff8000                __interrupts_ram_start__ = .
 *(.m_interrupts_ram)
                0x1fff8400                . = (. + M_VECTOR_RAM_SIZE)
 *fill*         0x1fff8000      0x400 
                0x1fff8400                . = ALIGN (0x4)
                0x1fff8400                __interrupts_ram_end__ = .
                0x1fff8000                __VECTOR_RAM = DEFINED (__flash_vector_table__)?ORIGIN (m_interrupts):__VECTOR_RAM__
                0x00000400                __RAM_VECTOR_TABLE_SIZE = DEFINED (__flash_vector_table__)?0x0:(__interrupts_ram_end__ - __interrupts_ram_start__)

.data           0x1fff8400      0x280 load address 0x00004598
                0x1fff8400                . = ALIGN (0x4)
                0x1fff8400                __DATA_RAM = .
                0x1fff8400                __data_start__ = .
 *(.data)
 *(.data*)
 .data.peripheralClockConfig.7378
                0x1fff8400       0xa0 ./SDK/platform/drivers/src/clock/S32K1xx/clock_S32K1xx.o
 .data.uxCriticalNesting
                0x1fff84a0        0x4 ./SDK/rtos/FreeRTOS/Source/portable/GCC/ARM_CM4F/port.o
 .data.clockMan1_InitConfig0
                0x1fff84a4       0x88 ./board/clock_config.o
                0x1fff84a4                clockMan1_InitConfig0
 .data.g_clockManConfigsArr
                0x1fff852c        0x4 ./board/clock_config.o
                0x1fff852c                g_clockManConfigsArr
 .data.peripheralClockConfig0
                0x1fff8530       0xa0 ./board/clock_config.o
                0x1fff8530                peripheralClockConfig0
 .data.ADC_0_ChnConfig0
                0x1fff85d0        0x4 ./board/peripherals_ADC_0.o
                0x1fff85d0                ADC_0_ChnConfig0
 .data.g_pin_mux_InitConfigArr0
                0x1fff85d4       0xa8 ./board/pin_mux.o
                0x1fff85d4                g_pin_mux_InitConfigArr0
 .data.TogglePins
                0x1fff867c        0x4 ./src/ADC_Task.o
                0x1fff867c                TogglePins
                0x1fff8680                . = ALIGN (0x4)
                0x1fff8680                __data_end__ = .
                0x00004818                __DATA_END = (__DATA_ROM + (__data_end__ - __data_start__))
                0x00004818                __CODE_ROM = __DATA_END

.igot.plt       0x1fff8680        0x0 load address 0x00004818
 .igot.plt      0x1fff8680        0x0 c:/nxp/s32ds.3.3/s32ds/build_tools/gcc_v6.3/gcc-6.3-arm32-eabi/bin/../lib/gcc/arm-none-eabi/6.3.1/thumb/v7e-m/fpv4-sp/hard/crtbegin.o

.code           0x1fff8680        0x0 load address 0x00004818
                0x1fff8680                . = ALIGN (0x4)
                0x1fff8680                __CODE_RAM = .
                0x1fff8680                __code_start__ = .
                0x1fff8680                __code_ram_start__ = .
 *(.code_ram)
                0x1fff8680                . = ALIGN (0x4)
                0x1fff8680                __code_end__ = .
                0x1fff8680                __code_ram_end__ = .
                0x00004818                __CODE_END = (__CODE_ROM + (__code_end__ - __code_start__))
                0x00004818                __CUSTOM_ROM = __CODE_END

.customSectionBlock
                0x20000000        0x0 load address 0x00004818
                0x20000000                __customSection_start__ = .
 *(.customSection)
                0x20000000                __customSection_end__ = .
                0x00004818                __CUSTOM_END = (__CUSTOM_ROM + (__customSection_end__ - __customSection_start__))
                0x00004818                __rom_end = __CUSTOM_END

.bss            0x20000000     0x21c8
                0x20000000                . = ALIGN (0x4)
                0x20000000                __BSS_START = .
                0x20000000                __bss_start__ = .
 *(.bss)
 *(.bss*)
 .bss.g_clockState
                0x20000000       0x10 ./SDK/platform/drivers/src/clock/S32K1xx/clock_S32K1xx.o
 .bss.s_virtEdmaState
                0x20000010        0x4 ./SDK/platform/drivers/src/edma/edma_driver.o
 .bss.g_interruptDisableCount
                0x20000014        0x4 ./SDK/platform/drivers/src/interrupt/interrupt_manager.o
 .bss.pxCurrentTCB
                0x20000018        0x4 ./SDK/rtos/FreeRTOS/Source/tasks.o
                0x20000018                pxCurrentTCB
 .bss.pxDelayedTaskList
                0x2000001c        0x4 ./SDK/rtos/FreeRTOS/Source/tasks.o
 .bss.pxOverflowDelayedTaskList
                0x20000020        0x4 ./SDK/rtos/FreeRTOS/Source/tasks.o
 .bss.pxReadyTasksLists
                0x20000024       0x64 ./SDK/rtos/FreeRTOS/Source/tasks.o
 .bss.uxCurrentNumberOfTasks
                0x20000088        0x4 ./SDK/rtos/FreeRTOS/Source/tasks.o
 .bss.uxDeletedTasksWaitingCleanUp
                0x2000008c        0x4 ./SDK/rtos/FreeRTOS/Source/tasks.o
 .bss.uxPendedTicks
                0x20000090        0x4 ./SDK/rtos/FreeRTOS/Source/tasks.o
 .bss.uxSchedulerSuspended
                0x20000094        0x4 ./SDK/rtos/FreeRTOS/Source/tasks.o
 .bss.uxTaskNumber
                0x20000098        0x4 ./SDK/rtos/FreeRTOS/Source/tasks.o
 .bss.uxTopReadyPriority
                0x2000009c        0x4 ./SDK/rtos/FreeRTOS/Source/tasks.o
 .bss.xDelayedTaskList1
                0x200000a0       0x14 ./SDK/rtos/FreeRTOS/Source/tasks.o
 .bss.xDelayedTaskList2
                0x200000b4       0x14 ./SDK/rtos/FreeRTOS/Source/tasks.o
 .bss.xIdleTaskHandle
                0x200000c8        0x4 ./SDK/rtos/FreeRTOS/Source/tasks.o
 .bss.xNextTaskUnblockTime
                0x200000cc        0x4 ./SDK/rtos/FreeRTOS/Source/tasks.o
 .bss.xNumOfOverflows
                0x200000d0        0x4 ./SDK/rtos/FreeRTOS/Source/tasks.o
 .bss.xPendingReadyList
                0x200000d4       0x14 ./SDK/rtos/FreeRTOS/Source/tasks.o
 .bss.xSchedulerRunning
                0x200000e8        0x4 ./SDK/rtos/FreeRTOS/Source/tasks.o
 .bss.xSuspendedTaskList
                0x200000ec       0x14 ./SDK/rtos/FreeRTOS/Source/tasks.o
 .bss.xTasksWaitingTermination
                0x20000100       0x14 ./SDK/rtos/FreeRTOS/Source/tasks.o
 .bss.xTickCount
                0x20000114        0x4 ./SDK/rtos/FreeRTOS/Source/tasks.o
 .bss.xYieldPending
                0x20000118        0x4 ./SDK/rtos/FreeRTOS/Source/tasks.o
 .bss.pxCurrentTimerList
                0x2000011c        0x4 ./SDK/rtos/FreeRTOS/Source/timers.o
 .bss.pxOverflowTimerList
                0x20000120        0x4 ./SDK/rtos/FreeRTOS/Source/timers.o
 .bss.xActiveTimerList1
                0x20000124       0x14 ./SDK/rtos/FreeRTOS/Source/timers.o
 .bss.xActiveTimerList2
                0x20000138       0x14 ./SDK/rtos/FreeRTOS/Source/timers.o
 .bss.xLastTime.6408
                0x2000014c        0x4 ./SDK/rtos/FreeRTOS/Source/timers.o
 .bss.xTimerQueue
                0x20000150        0x4 ./SDK/rtos/FreeRTOS/Source/timers.o
 .bss.xTimerTaskHandle
                0x20000154        0x4 ./SDK/rtos/FreeRTOS/Source/timers.o
 .bss.ucMaxSysCallPriority
                0x20000158        0x1 ./SDK/rtos/FreeRTOS/Source/portable/GCC/ARM_CM4F/port.o
 *fill*         0x20000159        0x3 
 .bss.ulMaxPRIGROUPValue
                0x2000015c        0x4 ./SDK/rtos/FreeRTOS/Source/portable/GCC/ARM_CM4F/port.o
 .bss.pucAlignedHeap.6098
                0x20000160        0x4 ./SDK/rtos/FreeRTOS/Source/portable/MemMang/heap_1.o
 .bss.ucHeap    0x20000164     0x2000 ./SDK/rtos/FreeRTOS/Source/portable/MemMang/heap_1.o
 .bss.xNextFreeByte
                0x20002164        0x4 ./SDK/rtos/FreeRTOS/Source/portable/MemMang/heap_1.o
 .bss.g_clockManCallbacksArr
                0x20002168        0x4 ./board/clock_config.o
                0x20002168                g_clockManCallbacksArr
 *(COMMON)
 COMMON         0x2000216c       0x14 ./SDK/platform/drivers/src/clock/S32K1xx/clock_S32K1xx.o
                0x2000216c                g_xtal0ClkFreq
                0x20002170                g_RtcClkInFreq
                0x20002174                g_TClkFreq
 COMMON         0x20002180       0x40 ./SDK/rtos/FreeRTOS/Source/queue.o
                0x20002180                xQueueRegistry
 COMMON         0x200021c0        0x8 ./src/ADC_Task.o
                0x200021c0                adc_threshold_exceeded
                0x200021c4                adcConvDone
                0x200021c6                adcRawValue
                0x200021c8                . = ALIGN (0x4)
                0x200021c8                __bss_end__ = .
                0x200021c8                __BSS_END = .

.heap           0x200021c8      0x400
                0x200021c8                . = ALIGN (0x8)
                0x200021c8                __end__ = .
                0x200021c8                __heap_start__ = .
                [!provide]                PROVIDE (end, .)
                [!provide]                PROVIDE (_end, .)
                [!provide]                PROVIDE (__end, .)
                0x200021c8                __HeapBase = .
                0x200025c8                . = (. + HEAP_SIZE)
 *fill*         0x200021c8      0x400 
                0x200025c8                __HeapLimit = .
                0x200025c8                __heap_limit = .
                0x200025c8                __heap_end__ = .
                0x20007000                __StackTop = (ORIGIN (m_data_2) + LENGTH (m_data_2))
                0x20006c00                __StackLimit = (__StackTop - STACK_SIZE)
                0x20007000                PROVIDE (__stack, __StackTop)
                0x20007000                __RAM_END = __StackTop

.stack          0x20006c00      0x400
                0x20006c00                . = ALIGN (0x8)
                0x20006c00                __stack_start__ = .
                0x20007000                . = (. + STACK_SIZE)
 *fill*         0x20006c00      0x400 
                0x20007000                __stack_end__ = .

.ARM.attributes
                0x00000000       0x30
 *(.ARM.attributes)
 .ARM.attributes
                0x00000000       0x22 c:/nxp/s32ds.3.3/s32ds/build_tools/gcc_v6.3/gcc-6.3-arm32-eabi/bin/../lib/gcc/arm-none-eabi/6.3.1/thumb/v7e-m/fpv4-sp/hard/crti.o
 .ARM.attributes
                0x00000022       0x1f ./Project_Settings/Startup_Code/startup_S32K144.o
 .ARM.attributes
                0x00000041       0x39 ./SDK/platform/devices/S32K144/startup/system_S32K144.o
 .ARM.attributes
                0x0000007a       0x39 ./SDK/platform/devices/startup.o
 .ARM.attributes
                0x000000b3       0x39 ./SDK/platform/drivers/src/adc/adc_driver.o
 .ARM.attributes
                0x000000ec       0x39 ./SDK/platform/drivers/src/clock/S32K1xx/clock_S32K1xx.o
 .ARM.attributes
                0x00000125       0x39 ./SDK/platform/drivers/src/edma/edma_driver.o
 .ARM.attributes
                0x0000015e       0x39 ./SDK/platform/drivers/src/edma/edma_hw_access.o
 .ARM.attributes
                0x00000197       0x39 ./SDK/platform/drivers/src/edma/edma_irq.o
 .ARM.attributes
                0x000001d0       0x39 ./SDK/platform/drivers/src/interrupt/interrupt_manager.o
 .ARM.attributes
                0x00000209       0x39 ./SDK/platform/drivers/src/pdb/pdb_driver.o
 .ARM.attributes
                0x00000242       0x39 ./SDK/platform/drivers/src/pdb/pdb_hw_access.o
 .ARM.attributes
                0x0000027b       0x39 ./SDK/platform/drivers/src/pins/pins_driver.o
 .ARM.attributes
                0x000002b4       0x39 ./SDK/platform/drivers/src/pins/pins_port_hw_access.o
 .ARM.attributes
                0x000002ed       0x39 ./SDK/rtos/FreeRTOS/Source/list.o
 .ARM.attributes
                0x00000326       0x39 ./SDK/rtos/FreeRTOS/Source/queue.o
 .ARM.attributes
                0x0000035f       0x39 ./SDK/rtos/FreeRTOS/Source/tasks.o
 .ARM.attributes
                0x00000398       0x39 ./SDK/rtos/FreeRTOS/Source/timers.o
 .ARM.attributes
                0x000003d1       0x39 ./SDK/rtos/FreeRTOS/Source/portable/GCC/ARM_CM4F/port.o
 .ARM.attributes
                0x0000040a       0x39 ./SDK/rtos/FreeRTOS/Source/portable/MemMang/heap_1.o
 .ARM.attributes
                0x00000443       0x39 ./board/clock_config.o
 .ARM.attributes
                0x0000047c       0x39 ./board/peripherals_ADC_0.o
 .ARM.attributes
                0x000004b5       0x39 ./board/peripherals_pdb_1.o
 .ARM.attributes
                0x000004ee       0x39 ./board/pin_mux.o
 .ARM.attributes
                0x00000527       0x39 ./src/ADC_Task.o
 .ARM.attributes
                0x00000560       0x39 ./src/helper_functions.o
 .ARM.attributes
                0x00000599       0x39 ./src/main.o
 .ARM.attributes
                0x000005d2       0x39 ./src/rtos.o
 .ARM.attributes
                0x0000060b       0x34 C:/NXP/S32DS.3.3/S32DS/build_tools/gcc_b1620/gcc-6.3-arm32-eabi/arm-none-eabi/newlib/lib/thumb/v7e-m/fpv4-sp/hard\libc_nano.a(lib_a-memcpy-stub.o)
 .ARM.attributes
                0x0000063f       0x34 C:/NXP/S32DS.3.3/S32DS/build_tools/gcc_b1620/gcc-6.3-arm32-eabi/arm-none-eabi/newlib/lib/thumb/v7e-m/fpv4-sp/hard\libc_nano.a(lib_a-memset.o)
                0x00000001                ASSERT ((__rom_end <= (ORIGIN (m_text) + LENGTH (m_text))), Region m_text overflowed!)
                0x00000001                ASSERT ((__StackLimit >= __HeapLimit), region m_data_2 overflowed with stack and heap)
OUTPUT(O_S.elf elf32-littlearm)

.debug_line     0x00000000     0xc2a6
 .debug_line    0x00000000       0xcc ./Project_Settings/Startup_Code/startup_S32K144.o
 .debug_line    0x000000cc      0x423 ./SDK/platform/devices/S32K144/startup/system_S32K144.o
 .debug_line    0x000004ef      0x3b1 ./SDK/platform/devices/startup.o
 .debug_line    0x000008a0      0xb77 ./SDK/platform/drivers/src/adc/adc_driver.o
 .debug_line    0x00001417     0x1507 ./SDK/platform/drivers/src/clock/S32K1xx/clock_S32K1xx.o
 .debug_line    0x0000291e     0x10cd ./SDK/platform/drivers/src/edma/edma_driver.o
 .debug_line    0x000039eb      0x5b4 ./SDK/platform/drivers/src/edma/edma_hw_access.o
 .debug_line    0x00003f9f      0x51b ./SDK/platform/drivers/src/edma/edma_irq.o
 .debug_line    0x000044ba      0x5aa ./SDK/platform/drivers/src/interrupt/interrupt_manager.o
 .debug_line    0x00004a64      0x87e ./SDK/platform/drivers/src/pdb/pdb_driver.o
 .debug_line    0x000052e2      0x66a ./SDK/platform/drivers/src/pdb/pdb_hw_access.o
 .debug_line    0x0000594c      0x6f1 ./SDK/platform/drivers/src/pins/pins_driver.o
 .debug_line    0x0000603d      0x5b0 ./SDK/platform/drivers/src/pins/pins_port_hw_access.o
 .debug_line    0x000065ed      0x4d7 ./SDK/rtos/FreeRTOS/Source/list.o
 .debug_line    0x00006ac4      0xafc ./SDK/rtos/FreeRTOS/Source/queue.o
 .debug_line    0x000075c0      0xee7 ./SDK/rtos/FreeRTOS/Source/tasks.o
 .debug_line    0x000084a7      0x72c ./SDK/rtos/FreeRTOS/Source/timers.o
 .debug_line    0x00008bd3      0x527 ./SDK/rtos/FreeRTOS/Source/portable/GCC/ARM_CM4F/port.o
 .debug_line    0x000090fa      0x4d8 ./SDK/rtos/FreeRTOS/Source/portable/MemMang/heap_1.o
 .debug_line    0x000095d2      0x451 ./board/clock_config.o
 .debug_line    0x00009a23      0x3b3 ./board/peripherals_ADC_0.o
 .debug_line    0x00009dd6      0x49a ./board/peripherals_pdb_1.o
 .debug_line    0x0000a270      0x3ea ./board/pin_mux.o
 .debug_line    0x0000a65a      0x877 ./src/ADC_Task.o
 .debug_line    0x0000aed1      0x548 ./src/helper_functions.o
 .debug_line    0x0000b419      0x6c8 ./src/main.o
 .debug_line    0x0000bae1      0x7c5 ./src/rtos.o

.debug_info     0x00000000    0x27016
 .debug_info    0x00000000       0x26 ./Project_Settings/Startup_Code/startup_S32K144.o
 .debug_info    0x00000026      0x521 ./SDK/platform/devices/S32K144/startup/system_S32K144.o
 .debug_info    0x00000547      0x2ad ./SDK/platform/devices/startup.o
 .debug_info    0x000007f4     0x3544 ./SDK/platform/drivers/src/adc/adc_driver.o
 .debug_info    0x00003d38     0x6226 ./SDK/platform/drivers/src/clock/S32K1xx/clock_S32K1xx.o
 .debug_info    0x00009f5e     0x48a2 ./SDK/platform/drivers/src/edma/edma_driver.o
 .debug_info    0x0000e800      0xa56 ./SDK/platform/drivers/src/edma/edma_hw_access.o
 .debug_info    0x0000f256      0x6de ./SDK/platform/drivers/src/edma/edma_irq.o
 .debug_info    0x0000f934      0xc99 ./SDK/platform/drivers/src/interrupt/interrupt_manager.o
 .debug_info    0x000105cd     0x1ec5 ./SDK/platform/drivers/src/pdb/pdb_driver.o
 .debug_info    0x00012492      0x978 ./SDK/platform/drivers/src/pdb/pdb_hw_access.o
 .debug_info    0x00012e0a     0x14b7 ./SDK/platform/drivers/src/pins/pins_driver.o
 .debug_info    0x000142c1      0x9a5 ./SDK/platform/drivers/src/pins/pins_port_hw_access.o
 .debug_info    0x00014c66      0xaae ./SDK/rtos/FreeRTOS/Source/list.o
 .debug_info    0x00015714     0x2822 ./SDK/rtos/FreeRTOS/Source/queue.o
 .debug_info    0x00017f36     0x31bf ./SDK/rtos/FreeRTOS/Source/tasks.o
 .debug_info    0x0001b0f5     0x1b32 ./SDK/rtos/FreeRTOS/Source/timers.o
 .debug_info    0x0001cc27      0x560 ./SDK/rtos/FreeRTOS/Source/portable/GCC/ARM_CM4F/port.o
 .debug_info    0x0001d187      0xa19 ./SDK/rtos/FreeRTOS/Source/portable/MemMang/heap_1.o
 .debug_info    0x0001dba0     0x12b9 ./board/clock_config.o
 .debug_info    0x0001ee59      0x388 ./board/peripherals_ADC_0.o
 .debug_info    0x0001f1e1      0x48c ./board/peripherals_pdb_1.o
 .debug_info    0x0001f66d      0x409 ./board/pin_mux.o
 .debug_info    0x0001fa76     0x2ec8 ./src/ADC_Task.o
 .debug_info    0x0002293e      0x5e6 ./src/helper_functions.o
 .debug_info    0x00022f24     0x1d80 ./src/main.o
 .debug_info    0x00024ca4     0x2372 ./src/rtos.o

.debug_abbrev   0x00000000     0x3cb3
 .debug_abbrev  0x00000000       0x14 ./Project_Settings/Startup_Code/startup_S32K144.o
 .debug_abbrev  0x00000014      0x141 ./SDK/platform/devices/S32K144/startup/system_S32K144.o
 .debug_abbrev  0x00000155       0xe1 ./SDK/platform/devices/startup.o
 .debug_abbrev  0x00000236      0x3a1 ./SDK/platform/drivers/src/adc/adc_driver.o
 .debug_abbrev  0x000005d7      0x409 ./SDK/platform/drivers/src/clock/S32K1xx/clock_S32K1xx.o
 .debug_abbrev  0x000009e0      0x414 ./SDK/platform/drivers/src/edma/edma_driver.o
 .debug_abbrev  0x00000df4      0x242 ./SDK/platform/drivers/src/edma/edma_hw_access.o
 .debug_abbrev  0x00001036      0x1bb ./SDK/platform/drivers/src/edma/edma_irq.o
 .debug_abbrev  0x000011f1      0x278 ./SDK/platform/drivers/src/interrupt/interrupt_manager.o
 .debug_abbrev  0x00001469      0x397 ./SDK/platform/drivers/src/pdb/pdb_driver.o
 .debug_abbrev  0x00001800      0x270 ./SDK/platform/drivers/src/pdb/pdb_hw_access.o
 .debug_abbrev  0x00001a70      0x2f6 ./SDK/platform/drivers/src/pins/pins_driver.o
 .debug_abbrev  0x00001d66      0x232 ./SDK/platform/drivers/src/pins/pins_port_hw_access.o
 .debug_abbrev  0x00001f98      0x1da ./SDK/rtos/FreeRTOS/Source/list.o
 .debug_abbrev  0x00002172      0x390 ./SDK/rtos/FreeRTOS/Source/queue.o
 .debug_abbrev  0x00002502      0x3e5 ./SDK/rtos/FreeRTOS/Source/tasks.o
 .debug_abbrev  0x000028e7      0x387 ./SDK/rtos/FreeRTOS/Source/timers.o
 .debug_abbrev  0x00002c6e      0x22a ./SDK/rtos/FreeRTOS/Source/portable/GCC/ARM_CM4F/port.o
 .debug_abbrev  0x00002e98      0x27c ./SDK/rtos/FreeRTOS/Source/portable/MemMang/heap_1.o
 .debug_abbrev  0x00003114      0x125 ./board/clock_config.o
 .debug_abbrev  0x00003239       0xc1 ./board/peripherals_ADC_0.o
 .debug_abbrev  0x000032fa       0xb0 ./board/peripherals_pdb_1.o
 .debug_abbrev  0x000033aa       0xcd ./board/pin_mux.o
 .debug_abbrev  0x00003477      0x32d ./src/ADC_Task.o
 .debug_abbrev  0x000037a4      0x159 ./src/helper_functions.o
 .debug_abbrev  0x000038fd      0x157 ./src/main.o
 .debug_abbrev  0x00003a54      0x25f ./src/rtos.o

.debug_aranges  0x00000000      0xd20
 .debug_aranges
                0x00000000       0x20 ./Project_Settings/Startup_Code/startup_S32K144.o
 .debug_aranges
                0x00000020       0x30 ./SDK/platform/devices/S32K144/startup/system_S32K144.o
 .debug_aranges
                0x00000050       0x20 ./SDK/platform/devices/startup.o
 .debug_aranges
                0x00000070       0xe8 ./SDK/platform/drivers/src/adc/adc_driver.o
 .debug_aranges
                0x00000158      0x128 ./SDK/platform/drivers/src/clock/S32K1xx/clock_S32K1xx.o
 .debug_aranges
                0x00000280      0x140 ./SDK/platform/drivers/src/edma/edma_driver.o
 .debug_aranges
                0x000003c0       0x88 ./SDK/platform/drivers/src/edma/edma_hw_access.o
 .debug_aranges
                0x00000448       0xa0 ./SDK/platform/drivers/src/edma/edma_irq.o
 .debug_aranges
                0x000004e8       0x70 ./SDK/platform/drivers/src/interrupt/interrupt_manager.o
 .debug_aranges
                0x00000558       0xc0 ./SDK/platform/drivers/src/pdb/pdb_driver.o
 .debug_aranges
                0x00000618       0x58 ./SDK/platform/drivers/src/pdb/pdb_hw_access.o
 .debug_aranges
                0x00000670       0xe0 ./SDK/platform/drivers/src/pins/pins_driver.o
 .debug_aranges
                0x00000750       0x40 ./SDK/platform/drivers/src/pins/pins_port_hw_access.o
 .debug_aranges
                0x00000790       0x40 ./SDK/rtos/FreeRTOS/Source/list.o
 .debug_aranges
                0x000007d0      0x108 ./SDK/rtos/FreeRTOS/Source/queue.o
 .debug_aranges
                0x000008d8      0x1b0 ./SDK/rtos/FreeRTOS/Source/tasks.o
 .debug_aranges
                0x00000a88       0xa0 ./SDK/rtos/FreeRTOS/Source/timers.o
 .debug_aranges
                0x00000b28       0x80 ./SDK/rtos/FreeRTOS/Source/portable/GCC/ARM_CM4F/port.o
 .debug_aranges
                0x00000ba8       0x38 ./SDK/rtos/FreeRTOS/Source/portable/MemMang/heap_1.o
 .debug_aranges
                0x00000be0       0x18 ./board/clock_config.o
 .debug_aranges
                0x00000bf8       0x18 ./board/peripherals_ADC_0.o
 .debug_aranges
                0x00000c10       0x18 ./board/peripherals_pdb_1.o
 .debug_aranges
                0x00000c28       0x18 ./board/pin_mux.o
 .debug_aranges
                0x00000c40       0x40 ./src/ADC_Task.o
 .debug_aranges
                0x00000c80       0x28 ./src/helper_functions.o
 .debug_aranges
                0x00000ca8       0x20 ./src/main.o
 .debug_aranges
                0x00000cc8       0x58 ./src/rtos.o

.debug_str      0x00000000    0x7d016
 .debug_str     0x00000000       0xb3 ./Project_Settings/Startup_Code/startup_S32K144.o
 .debug_str     0x000000b3    0x68837 ./SDK/platform/devices/S32K144/startup/system_S32K144.o
                              0x689c8 (size before relaxing)
 .debug_str     0x000688ea      0x399 ./SDK/platform/devices/startup.o
                              0x68b3a (size before relaxing)
 .debug_str     0x00068c83     0x2513 ./SDK/platform/drivers/src/adc/adc_driver.o
                              0x6afbe (size before relaxing)
 .debug_str     0x0006b196     0x31c9 ./SDK/platform/drivers/src/clock/S32K1xx/clock_S32K1xx.o
                              0x6cc4e (size before relaxing)
 .debug_str     0x0006e35f     0x194b ./SDK/platform/drivers/src/edma/edma_driver.o
                              0x6b90d (size before relaxing)
 .debug_str     0x0006fcaa       0x46 ./SDK/platform/drivers/src/edma/edma_hw_access.o
                              0x6909e (size before relaxing)
 .debug_str     0x0006fcf0      0x162 ./SDK/platform/drivers/src/edma/edma_irq.o
                              0x68da9 (size before relaxing)
 .debug_str     0x0006fe52      0x1ba ./SDK/platform/drivers/src/interrupt/interrupt_manager.o
                              0x692c3 (size before relaxing)
 .debug_str     0x0007000c      0x8b4 ./SDK/platform/drivers/src/pdb/pdb_driver.o
                              0x6a83e (size before relaxing)
 .debug_str     0x000708c0       0x35 ./SDK/platform/drivers/src/pdb/pdb_hw_access.o
                              0x690f6 (size before relaxing)
 .debug_str     0x000708f5      0x9dc ./SDK/platform/drivers/src/pins/pins_driver.o
                              0x69c96 (size before relaxing)
 .debug_str     0x000712d1      0x1c4 ./SDK/platform/drivers/src/pins/pins_port_hw_access.o
                              0x6917e (size before relaxing)
 .debug_str     0x00071495     0x69ea ./SDK/rtos/FreeRTOS/Source/list.o
                               0xa27b (size before relaxing)
 .debug_str     0x00077e7f     0x1861 ./SDK/rtos/FreeRTOS/Source/queue.o
                               0xbad0 (size before relaxing)
 .debug_str     0x000796e0     0x22de ./SDK/rtos/FreeRTOS/Source/tasks.o
                               0xcf3c (size before relaxing)
 .debug_str     0x0007b9be      0x5af ./SDK/rtos/FreeRTOS/Source/timers.o
                               0xbf4c (size before relaxing)
 .debug_str     0x0007bf6d      0x7ab ./SDK/rtos/FreeRTOS/Source/portable/GCC/ARM_CM4F/port.o
                               0x7ed8 (size before relaxing)
 .debug_str     0x0007c718      0x12d ./SDK/rtos/FreeRTOS/Source/portable/MemMang/heap_1.o
                               0xa94d (size before relaxing)
 .debug_str     0x0007c845       0xda ./board/clock_config.o
                              0x6aa69 (size before relaxing)
 .debug_str     0x0007c91f       0x59 ./board/peripherals_ADC_0.o
                              0x68cf7 (size before relaxing)
 .debug_str     0x0007c978       0x5c ./board/peripherals_pdb_1.o
                              0x69080 (size before relaxing)
 .debug_str     0x0007c9d4       0xda ./board/pin_mux.o
                              0x68ebd (size before relaxing)
 .debug_str     0x0007caae      0x410 ./src/ADC_Task.o
                              0x747b3 (size before relaxing)
 .debug_str     0x0007cebe       0xa7 ./src/helper_functions.o
                              0x69170 (size before relaxing)
 .debug_str     0x0007cf65       0x1e ./src/main.o
                              0x6eed3 (size before relaxing)
 .debug_str     0x0007cf83       0x93 ./src/rtos.o
                              0x7162c (size before relaxing)

.debug_loc      0x00000000    0x11401
 .debug_loc     0x00000000       0xeb ./SDK/platform/devices/S32K144/startup/system_S32K144.o
 .debug_loc     0x000000eb       0xec ./SDK/platform/devices/startup.o
 .debug_loc     0x000001d7     0x1a7f ./SDK/platform/drivers/src/adc/adc_driver.o
 .debug_loc     0x00001c56     0x4dac ./SDK/platform/drivers/src/clock/S32K1xx/clock_S32K1xx.o
 .debug_loc     0x00006a02     0x336f ./SDK/platform/drivers/src/edma/edma_driver.o
 .debug_loc     0x00009d71      0x7b9 ./SDK/platform/drivers/src/edma/edma_hw_access.o
 .debug_loc     0x0000a52a       0x50 ./SDK/platform/drivers/src/edma/edma_irq.o
 .debug_loc     0x0000a57a      0x678 ./SDK/platform/drivers/src/interrupt/interrupt_manager.o
 .debug_loc     0x0000abf2      0xe14 ./SDK/platform/drivers/src/pdb/pdb_driver.o
 .debug_loc     0x0000ba06      0x754 ./SDK/platform/drivers/src/pdb/pdb_hw_access.o
 .debug_loc     0x0000c15a      0x7c7 ./SDK/platform/drivers/src/pins/pins_driver.o
 .debug_loc     0x0000c921      0x639 ./SDK/platform/drivers/src/pins/pins_port_hw_access.o
 .debug_loc     0x0000cf5a       0x65 ./SDK/rtos/FreeRTOS/Source/list.o
 .debug_loc     0x0000cfbf     0x1465 ./SDK/rtos/FreeRTOS/Source/queue.o
 .debug_loc     0x0000e424     0x1e57 ./SDK/rtos/FreeRTOS/Source/tasks.o
 .debug_loc     0x0001027b      0xb6e ./SDK/rtos/FreeRTOS/Source/timers.o
 .debug_loc     0x00010de9       0xdc ./SDK/rtos/FreeRTOS/Source/portable/GCC/ARM_CM4F/port.o
 .debug_loc     0x00010ec5       0xe6 ./SDK/rtos/FreeRTOS/Source/portable/MemMang/heap_1.o
 .debug_loc     0x00010fab      0x1b9 ./src/ADC_Task.o
 .debug_loc     0x00011164      0x29d ./src/helper_functions.o

.debug_ranges   0x00000000     0x12d0
 .debug_ranges  0x00000000       0x20 ./SDK/platform/devices/S32K144/startup/system_S32K144.o
 .debug_ranges  0x00000020       0x10 ./SDK/platform/devices/startup.o
 .debug_ranges  0x00000030      0x180 ./SDK/platform/drivers/src/adc/adc_driver.o
 .debug_ranges  0x000001b0      0x3c8 ./SDK/platform/drivers/src/clock/S32K1xx/clock_S32K1xx.o
 .debug_ranges  0x00000578      0x190 ./SDK/platform/drivers/src/edma/edma_driver.o
 .debug_ranges  0x00000708       0x90 ./SDK/platform/drivers/src/edma/edma_hw_access.o
 .debug_ranges  0x00000798       0x90 ./SDK/platform/drivers/src/edma/edma_irq.o
 .debug_ranges  0x00000828       0x98 ./SDK/platform/drivers/src/interrupt/interrupt_manager.o
 .debug_ranges  0x000008c0       0xc8 ./SDK/platform/drivers/src/pdb/pdb_driver.o
 .debug_ranges  0x00000988       0xb0 ./SDK/platform/drivers/src/pdb/pdb_hw_access.o
 .debug_ranges  0x00000a38       0xd0 ./SDK/platform/drivers/src/pins/pins_driver.o
 .debug_ranges  0x00000b08       0x48 ./SDK/platform/drivers/src/pins/pins_port_hw_access.o
 .debug_ranges  0x00000b50       0x30 ./SDK/rtos/FreeRTOS/Source/list.o
 .debug_ranges  0x00000b80      0x260 ./SDK/rtos/FreeRTOS/Source/queue.o
 .debug_ranges  0x00000de0      0x298 ./SDK/rtos/FreeRTOS/Source/tasks.o
 .debug_ranges  0x00001078      0x108 ./SDK/rtos/FreeRTOS/Source/timers.o
 .debug_ranges  0x00001180       0x70 ./SDK/rtos/FreeRTOS/Source/portable/GCC/ARM_CM4F/port.o
 .debug_ranges  0x000011f0       0x28 ./SDK/rtos/FreeRTOS/Source/portable/MemMang/heap_1.o
 .debug_ranges  0x00001218       0x48 ./src/ADC_Task.o
 .debug_ranges  0x00001260       0x18 ./src/helper_functions.o
 .debug_ranges  0x00001278       0x10 ./src/main.o
 .debug_ranges  0x00001288       0x48 ./src/rtos.o

.debug_macro    0x00000000    0x21ca5
 .debug_macro   0x00000000       0xb6 ./SDK/platform/devices/S32K144/startup/system_S32K144.o
 .debug_macro   0x000000b6      0x8da ./SDK/platform/devices/S32K144/startup/system_S32K144.o
 .debug_macro   0x00000990       0x10 ./SDK/platform/devices/S32K144/startup/system_S32K144.o
 .debug_macro   0x000009a0       0x79 ./SDK/platform/devices/S32K144/startup/system_S32K144.o
 .debug_macro   0x00000a19       0x19 ./SDK/platform/devices/S32K144/startup/system_S32K144.o
 .debug_macro   0x00000a32       0x22 ./SDK/platform/devices/S32K144/startup/system_S32K144.o
 .debug_macro   0x00000a54       0x4f ./SDK/platform/devices/S32K144/startup/system_S32K144.o
 .debug_macro   0x00000aa3       0x51 ./SDK/platform/devices/S32K144/startup/system_S32K144.o
 .debug_macro   0x00000af4       0xef ./SDK/platform/devices/S32K144/startup/system_S32K144.o
 .debug_macro   0x00000be3       0x6a ./SDK/platform/devices/S32K144/startup/system_S32K144.o
 .debug_macro   0x00000c4d      0x1df ./SDK/platform/devices/S32K144/startup/system_S32K144.o
 .debug_macro   0x00000e2c     0xed1d ./SDK/platform/devices/S32K144/startup/system_S32K144.o
 .debug_macro   0x0000fb49      0xbbd ./SDK/platform/devices/S32K144/startup/system_S32K144.o
 .debug_macro   0x00010706       0x22 ./SDK/platform/devices/S32K144/startup/system_S32K144.o
 .debug_macro   0x00010728       0x28 ./SDK/platform/devices/S32K144/startup/system_S32K144.o
 .debug_macro   0x00010750       0xb6 ./SDK/platform/devices/startup.o
 .debug_macro   0x00010806     0xed32 ./SDK/platform/devices/startup.o
 .debug_macro   0x0001f538       0x40 ./SDK/platform/devices/startup.o
 .debug_macro   0x0001f578       0xea ./SDK/platform/drivers/src/adc/adc_driver.o
 .debug_macro   0x0001f662      0x16d ./SDK/platform/drivers/src/adc/adc_driver.o
 .debug_macro   0x0001f7cf       0x10 ./SDK/platform/drivers/src/adc/adc_driver.o
 .debug_macro   0x0001f7df       0x8a ./SDK/platform/drivers/src/adc/adc_driver.o
 .debug_macro   0x0001f869      0x2b0 ./SDK/platform/drivers/src/clock/S32K1xx/clock_S32K1xx.o
 .debug_macro   0x0001fb19       0x16 ./SDK/platform/drivers/src/clock/S32K1xx/clock_S32K1xx.o
 .debug_macro   0x0001fb2f       0xf7 ./SDK/platform/drivers/src/edma/edma_driver.o
 .debug_macro   0x0001fc26       0x16 ./SDK/platform/drivers/src/edma/edma_driver.o
 .debug_macro   0x0001fc3c       0xcc ./SDK/platform/drivers/src/edma/edma_hw_access.o
 .debug_macro   0x0001fd08       0xd0 ./SDK/platform/drivers/src/edma/edma_irq.o
 .debug_macro   0x0001fdd8       0xca ./SDK/platform/drivers/src/interrupt/interrupt_manager.o
 .debug_macro   0x0001fea2       0xee ./SDK/platform/drivers/src/pdb/pdb_driver.o
 .debug_macro   0x0001ff90       0xe4 ./SDK/platform/drivers/src/pdb/pdb_hw_access.o
 .debug_macro   0x00020074       0xde ./SDK/platform/drivers/src/pins/pins_driver.o
 .debug_macro   0x00020152       0xde ./SDK/platform/drivers/src/pins/pins_port_hw_access.o
 .debug_macro   0x00020230      0x172 ./SDK/rtos/FreeRTOS/Source/list.o
 .debug_macro   0x000203a2      0x1e8 ./SDK/rtos/FreeRTOS/Source/queue.o
 .debug_macro   0x0002058a       0x16 ./SDK/rtos/FreeRTOS/Source/queue.o
 .debug_macro   0x000205a0       0x35 ./SDK/rtos/FreeRTOS/Source/queue.o
 .debug_macro   0x000205d5       0x80 ./SDK/rtos/FreeRTOS/Source/queue.o
 .debug_macro   0x00020655      0x2a9 ./SDK/rtos/FreeRTOS/Source/tasks.o
 .debug_macro   0x000208fe       0x10 ./SDK/rtos/FreeRTOS/Source/tasks.o
 .debug_macro   0x0002090e       0x1c ./SDK/rtos/FreeRTOS/Source/tasks.o
 .debug_macro   0x0002092a       0x10 ./SDK/rtos/FreeRTOS/Source/tasks.o
 .debug_macro   0x0002093a       0x10 ./SDK/rtos/FreeRTOS/Source/tasks.o
 .debug_macro   0x0002094a       0xb6 ./SDK/rtos/FreeRTOS/Source/tasks.o
 .debug_macro   0x00020a00       0x16 ./SDK/rtos/FreeRTOS/Source/tasks.o
 .debug_macro   0x00020a16      0x130 ./SDK/rtos/FreeRTOS/Source/tasks.o
 .debug_macro   0x00020b46      0x1c7 ./SDK/rtos/FreeRTOS/Source/timers.o
 .debug_macro   0x00020d0d       0x97 ./SDK/rtos/FreeRTOS/Source/timers.o
 .debug_macro   0x00020da4      0x196 ./SDK/rtos/FreeRTOS/Source/portable/GCC/ARM_CM4F/port.o
 .debug_macro   0x00020f3a      0x193 ./SDK/rtos/FreeRTOS/Source/portable/MemMang/heap_1.o
 .debug_macro   0x000210cd       0xd9 ./board/clock_config.o
 .debug_macro   0x000211a6       0x16 ./board/clock_config.o
 .debug_macro   0x000211bc       0xba ./board/peripherals_ADC_0.o
 .debug_macro   0x00021276       0xe1 ./board/peripherals_pdb_1.o
 .debug_macro   0x00021357       0xd9 ./board/pin_mux.o
 .debug_macro   0x00021430       0x3a ./board/pin_mux.o
 .debug_macro   0x0002146a      0x2ca ./src/ADC_Task.o
 .debug_macro   0x00021734       0x70 ./src/ADC_Task.o
 .debug_macro   0x000217a4       0x4c ./src/ADC_Task.o
 .debug_macro   0x000217f0       0xeb ./src/helper_functions.o
 .debug_macro   0x000218db      0x1bd ./src/main.o
 .debug_macro   0x00021a98      0x20d ./src/rtos.o

.comment        0x00000000       0xa0
 .comment       0x00000000       0xa0 ./SDK/platform/devices/S32K144/startup/system_S32K144.o
                                 0xa1 (size before relaxing)
 .comment       0x000000a0       0xa1 ./SDK/platform/devices/startup.o
 .comment       0x000000a0       0xa1 ./SDK/platform/drivers/src/adc/adc_driver.o
 .comment       0x000000a0       0xa1 ./SDK/platform/drivers/src/clock/S32K1xx/clock_S32K1xx.o
 .comment       0x000000a0       0xa1 ./SDK/platform/drivers/src/edma/edma_driver.o
 .comment       0x000000a0       0xa1 ./SDK/platform/drivers/src/edma/edma_hw_access.o
 .comment       0x000000a0       0xa1 ./SDK/platform/drivers/src/edma/edma_irq.o
 .comment       0x000000a0       0xa1 ./SDK/platform/drivers/src/interrupt/interrupt_manager.o
 .comment       0x000000a0       0xa1 ./SDK/platform/drivers/src/pdb/pdb_driver.o
 .comment       0x000000a0       0xa1 ./SDK/platform/drivers/src/pdb/pdb_hw_access.o
 .comment       0x000000a0       0xa1 ./SDK/platform/drivers/src/pins/pins_driver.o
 .comment       0x000000a0       0xa1 ./SDK/platform/drivers/src/pins/pins_port_hw_access.o
 .comment       0x000000a0       0xa1 ./SDK/rtos/FreeRTOS/Source/list.o
 .comment       0x000000a0       0xa1 ./SDK/rtos/FreeRTOS/Source/queue.o
 .comment       0x000000a0       0xa1 ./SDK/rtos/FreeRTOS/Source/tasks.o
 .comment       0x000000a0       0xa1 ./SDK/rtos/FreeRTOS/Source/timers.o
 .comment       0x000000a0       0xa1 ./SDK/rtos/FreeRTOS/Source/portable/GCC/ARM_CM4F/port.o
 .comment       0x000000a0       0xa1 ./SDK/rtos/FreeRTOS/Source/portable/MemMang/heap_1.o
 .comment       0x000000a0       0xa1 ./board/clock_config.o
 .comment       0x000000a0       0xa1 ./board/peripherals_ADC_0.o
 .comment       0x000000a0       0xa1 ./board/peripherals_pdb_1.o
 .comment       0x000000a0       0xa1 ./board/pin_mux.o
 .comment       0x000000a0       0xa1 ./src/ADC_Task.o
 .comment       0x000000a0       0xa1 ./src/helper_functions.o
 .comment       0x000000a0       0xa1 ./src/main.o
 .comment       0x000000a0       0xa1 ./src/rtos.o

.debug_frame    0x00000000     0x21f8
 .debug_frame   0x00000000       0x40 ./SDK/platform/devices/S32K144/startup/system_S32K144.o
 .debug_frame   0x00000040       0x2c ./SDK/platform/devices/startup.o
 .debug_frame   0x0000006c      0x258 ./SDK/platform/drivers/src/adc/adc_driver.o
 .debug_frame   0x000002c4      0x3a4 ./SDK/platform/drivers/src/clock/S32K1xx/clock_S32K1xx.o
 .debug_frame   0x00000668      0x3a0 ./SDK/platform/drivers/src/edma/edma_driver.o
 .debug_frame   0x00000a08      0x140 ./SDK/platform/drivers/src/edma/edma_hw_access.o
 .debug_frame   0x00000b48      0x1ac ./SDK/platform/drivers/src/edma/edma_irq.o
 .debug_frame   0x00000cf4       0xd8 ./SDK/platform/drivers/src/interrupt/interrupt_manager.o
 .debug_frame   0x00000dcc      0x1e0 ./SDK/platform/drivers/src/pdb/pdb_driver.o
 .debug_frame   0x00000fac      0x100 ./SDK/platform/drivers/src/pdb/pdb_hw_access.o
 .debug_frame   0x000010ac      0x1e4 ./SDK/platform/drivers/src/pins/pins_driver.o
 .debug_frame   0x00001290       0xa0 ./SDK/platform/drivers/src/pins/pins_port_hw_access.o
 .debug_frame   0x00001330       0x6c ./SDK/rtos/FreeRTOS/Source/list.o
 .debug_frame   0x0000139c      0x374 ./SDK/rtos/FreeRTOS/Source/queue.o
 .debug_frame   0x00001710      0x57c ./SDK/rtos/FreeRTOS/Source/tasks.o
 .debug_frame   0x00001c8c      0x1f0 ./SDK/rtos/FreeRTOS/Source/timers.o
 .debug_frame   0x00001e7c      0x100 ./SDK/rtos/FreeRTOS/Source/portable/GCC/ARM_CM4F/port.o
 .debug_frame   0x00001f7c       0x5c ./SDK/rtos/FreeRTOS/Source/portable/MemMang/heap_1.o
 .debug_frame   0x00001fd8       0x90 ./src/ADC_Task.o
 .debug_frame   0x00002068       0x74 ./src/helper_functions.o
 .debug_frame   0x000020dc       0x28 ./src/main.o
 .debug_frame   0x00002104       0xac ./src/rtos.o
 .debug_frame   0x000021b0       0x28 C:/NXP/S32DS.3.3/S32DS/build_tools/gcc_b1620/gcc-6.3-arm32-eabi/arm-none-eabi/newlib/lib/thumb/v7e-m/fpv4-sp/hard\libc_nano.a(lib_a-memcpy-stub.o)
 .debug_frame   0x000021d8       0x20 C:/NXP/S32DS.3.3/S32DS/build_tools/gcc_b1620/gcc-6.3-arm32-eabi/arm-none-eabi/newlib/lib/thumb/v7e-m/fpv4-sp/hard\libc_nano.a(lib_a-memset.o)
