Archive member included to satisfy reference by file (symbol)

c:/nxp/s32ds.3.4/s32ds/build_tools/gcc_v6.3/gcc-6.3-arm32-eabi/bin/../lib/gcc/arm-none-eabi/6.3.1/thumb/v7e-m/fpv4-sp/hard\libgcc.a(_aeabi_uldivmod.o)
                              ./SDK/rtos/osif/osif_freertos.o (__aeabi_uldivmod)
c:/nxp/s32ds.3.4/s32ds/build_tools/gcc_v6.3/gcc-6.3-arm32-eabi/bin/../lib/gcc/arm-none-eabi/6.3.1/thumb/v7e-m/fpv4-sp/hard\libgcc.a(_udivmoddi4.o)
                              c:/nxp/s32ds.3.4/s32ds/build_tools/gcc_v6.3/gcc-6.3-arm32-eabi/bin/../lib/gcc/arm-none-eabi/6.3.1/thumb/v7e-m/fpv4-sp/hard\libgcc.a(_aeabi_uldivmod.o) (__udivmoddi4)
c:/nxp/s32ds.3.4/s32ds/build_tools/gcc_v6.3/gcc-6.3-arm32-eabi/bin/../lib/gcc/arm-none-eabi/6.3.1/thumb/v7e-m/fpv4-sp/hard\libgcc.a(_dvmd_tls.o)
                              c:/nxp/s32ds.3.4/s32ds/build_tools/gcc_v6.3/gcc-6.3-arm32-eabi/bin/../lib/gcc/arm-none-eabi/6.3.1/thumb/v7e-m/fpv4-sp/hard\libgcc.a(_aeabi_uldivmod.o) (__aeabi_ldiv0)
C:/NXP/S32DS.3.4/S32DS/build_tools/gcc_b1620/gcc-6.3-arm32-eabi/arm-none-eabi/newlib/lib/thumb/v7e-m/fpv4-sp/hard\libc_nano.a(lib_a-exit.o)
                              C:/NXP/S32DS.3.4/S32DS/build_tools/gcc_b1620/gcc-6.3-arm32-eabi/arm-none-eabi/newlib/lib/thumb/v7e-m/fpv4-sp/hard/crt0.o (exit)
C:/NXP/S32DS.3.4/S32DS/build_tools/gcc_b1620/gcc-6.3-arm32-eabi/arm-none-eabi/newlib/lib/thumb/v7e-m/fpv4-sp/hard\libc_nano.a(lib_a-impure.o)
                              C:/NXP/S32DS.3.4/S32DS/build_tools/gcc_b1620/gcc-6.3-arm32-eabi/arm-none-eabi/newlib/lib/thumb/v7e-m/fpv4-sp/hard\libc_nano.a(lib_a-exit.o) (_global_impure_ptr)
C:/NXP/S32DS.3.4/S32DS/build_tools/gcc_b1620/gcc-6.3-arm32-eabi/arm-none-eabi/newlib/lib/thumb/v7e-m/fpv4-sp/hard\libc_nano.a(lib_a-init.o)
                              C:/NXP/S32DS.3.4/S32DS/build_tools/gcc_b1620/gcc-6.3-arm32-eabi/arm-none-eabi/newlib/lib/thumb/v7e-m/fpv4-sp/hard/crt0.o (__libc_init_array)
C:/NXP/S32DS.3.4/S32DS/build_tools/gcc_b1620/gcc-6.3-arm32-eabi/arm-none-eabi/newlib/lib/thumb/v7e-m/fpv4-sp/hard\libc_nano.a(lib_a-memcpy-stub.o)
                              ./SDK/rtos/FreeRTOS/Source/queue.o (memcpy)
C:/NXP/S32DS.3.4/S32DS/build_tools/gcc_b1620/gcc-6.3-arm32-eabi/arm-none-eabi/newlib/lib/thumb/v7e-m/fpv4-sp/hard\libc_nano.a(lib_a-memset.o)
                              C:/NXP/S32DS.3.4/S32DS/build_tools/gcc_b1620/gcc-6.3-arm32-eabi/arm-none-eabi/newlib/lib/thumb/v7e-m/fpv4-sp/hard/crt0.o (memset)
C:/NXP/S32DS.3.4/S32DS/build_tools/gcc_b1620/gcc-6.3-arm32-eabi/arm-none-eabi/newlib/lib/thumb/v7e-m/fpv4-sp/hard\libc_nano.a(lib_a-strlen.o)
                              ./SDK/rtos/FreeRTOS/Source/tasks.o (strlen)
C:/NXP/S32DS.3.4/S32DS/build_tools/gcc_b1620/gcc-6.3-arm32-eabi/arm-none-eabi/newlib/lib/thumb/v7e-m/fpv4-sp/hard\libnosys.a(_exit.o)
                              C:/NXP/S32DS.3.4/S32DS/build_tools/gcc_b1620/gcc-6.3-arm32-eabi/arm-none-eabi/newlib/lib/thumb/v7e-m/fpv4-sp/hard\libc_nano.a(lib_a-exit.o) (_exit)

Allocating common symbols
Common symbol       size              file

adc_threshold_exceeded
                    0x4               ./src/OS_Layer/Project_Tasks.o
rx_message          0x4c              ./src/HW_Layer/CANDriver.o
g_xtal0ClkFreq      0x4               ./SDK/platform/drivers/src/clock/S32K1xx/clock_S32K1xx.o
dmaControllerChn0_State
                    0x10              ./board/peripherals_EDMA.o
xQueueRegistry      0x40              ./SDK/rtos/FreeRTOS/Source/queue.o
toggleLED           0x1               ./src/OS_Layer/Project_Tasks.o
adcConvDone         0x1               ./src/HW_Layer/SensorManager.o
g_RtcClkInFreq      0x4               ./SDK/platform/drivers/src/clock/S32K1xx/clock_S32K1xx.o
adcRawValue         0x2               ./src/HW_Layer/SensorManager.o
g_TClkFreq          0xc               ./SDK/platform/drivers/src/clock/S32K1xx/clock_S32K1xx.o
can_event_type      0x1               ./src/HW_Layer/CANDriver.o
dmaController_State
                    0x40              ./board/peripherals_EDMA.o

Discarded input sections

 .text          0x00000000        0x0 c:/nxp/s32ds.3.4/s32ds/build_tools/gcc_v6.3/gcc-6.3-arm32-eabi/bin/../lib/gcc/arm-none-eabi/6.3.1/thumb/v7e-m/fpv4-sp/hard/crti.o
 .data          0x00000000        0x0 c:/nxp/s32ds.3.4/s32ds/build_tools/gcc_v6.3/gcc-6.3-arm32-eabi/bin/../lib/gcc/arm-none-eabi/6.3.1/thumb/v7e-m/fpv4-sp/hard/crti.o
 .bss           0x00000000        0x0 c:/nxp/s32ds.3.4/s32ds/build_tools/gcc_v6.3/gcc-6.3-arm32-eabi/bin/../lib/gcc/arm-none-eabi/6.3.1/thumb/v7e-m/fpv4-sp/hard/crti.o
 .text          0x00000000       0xa4 c:/nxp/s32ds.3.4/s32ds/build_tools/gcc_v6.3/gcc-6.3-arm32-eabi/bin/../lib/gcc/arm-none-eabi/6.3.1/thumb/v7e-m/fpv4-sp/hard/crtbegin.o
 .data          0x00000000        0x4 c:/nxp/s32ds.3.4/s32ds/build_tools/gcc_v6.3/gcc-6.3-arm32-eabi/bin/../lib/gcc/arm-none-eabi/6.3.1/thumb/v7e-m/fpv4-sp/hard/crtbegin.o
[...]
Memory Configuration

Name             Origin             Length             Attributes
m_interrupts     0x00000000         0x00000400         xr
m_flash_config   0x00000400         0x00000010         xr
m_text           0x00000410         0x0007fbf0         xr
m_data           0x1fff8000         0x00008000         rw
m_data_2         0x20000000         0x00007000         rw
*default*        0x00000000         0xffffffff

Linker script and memory map

LOAD c:/nxp/s32ds.3.4/s32ds/build_tools/gcc_v6.3/gcc-6.3-arm32-eabi/bin/../lib/gcc/arm-none-eabi/6.3.1/thumb/v7e-m/fpv4-sp/hard/crti.o
LOAD c:/nxp/s32ds.3.4/s32ds/build_tools/gcc_v6.3/gcc-6.3-arm32-eabi/bin/../lib/gcc/arm-none-eabi/6.3.1/thumb/v7e-m/fpv4-sp/hard/crtbegin.o
LOAD C:/NXP/S32DS.3.4/S32DS/build_tools/gcc_b1620/gcc-6.3-arm32-eabi/arm-none-eabi/newlib/lib/thumb/v7e-m/fpv4-sp/hard/crt0.o
LOAD ./Project_Settings/Startup_Code/startup_S32K144.o
LOAD ./SDK/platform/devices/S32K144/startup/system_S32K144.o
LOAD ./SDK/platform/devices/startup.o
LOAD ./SDK/platform/drivers/src/adc/adc_driver.o
LOAD ./SDK/platform/drivers/src/clock/S32K1xx/clock_S32K1xx.o
LOAD ./SDK/platform/drivers/src/edma/edma_driver.o
LOAD ./SDK/platform/drivers/src/edma/edma_hw_access.o
LOAD ./SDK/platform/drivers/src/edma/edma_irq.o
LOAD ./SDK/platform/drivers/src/flexcan/flexcan_driver.o
LOAD ./SDK/platform/drivers/src/flexcan/flexcan_hw_access.o
LOAD ./SDK/platform/drivers/src/flexcan/flexcan_irq.o
LOAD ./SDK/platform/drivers/src/interrupt/interrupt_manager.o
LOAD ./SDK/platform/drivers/src/pdb/pdb_driver.o
LOAD ./SDK/platform/drivers/src/pdb/pdb_hw_access.o
LOAD ./SDK/platform/drivers/src/pins/pins_driver.o
LOAD ./SDK/platform/drivers/src/pins/pins_port_hw_access.o
LOAD ./SDK/platform/pal/src/can/can_pal.o
LOAD ./SDK/rtos/FreeRTOS/Source/croutine.o
LOAD ./SDK/rtos/FreeRTOS/Source/event_groups.o
LOAD ./SDK/rtos/FreeRTOS/Source/list.o
LOAD ./SDK/rtos/FreeRTOS/Source/queue.o
LOAD ./SDK/rtos/FreeRTOS/Source/stream_buffer.o
LOAD ./SDK/rtos/FreeRTOS/Source/tasks.o
LOAD ./SDK/rtos/FreeRTOS/Source/timers.o
LOAD ./SDK/rtos/FreeRTOS/Source/portable/GCC/ARM_CM4F/port.o
LOAD ./SDK/rtos/FreeRTOS/Source/portable/MemMang/heap_1.o
LOAD ./SDK/rtos/osif/osif_freertos.o
LOAD ./board/clock_config.o
LOAD ./board/peripherals_ADC_0.o
LOAD ./board/peripherals_EDMA.o
LOAD ./board/peripherals_FreeRTOS.o
LOAD ./board/peripherals_can_pal_1.o
LOAD ./board/peripherals_osif_1.o
LOAD ./board/peripherals_pdb_1.o
LOAD ./board/pin_mux.o
LOAD ./src/HW_Layer/CANDriver.o
LOAD ./src/HW_Layer/SensorManager.o
LOAD ./src/OS_Layer/Project_Tasks.o
LOAD ./src/OS_Layer/rtos.o
LOAD ./src/main.o
LOAD ./src/utilities/Personal_EVB_Drv.o
START GROUP
LOAD c:/nxp/s32ds.3.4/s32ds/build_tools/gcc_v6.3/gcc-6.3-arm32-eabi/bin/../lib/gcc/arm-none-eabi/6.3.1/thumb/v7e-m/fpv4-sp/hard\libgcc.a
LOAD C:/NXP/S32DS.3.4/S32DS/build_tools/gcc_b1620/gcc-6.3-arm32-eabi/arm-none-eabi/newlib/lib/thumb/v7e-m/fpv4-sp/hard\libc_nano.a
END GROUP
START GROUP
LOAD c:/nxp/s32ds.3.4/s32ds/build_tools/gcc_v6.3/gcc-6.3-arm32-eabi/bin/../lib/gcc/arm-none-eabi/6.3.1/thumb/v7e-m/fpv4-sp/hard\libgcc.a
LOAD C:/NXP/S32DS.3.4/S32DS/build_tools/gcc_b1620/gcc-6.3-arm32-eabi/arm-none-eabi/newlib/lib/thumb/v7e-m/fpv4-sp/hard\libc_nano.a
LOAD C:/NXP/S32DS.3.4/S32DS/build_tools/gcc_b1620/gcc-6.3-arm32-eabi/arm-none-eabi/newlib/lib/thumb/v7e-m/fpv4-sp/hard\libnosys.a
END GROUP
START GROUP
LOAD c:/nxp/s32ds.3.4/s32ds/build_tools/gcc_v6.3/gcc-6.3-arm32-eabi/bin/../lib/gcc/arm-none-eabi/6.3.1/thumb/v7e-m/fpv4-sp/hard\libgcc.a
LOAD C:/NXP/S32DS.3.4/S32DS/build_tools/gcc_b1620/gcc-6.3-arm32-eabi/arm-none-eabi/newlib/lib/thumb/v7e-m/fpv4-sp/hard\libc_nano.a
LOAD C:/NXP/S32DS.3.4/S32DS/build_tools/gcc_b1620/gcc-6.3-arm32-eabi/arm-none-eabi/newlib/lib/thumb/v7e-m/fpv4-sp/hard\libnosys.a
END GROUP
LOAD c:/nxp/s32ds.3.4/s32ds/build_tools/gcc_v6.3/gcc-6.3-arm32-eabi/bin/../lib/gcc/arm-none-eabi/6.3.1/thumb/v7e-m/fpv4-sp/hard/crtend.o
LOAD c:/nxp/s32ds.3.4/s32ds/build_tools/gcc_v6.3/gcc-6.3-arm32-eabi/bin/../lib/gcc/arm-none-eabi/6.3.1/thumb/v7e-m/fpv4-sp/hard/crtn.o
                0x00000400                HEAP_SIZE = DEFINED (__heap_size__)?__heap_size__:0x400
                0x00000400                STACK_SIZE = DEFINED (__stack_size__)?__stack_size__:0x400
                0x00000400                M_VECTOR_RAM_SIZE = DEFINED (__flash_vector_table__)?0x0:0x400

.interrupts     0x00000000      0x400
                0x00000000                __VECTOR_TABLE = .
                0x00000000                __interrupts_start__ = .
                0x00000000                . = ALIGN (0x4)
 *(.isr_vector)
 .isr_vector    0x00000000      0x400 ./Project_Settings/Startup_Code/startup_S32K144.o
                0x00000000                __isr_vector
                0x00000400                __interrupts_end__ = .
                0x00000400                . = ALIGN (0x4)

.flash_config   0x00000400       0x10
                0x00000400                . = ALIGN (0x4)
 *(.FlashConfig)
 .FlashConfig   0x00000400       0x10 ./Project_Settings/Startup_Code/startup_S32K144.o
                0x00000410                . = ALIGN (0x4)

.text           0x00000410     0x64f8
                0x00000410                . = ALIGN (0x4)
 *(.text)
 .text          0x00000410       0x6c ./Project_Settings/Startup_Code/startup_S32K144.o
                0x00000410                Reset_Handler
                0x00000478                DebugMon_Handler
                0x00000478                Reserved88_IRQHandler
                0x00000478                HardFault_Handler
                0x00000478                Reserved86_IRQHandler
                0x00000478                Reserved103_IRQHandler
                0x00000478                FTM2_Ovf_Reload_IRQHandler
                0x00000478                Reserved50_IRQHandler
                0x00000478                FTFC_Fault_IRQHandler
                0x00000478                FTM0_Ch6_Ch7_IRQHandler
                0x00000478                Reserved114_IRQHandler
                0x00000478                NMI_Handler
                0x00000478                Reserved89_IRQHandler
                0x00000478                ERM_double_fault_IRQHandler
                0x00000478                Reserved59_IRQHandler
                0x00000478                LPIT0_Ch0_IRQHandler
                0x00000478                Reserved99_IRQHandler
                0x00000478                FTM3_Ch6_Ch7_IRQHandler
                0x00000478                LPIT0_Ch3_IRQHandler
                0x00000478                Reserved92_IRQHandler
                0x00000478                FTM0_Ch4_Ch5_IRQHandler
                0x00000478                FTM3_Ch0_Ch1_IRQHandler
                0x00000478                SWI_IRQHandler
                0x00000478                ADC0_IRQHandler
                0x00000478                FTM2_Ch4_Ch5_IRQHandler
                0x00000478                UsageFault_Handler
                0x00000478                FTM0_Ovf_Reload_IRQHandler
                0x00000478                DefaultISR
                0x00000478                Reserved58_IRQHandler
                0x00000478                FTM1_Ch2_Ch3_IRQHandler
                0x00000478                Reserved82_IRQHandler
                0x00000478                LPI2C0_Slave_IRQHandler
                0x00000478                Reserved71_IRQHandler
                0x00000478                PORTD_IRQHandler
                0x00000478                Reserved69_IRQHandler
                0x00000478                PORTB_IRQHandler
                0x00000478                Reserved70_IRQHandler
                0x00000478                ADC1_IRQHandler
                0x00000478                FTM2_Ch2_Ch3_IRQHandler
                0x00000478                Reserved53_IRQHandler
                0x00000478                RTC_IRQHandler
                0x00000478                PDB0_IRQHandler
                0x00000478                Reserved54_IRQHandler
                0x00000478                FTM2_Ch6_Ch7_IRQHandler
                0x00000478                FTM3_Ch2_Ch3_IRQHandler
                0x00000478                FTM2_Ch0_Ch1_IRQHandler
                0x00000478                LPSPI1_IRQHandler
                0x00000478                LPUART1_RxTx_IRQHandler
                0x00000478                RTC_Seconds_IRQHandler
                0x00000478                Reserved72_IRQHandler
                0x00000478                Reserved110_IRQHandler
                0x00000478                Reserved107_IRQHandler
                0x00000478                Read_Collision_IRQHandler
                0x00000478                FTFC_IRQHandler
                0x00000478                FTM1_Ch6_Ch7_IRQHandler
                0x00000478                Reserved105_IRQHandler
                0x00000478                LPIT0_Ch1_IRQHandler
                0x00000478                FTM1_Ch4_Ch5_IRQHandler
                0x00000478                FTM3_Ovf_Reload_IRQHandler
                0x00000478                LPUART2_RxTx_IRQHandler
                0x00000478                LPSPI0_IRQHandler
                0x00000478                WDOG_EWM_IRQHandler
                0x00000478                MemManage_Handler
                0x00000478                Reserved90_IRQHandler
                0x00000478                Reserved83_IRQHandler
                0x00000478                FTM0_Fault_IRQHandler
                0x00000478                Reserved48_IRQHandler
                0x00000478                ERM_single_fault_IRQHandler
                0x00000478                FTM2_Fault_IRQHandler
                0x00000478                FTM0_Ch2_Ch3_IRQHandler
                0x00000478                FTM0_Ch0_Ch1_IRQHandler
                0x00000478                FTM3_Fault_IRQHandler
                0x00000478                RCM_IRQHandler
                0x00000478                Reserved100_IRQHandler
                0x00000478                Reserved91_IRQHandler
                0x00000478                SCG_IRQHandler
                0x00000478                PDB1_IRQHandler
                0x00000478                Reserved81_IRQHandler
                0x00000478                Reserved46_IRQHandler
                0x00000478                Reserved45_IRQHandler
                0x00000478                Reserved112_IRQHandler
                0x00000478                LPI2C0_Master_IRQHandler
                0x00000478                FTM1_Fault_IRQHandler
                0x00000478                Reserved106_IRQHandler
                0x00000478                LVD_LVW_IRQHandler
                0x00000478                LPIT0_Ch2_IRQHandler
                0x00000478                PORTA_IRQHandler
                0x00000478                MCM_IRQHandler
                0x00000478                LPSPI2_IRQHandler
                0x00000478                FTM3_Ch4_Ch5_IRQHandler
                0x00000478                PORTE_IRQHandler
                0x00000478                LPUART0_RxTx_IRQHandler
                0x00000478                LPTMR0_IRQHandler
                0x00000478                BusFault_Handler
                0x00000478                Reserved87_IRQHandler
                0x00000478                FTM1_Ovf_Reload_IRQHandler
                0x00000478                Reserved93_IRQHandler
                0x00000478                CMP0_IRQHandler
                0x00000478                Reserved52_IRQHandler
                0x00000478                PORTC_IRQHandler
                0x00000478                FTM1_Ch0_Ch1_IRQHandler
                0x00000478                FLEXIO_IRQHandler
                0x00000478                Reserved113_IRQHandler
 *(.text*)
 .text.SystemInit
                0x0000047c       0x3c ./SDK/platform/devices/S32K144/startup/system_S32K144.o
                0x0000047c                SystemInit
 .text.init_data_bss
                0x000004b8       0xd8 ./SDK/platform/devices/startup.o
                0x000004b8                init_data_bss
 .text.ADC_DRV_ConfigConverter
                0x00000590      0x1a8 ./SDK/platform/drivers/src/adc/adc_driver.o
                0x00000590                ADC_DRV_ConfigConverter
 .text.ADC_DRV_ConfigChan
                0x00000738       0x98 ./SDK/platform/drivers/src/adc/adc_driver.o
                0x00000738                ADC_DRV_ConfigChan
 .text.ADC_DRV_GetChanResult
                0x000007d0       0x30 ./SDK/platform/drivers/src/adc/adc_driver.o
                0x000007d0                ADC_DRV_GetChanResult
 .text.ADC_DRV_AutoCalibration
                0x00000800      0x174 ./SDK/platform/drivers/src/adc/adc_driver.o
                0x00000800                ADC_DRV_AutoCalibration
 .text.CLOCK_SYS_GetCurrentRunMode
                0x00000974       0x24 ./SDK/platform/drivers/src/clock/S32K1xx/clock_S32K1xx.o
 .text.CLOCK_SYS_GetSysOscFreq
                0x00000998       0x1c ./SDK/platform/drivers/src/clock/S32K1xx/clock_S32K1xx.o
 .text.CLOCK_SYS_ConfigureSOSC
                0x000009b4      0x12c ./SDK/platform/drivers/src/clock/S32K1xx/clock_S32K1xx.o
 .text.CLOCK_SYS_GetSircFreq
                0x00000ae0       0x2c ./SDK/platform/drivers/src/clock/S32K1xx/clock_S32K1xx.o
 .text.CLOCK_SYS_ConfigureSIRC
                0x00000b0c       0xc4 ./SDK/platform/drivers/src/clock/S32K1xx/clock_S32K1xx.o
 .text.CLOCK_SYS_GetFircFreq
                0x00000bd0       0x20 ./SDK/platform/drivers/src/clock/S32K1xx/clock_S32K1xx.o
 .text.CLOCK_SYS_ConfigureFIRC
                0x00000bf0       0xb4 ./SDK/platform/drivers/src/clock/S32K1xx/clock_S32K1xx.o
 .text.CLOCK_SYS_GetSysPllFreq
                0x00000ca4       0x44 ./SDK/platform/drivers/src/clock/S32K1xx/clock_S32K1xx.o
 .text.CLOCK_SYS_ConfigureSPLL
                0x00000ce8      0x12c ./SDK/platform/drivers/src/clock/S32K1xx/clock_S32K1xx.o
 .text.CLOCK_SYS_SetSystemClockConfig
                0x00000e14      0x204 ./SDK/platform/drivers/src/clock/S32K1xx/clock_S32K1xx.o
 .text.CLOCK_SYS_TransitionSystemClock
                0x00001018       0x54 ./SDK/platform/drivers/src/clock/S32K1xx/clock_S32K1xx.o
 .text.CLOCK_SYS_GetSystemClockFreq
                0x0000106c       0x80 ./SDK/platform/drivers/src/clock/S32K1xx/clock_S32K1xx.o
 .text.CLOCK_SYS_GetScgClkOutFreq
                0x000010ec       0x44 ./SDK/platform/drivers/src/clock/S32K1xx/clock_S32K1xx.o
 .text.CLOCK_SYS_GetSysAsyncFreq
                0x00001130       0xc0 ./SDK/platform/drivers/src/clock/S32K1xx/clock_S32K1xx.o
 .text.CLOCK_SYS_GetSimRtcClkFreq
                0x000011f0       0x50 ./SDK/platform/drivers/src/clock/S32K1xx/clock_S32K1xx.o
 .text.CLOCK_SYS_GetLpoFreq
                0x00001240       0x54 ./SDK/platform/drivers/src/clock/S32K1xx/clock_S32K1xx.o
 .text.CLOCK_SYS_GetSimClkOutFreq
                0x00001294       0x98 ./SDK/platform/drivers/src/clock/S32K1xx/clock_S32K1xx.o
 .text.CLOCK_SYS_GetSimClockFreq
                0x0000132c      0x190 ./SDK/platform/drivers/src/clock/S32K1xx/clock_S32K1xx.o
 .text.CLOCK_SYS_GetPeripheralClock
                0x000014bc       0xc8 ./SDK/platform/drivers/src/clock/S32K1xx/clock_S32K1xx.o
 .text.CLOCK_DRV_Init
                0x00001584      0x610 ./SDK/platform/drivers/src/clock/S32K1xx/clock_S32K1xx.o
                0x00001584                CLOCK_DRV_Init
 .text.CLOCK_DRV_GetFreq
                0x00001b94      0x1dc ./SDK/platform/drivers/src/clock/S32K1xx/clock_S32K1xx.o
                0x00001b94                CLOCK_DRV_GetFreq
 .text.CLOCK_SYS_Init
                0x00001d70       0x28 ./SDK/platform/drivers/src/clock/S32K1xx/clock_S32K1xx.o
                0x00001d70                CLOCK_SYS_Init
 .text.CLOCK_SYS_UpdateConfiguration
                0x00001d98       0xf4 ./SDK/platform/drivers/src/clock/S32K1xx/clock_S32K1xx.o
                0x00001d98                CLOCK_SYS_UpdateConfiguration
 .text.CLOCK_SYS_GetFreq
                0x00001e8c        0x8 ./SDK/platform/drivers/src/clock/S32K1xx/clock_S32K1xx.o
                0x00001e8c                CLOCK_SYS_GetFreq
 .text.EDMA_DRV_ClearIntStatus
                0x00001e94       0x20 ./SDK/platform/drivers/src/edma/edma_driver.o
 .text.EDMA_DRV_InstallCallback
                0x00001eb4       0x38 ./SDK/platform/drivers/src/edma/edma_driver.o
                0x00001eb4                EDMA_DRV_InstallCallback
 .text.EDMA_DRV_IRQHandler
                0x00001eec       0x20 ./SDK/platform/drivers/src/edma/edma_driver.o
                0x00001eec                EDMA_DRV_IRQHandler
 .text.EDMA_DRV_ErrorIRQHandler
                0x00001f0c       0x40 ./SDK/platform/drivers/src/edma/edma_driver.o
                0x00001f0c                EDMA_DRV_ErrorIRQHandler
 .text.EDMA_DRV_ConfigSingleBlockTransfer
                0x00001f4c      0x1f0 ./SDK/platform/drivers/src/edma/edma_driver.o
                0x00001f4c                EDMA_DRV_ConfigSingleBlockTransfer
 .text.EDMA_DRV_StartChannel
                0x0000213c       0x38 ./SDK/platform/drivers/src/edma/edma_driver.o
                0x0000213c                EDMA_DRV_StartChannel
 .text.EDMA_DRV_StopChannel
                0x00002174       0x38 ./SDK/platform/drivers/src/edma/edma_driver.o
                0x00002174                EDMA_DRV_StopChannel
 .text.EDMA_DRV_DisableRequestsOnTransferComplete
                0x000021ac       0x58 ./SDK/platform/drivers/src/edma/edma_driver.o
                0x000021ac                EDMA_DRV_DisableRequestsOnTransferComplete
 .text.EDMA_DRV_GetDmaRegBaseAddr
                0x00002204       0x10 ./SDK/platform/drivers/src/edma/edma_driver.o
                0x00002204                EDMA_DRV_GetDmaRegBaseAddr
 .text.EDMA_SetDmaRequestCmd
                0x00002214        0xa ./SDK/platform/drivers/src/edma/edma_hw_access.o
                0x00002214                EDMA_SetDmaRequestCmd
 .text.EDMA_TCDClearReg
                0x0000221e       0x4a ./SDK/platform/drivers/src/edma/edma_hw_access.o
                0x0000221e                EDMA_TCDClearReg
 .text.EDMA_TCDSetAttribute
                0x00002268       0x38 ./SDK/platform/drivers/src/edma/edma_hw_access.o
                0x00002268                EDMA_TCDSetAttribute
 .text.EDMA_TCDSetNbytes
                0x000022a0       0x64 ./SDK/platform/drivers/src/edma/edma_hw_access.o
                0x000022a0                EDMA_TCDSetNbytes
 .text.EDMA_TCDSetMajorCount
                0x00002304       0x68 ./SDK/platform/drivers/src/edma/edma_hw_access.o
                0x00002304                EDMA_TCDSetMajorCount
 .text.DMA0_IRQHandler
                0x0000236c        0xa ./SDK/platform/drivers/src/edma/edma_irq.o
                0x0000236c                DMA0_IRQHandler
 .text.DMA1_IRQHandler
                0x00002376        0xa ./SDK/platform/drivers/src/edma/edma_irq.o
                0x00002376                DMA1_IRQHandler
 .text.DMA2_IRQHandler
                0x00002380        0xa ./SDK/platform/drivers/src/edma/edma_irq.o
                0x00002380                DMA2_IRQHandler
 .text.DMA3_IRQHandler
                0x0000238a        0xa ./SDK/platform/drivers/src/edma/edma_irq.o
                0x0000238a                DMA3_IRQHandler
 .text.DMA4_IRQHandler
                0x00002394        0xa ./SDK/platform/drivers/src/edma/edma_irq.o
                0x00002394                DMA4_IRQHandler
 .text.DMA5_IRQHandler
                0x0000239e        0xa ./SDK/platform/drivers/src/edma/edma_irq.o
                0x0000239e                DMA5_IRQHandler
 .text.DMA6_IRQHandler
                0x000023a8        0xa ./SDK/platform/drivers/src/edma/edma_irq.o
                0x000023a8                DMA6_IRQHandler
 .text.DMA7_IRQHandler
                0x000023b2        0xa ./SDK/platform/drivers/src/edma/edma_irq.o
                0x000023b2                DMA7_IRQHandler
 .text.DMA8_IRQHandler
                0x000023bc        0xa ./SDK/platform/drivers/src/edma/edma_irq.o
                0x000023bc                DMA8_IRQHandler
 .text.DMA9_IRQHandler
                0x000023c6        0xa ./SDK/platform/drivers/src/edma/edma_irq.o
                0x000023c6                DMA9_IRQHandler
 .text.DMA10_IRQHandler
                0x000023d0        0xa ./SDK/platform/drivers/src/edma/edma_irq.o
                0x000023d0                DMA10_IRQHandler
 .text.DMA11_IRQHandler
                0x000023da        0xa ./SDK/platform/drivers/src/edma/edma_irq.o
                0x000023da                DMA11_IRQHandler
 .text.DMA12_IRQHandler
                0x000023e4        0xa ./SDK/platform/drivers/src/edma/edma_irq.o
                0x000023e4                DMA12_IRQHandler
 .text.DMA13_IRQHandler
                0x000023ee        0xa ./SDK/platform/drivers/src/edma/edma_irq.o
                0x000023ee                DMA13_IRQHandler
 .text.DMA14_IRQHandler
                0x000023f8        0xa ./SDK/platform/drivers/src/edma/edma_irq.o
                0x000023f8                DMA14_IRQHandler
 .text.DMA15_IRQHandler
                0x00002402        0xa ./SDK/platform/drivers/src/edma/edma_irq.o
                0x00002402                DMA15_IRQHandler
 .text.DMA_Error_IRQHandler
                0x0000240c       0x28 ./SDK/platform/drivers/src/edma/edma_irq.o
                0x0000240c                DMA_Error_IRQHandler
 .text.FLEXCAN_SetTimeSegments
                0x00002434       0x4c ./SDK/platform/drivers/src/flexcan/flexcan_driver.o
 .text.FLEXCAN_SetExtendedTimeSegments
                0x00002480       0x50 ./SDK/platform/drivers/src/flexcan/flexcan_driver.o
 .text.FLEXCAN_SetFDTimeSegments
                0x000024d0       0x5c ./SDK/platform/drivers/src/flexcan/flexcan_driver.o
 .text.FLEXCAN_StartSendData
                0x0000252c       0xc8 ./SDK/platform/drivers/src/flexcan/flexcan_driver.o
 .text.FLEXCAN_StartRxMessageBufferData
                0x000025f4       0x90 ./SDK/platform/drivers/src/flexcan/flexcan_driver.o
 .text.FLEXCAN_StartRxMessageFifoData
                0x00002684      0x110 ./SDK/platform/drivers/src/flexcan/flexcan_driver.o
 .text.FLEXCAN_CompleteRxMessageFifoData
                0x00002794       0xbc ./SDK/platform/drivers/src/flexcan/flexcan_driver.o
 .text.FLEXCAN_CompleteRxFifoDataDMA
                0x00002850       0x30 ./SDK/platform/drivers/src/flexcan/flexcan_driver.o
 .text.FLEXCAN_CompleteTransfer
                0x00002880       0x48 ./SDK/platform/drivers/src/flexcan/flexcan_driver.o
 .text.FLEXCAN_DRV_SetRxMaskType
                0x000028c8       0x48 ./SDK/platform/drivers/src/flexcan/flexcan_driver.o
                0x000028c8                FLEXCAN_DRV_SetRxMaskType
 .text.FLEXCAN_DRV_SetRxMbGlobalMask
                0x00002910       0x50 ./SDK/platform/drivers/src/flexcan/flexcan_driver.o
                0x00002910                FLEXCAN_DRV_SetRxMbGlobalMask
 .text.FLEXCAN_DRV_Init
                0x00002960      0x298 ./SDK/platform/drivers/src/flexcan/flexcan_driver.o
                0x00002960                FLEXCAN_DRV_Init
 .text.FLEXCAN_DRV_ConfigTxMb
                0x00002bf8       0x68 ./SDK/platform/drivers/src/flexcan/flexcan_driver.o
                0x00002bf8                FLEXCAN_DRV_ConfigTxMb
 .text.FLEXCAN_DRV_Send
                0x00002c60       0x60 ./SDK/platform/drivers/src/flexcan/flexcan_driver.o
                0x00002c60                FLEXCAN_DRV_Send
 .text.FLEXCAN_DRV_ConfigRxMb
                0x00002cc0       0x9c ./SDK/platform/drivers/src/flexcan/flexcan_driver.o
                0x00002cc0                FLEXCAN_DRV_ConfigRxMb
 .text.FLEXCAN_DRV_ConfigRxFifo
                0x00002d5c       0x40 ./SDK/platform/drivers/src/flexcan/flexcan_driver.o
                0x00002d5c                FLEXCAN_DRV_ConfigRxFifo
 .text.FLEXCAN_DRV_Receive
                0x00002d9c       0x34 ./SDK/platform/drivers/src/flexcan/flexcan_driver.o
                0x00002d9c                FLEXCAN_DRV_Receive
 .text.FLEXCAN_DRV_RxFifo
                0x00002dd0       0x12 ./SDK/platform/drivers/src/flexcan/flexcan_driver.o
                0x00002dd0                FLEXCAN_DRV_RxFifo
 *fill*         0x00002de2        0x2 
 .text.FLEXCAN_BusOff_IRQHandler
                0x00002de4       0x30 ./SDK/platform/drivers/src/flexcan/flexcan_driver.o
                0x00002de4                FLEXCAN_BusOff_IRQHandler
 .text.FLEXCAN_IRQHandler
                0x00002e14      0x27c ./SDK/platform/drivers/src/flexcan/flexcan_driver.o
                0x00002e14                FLEXCAN_IRQHandler
 .text.FLEXCAN_Error_IRQHandler
                0x00003090       0x30 ./SDK/platform/drivers/src/flexcan/flexcan_driver.o
                0x00003090                FLEXCAN_Error_IRQHandler
 .text.FLEXCAN_WakeUpHandler
                0x000030c0       0x74 ./SDK/platform/drivers/src/flexcan/flexcan_driver.o
                0x000030c0                FLEXCAN_WakeUpHandler
 .text.FLEXCAN_DRV_InstallEventCallback
                0x00003134       0x1c ./SDK/platform/drivers/src/flexcan/flexcan_driver.o
                0x00003134                FLEXCAN_DRV_InstallEventCallback
 .text.FLEXCAN_ComputePayloadSize
                0x00003150       0x36 ./SDK/platform/drivers/src/flexcan/flexcan_hw_access.o
 *fill*         0x00003186        0x2 
 .text.FLEXCAN_GetMaxMbNum
                0x00003188       0x2c ./SDK/platform/drivers/src/flexcan/flexcan_hw_access.o
                0x00003188                FLEXCAN_GetMaxMbNum
 .text.FLEXCAN_Enable
                0x000031b4       0x2a ./SDK/platform/drivers/src/flexcan/flexcan_hw_access.o
                0x000031b4                FLEXCAN_Enable
 .text.FLEXCAN_Disable
                0x000031de       0x18 ./SDK/platform/drivers/src/flexcan/flexcan_hw_access.o
                0x000031de                FLEXCAN_Disable
 *fill*         0x000031f6        0x2 
 .text.FLEXCAN_Init
                0x000031f8       0x68 ./SDK/platform/drivers/src/flexcan/flexcan_hw_access.o
                0x000031f8                FLEXCAN_Init
 .text.FLEXCAN_EnableRxFifo
                0x00003260       0x54 ./SDK/platform/drivers/src/flexcan/flexcan_hw_access.o
                0x00003260                FLEXCAN_EnableRxFifo
 .text.FLEXCAN_SetRxFifoFilter
                0x000032b4      0x1dc ./SDK/platform/drivers/src/flexcan/flexcan_hw_access.o
                0x000032b4                FLEXCAN_SetRxFifoFilter
 .text.FLEXCAN_SetMsgBuffIntCmd
                0x00003490       0x24 ./SDK/platform/drivers/src/flexcan/flexcan_hw_access.o
                0x00003490                FLEXCAN_SetMsgBuffIntCmd
 .text.FLEXCAN_ExitFreezeMode
                0x000034b4       0x1a ./SDK/platform/drivers/src/flexcan/flexcan_hw_access.o
                0x000034b4                FLEXCAN_ExitFreezeMode
 .text.FLEXCAN_EnterFreezeMode
                0x000034ce       0x9e ./SDK/platform/drivers/src/flexcan/flexcan_hw_access.o
                0x000034ce                FLEXCAN_EnterFreezeMode
 .text.FLEXCAN_ClearErrIntStatusFlag
                0x0000356c       0x18 ./SDK/platform/drivers/src/flexcan/flexcan_hw_access.o
                0x0000356c                FLEXCAN_ClearErrIntStatusFlag
 .text.FLEXCAN_ClearBusOffIntStatusFlag
                0x00003584       0x14 ./SDK/platform/drivers/src/flexcan/flexcan_hw_access.o
                0x00003584                FLEXCAN_ClearBusOffIntStatusFlag
 .text.FLEXCAN_ReadRxFifo
                0x00003598       0x58 ./SDK/platform/drivers/src/flexcan/flexcan_hw_access.o
                0x00003598                FLEXCAN_ReadRxFifo
 .text.FLEXCAN_SetOperationMode
                0x000035f0       0x5e ./SDK/platform/drivers/src/flexcan/flexcan_hw_access.o
                0x000035f0                FLEXCAN_SetOperationMode
 .text.FLEXCAN_IsOutOfRangeMbIdx
                0x0000364e       0x2e ./SDK/platform/drivers/src/flexcan/flexcan_hw_access.o
                0x0000364e                FLEXCAN_IsOutOfRangeMbIdx
 .text.FLEXCAN_SetPayloadSize
                0x0000367c       0x30 ./SDK/platform/drivers/src/flexcan/flexcan_hw_access.o
                0x0000367c                FLEXCAN_SetPayloadSize
 .text.FLEXCAN_GetPayloadSize
                0x000036ac       0x20 ./SDK/platform/drivers/src/flexcan/flexcan_hw_access.o
                0x000036ac                FLEXCAN_GetPayloadSize
 .text.FLEXCAN_GetMsgBuffRegion
                0x000036cc       0x30 ./SDK/platform/drivers/src/flexcan/flexcan_hw_access.o
                0x000036cc                FLEXCAN_GetMsgBuffRegion
 .text.FLEXCAN_SetRxMsgBuff
                0x000036fc       0xcc ./SDK/platform/drivers/src/flexcan/flexcan_hw_access.o
                0x000036fc                FLEXCAN_SetRxMsgBuff
 .text.FLEXCAN_LockRxMsgBuff
                0x000037c8        0xa ./SDK/platform/drivers/src/flexcan/flexcan_hw_access.o
                0x000037c8                FLEXCAN_LockRxMsgBuff
 *fill*         0x000037d2        0x2 
 .text.FLEXCAN_SetTxMsgBuff
                0x000037d4      0x1b8 ./SDK/platform/drivers/src/flexcan/flexcan_hw_access.o
                0x000037d4                FLEXCAN_SetTxMsgBuff
 .text.FLEXCAN_GetMsgBuff
                0x0000398c       0x92 ./SDK/platform/drivers/src/flexcan/flexcan_hw_access.o
                0x0000398c                FLEXCAN_GetMsgBuff
 .text.FLEXCAN_SetMaxMsgBuffNum
                0x00003a1e       0xaa ./SDK/platform/drivers/src/flexcan/flexcan_hw_access.o
                0x00003a1e                FLEXCAN_SetMaxMsgBuffNum
 .text.CAN0_ORed_IRQHandler
                0x00003ac8        0xa ./SDK/platform/drivers/src/flexcan/flexcan_irq.o
                0x00003ac8                CAN0_ORed_IRQHandler
 .text.CAN0_Error_IRQHandler
                0x00003ad2        0xa ./SDK/platform/drivers/src/flexcan/flexcan_irq.o
                0x00003ad2                CAN0_Error_IRQHandler
 .text.CAN0_Wake_Up_IRQHandler
                0x00003adc        0xa ./SDK/platform/drivers/src/flexcan/flexcan_irq.o
                0x00003adc                CAN0_Wake_Up_IRQHandler
 .text.CAN0_ORed_0_15_MB_IRQHandler
                0x00003ae6        0xa ./SDK/platform/drivers/src/flexcan/flexcan_irq.o
                0x00003ae6                CAN0_ORed_0_15_MB_IRQHandler
 .text.CAN0_ORed_16_31_MB_IRQHandler
                0x00003af0        0xa ./SDK/platform/drivers/src/flexcan/flexcan_irq.o
                0x00003af0                CAN0_ORed_16_31_MB_IRQHandler
 .text.CAN1_ORed_IRQHandler
                0x00003afa        0xa ./SDK/platform/drivers/src/flexcan/flexcan_irq.o
                0x00003afa                CAN1_ORed_IRQHandler
 .text.CAN1_Error_IRQHandler
                0x00003b04        0xa ./SDK/platform/drivers/src/flexcan/flexcan_irq.o
                0x00003b04                CAN1_Error_IRQHandler
 .text.CAN1_ORed_0_15_MB_IRQHandler
                0x00003b0e        0xa ./SDK/platform/drivers/src/flexcan/flexcan_irq.o
                0x00003b0e                CAN1_ORed_0_15_MB_IRQHandler
 .text.CAN2_ORed_IRQHandler
                0x00003b18        0xa ./SDK/platform/drivers/src/flexcan/flexcan_irq.o
                0x00003b18                CAN2_ORed_IRQHandler
 .text.CAN2_Error_IRQHandler
                0x00003b22        0xa ./SDK/platform/drivers/src/flexcan/flexcan_irq.o
                0x00003b22                CAN2_Error_IRQHandler
 .text.CAN2_ORed_0_15_MB_IRQHandler
                0x00003b2c        0xa ./SDK/platform/drivers/src/flexcan/flexcan_irq.o
                0x00003b2c                CAN2_ORed_0_15_MB_IRQHandler
 *fill*         0x00003b36        0x2 
 .text.INT_SYS_InstallHandler
                0x00003b38       0x60 ./SDK/platform/drivers/src/interrupt/interrupt_manager.o
                0x00003b38                INT_SYS_InstallHandler
 .text.INT_SYS_EnableIRQ
                0x00003b98       0x28 ./SDK/platform/drivers/src/interrupt/interrupt_manager.o
                0x00003b98                INT_SYS_EnableIRQ
 .text.INT_SYS_DisableIRQ
                0x00003bc0       0x2c ./SDK/platform/drivers/src/interrupt/interrupt_manager.o
                0x00003bc0                INT_SYS_DisableIRQ
 .text.INT_SYS_EnableIRQGlobal
                0x00003bec       0x1c ./SDK/platform/drivers/src/interrupt/interrupt_manager.o
                0x00003bec                INT_SYS_EnableIRQGlobal
 .text.INT_SYS_DisableIRQGlobal
                0x00003c08       0x10 ./SDK/platform/drivers/src/interrupt/interrupt_manager.o
                0x00003c08                INT_SYS_DisableIRQGlobal
 .text.INT_SYS_SetPriority
                0x00003c18       0x70 ./SDK/platform/drivers/src/interrupt/interrupt_manager.o
                0x00003c18                INT_SYS_SetPriority
 .text.PDB_DRV_Init
                0x00003c88       0x80 ./SDK/platform/drivers/src/pdb/pdb_driver.o
                0x00003c88                PDB_DRV_Init
 .text.PDB_DRV_Enable
                0x00003d08       0x24 ./SDK/platform/drivers/src/pdb/pdb_driver.o
                0x00003d08                PDB_DRV_Enable
 .text.PDB_DRV_SoftTriggerCmd
                0x00003d2c       0x24 ./SDK/platform/drivers/src/pdb/pdb_driver.o
                0x00003d2c                PDB_DRV_SoftTriggerCmd
 .text.PDB_DRV_LoadValuesCmd
                0x00003d50       0x24 ./SDK/platform/drivers/src/pdb/pdb_driver.o
                0x00003d50                PDB_DRV_LoadValuesCmd
 .text.PDB_DRV_SetTimerModulusValue
                0x00003d74       0x24 ./SDK/platform/drivers/src/pdb/pdb_driver.o
                0x00003d74                PDB_DRV_SetTimerModulusValue
 .text.PDB_DRV_ConfigAdcPreTrigger
                0x00003d98       0x58 ./SDK/platform/drivers/src/pdb/pdb_driver.o
                0x00003d98                PDB_DRV_ConfigAdcPreTrigger
 .text.PDB_DRV_SetAdcPreTriggerDelayValue
                0x00003df0       0x5c ./SDK/platform/drivers/src/pdb/pdb_driver.o
                0x00003df0                PDB_DRV_SetAdcPreTriggerDelayValue
 .text.PDB_Init
                0x00003e4c       0xa8 ./SDK/platform/drivers/src/pdb/pdb_hw_access.o
                0x00003e4c                PDB_Init
 .text.PDB_ConfigTimer
                0x00003ef4       0x6c ./SDK/platform/drivers/src/pdb/pdb_hw_access.o
                0x00003ef4                PDB_ConfigTimer
 .text.PDB_SetAdcPreTriggerBackToBackEnable
                0x00003f60       0x42 ./SDK/platform/drivers/src/pdb/pdb_hw_access.o
                0x00003f60                PDB_SetAdcPreTriggerBackToBackEnable
 .text.PDB_SetAdcPreTriggerOutputEnable
                0x00003fa2       0x3e ./SDK/platform/drivers/src/pdb/pdb_hw_access.o
                0x00003fa2                PDB_SetAdcPreTriggerOutputEnable
 .text.PDB_SetAdcPreTriggerEnable
                0x00003fe0       0x3a ./SDK/platform/drivers/src/pdb/pdb_hw_access.o
                0x00003fe0                PDB_SetAdcPreTriggerEnable
 .text.PINS_DRV_Init
                0x0000401a       0x20 ./SDK/platform/drivers/src/pins/pins_driver.o
                0x0000401a                PINS_DRV_Init
 .text.PINS_DRV_SetMuxModeSel
                0x0000403a        0x8 ./SDK/platform/drivers/src/pins/pins_driver.o
                0x0000403a                PINS_DRV_SetMuxModeSel
 .text.PINS_DRV_SetPinIntSel
                0x00004042       0x20 ./SDK/platform/drivers/src/pins/pins_driver.o
                0x00004042                PINS_DRV_SetPinIntSel
 .text.PINS_DRV_ClearPortIntFlagCmd
                0x00004062        0xa ./SDK/platform/drivers/src/pins/pins_driver.o
                0x00004062                PINS_DRV_ClearPortIntFlagCmd
 .text.PINS_DRV_SetPinsDirection
                0x0000406c        0x4 ./SDK/platform/drivers/src/pins/pins_driver.o
                0x0000406c                PINS_DRV_SetPinsDirection
 .text.PINS_DRV_SetPins
                0x00004070        0x4 ./SDK/platform/drivers/src/pins/pins_driver.o
                0x00004070                PINS_DRV_SetPins
 .text.PINS_DRV_ClearPins
                0x00004074        0x4 ./SDK/platform/drivers/src/pins/pins_driver.o
                0x00004074                PINS_DRV_ClearPins
 .text.PINS_DRV_ReadPins
                0x00004078        0x4 ./SDK/platform/drivers/src/pins/pins_driver.o
                0x00004078                PINS_DRV_ReadPins
 .text.PINS_GetAdcInterleaveVal
                0x0000407c       0x70 ./SDK/platform/drivers/src/pins/pins_port_hw_access.o
 .text.PINS_Init
                0x000040ec      0x138 ./SDK/platform/drivers/src/pins/pins_port_hw_access.o
                0x000040ec                PINS_Init
 .text.PINS_SetMuxModeSel
                0x00004224       0x58 ./SDK/platform/drivers/src/pins/pins_port_hw_access.o
                0x00004224                PINS_SetMuxModeSel
 .text.CAN_FindFlexCANState
                0x0000427c       0x14 ./SDK/platform/pal/src/can/can_pal.o
 .text.CAN_InternalCallback
                0x00004290       0x6c ./SDK/platform/pal/src/can/can_pal.o
 .text.CAN_Init
                0x000042fc       0xfc ./SDK/platform/pal/src/can/can_pal.o
                0x000042fc                CAN_Init
 .text.CAN_ConfigTxBuff
                0x000043f8       0xa8 ./SDK/platform/pal/src/can/can_pal.o
                0x000043f8                CAN_ConfigTxBuff
 .text.CAN_ConfigRxBuff
                0x000044a0       0xbc ./SDK/platform/pal/src/can/can_pal.o
                0x000044a0                CAN_ConfigRxBuff
 .text.CAN_Receive
                0x0000455c       0x64 ./SDK/platform/pal/src/can/can_pal.o
                0x0000455c                CAN_Receive
 .text.CAN_InstallEventCallback
                0x000045c0       0x50 ./SDK/platform/pal/src/can/can_pal.o
                0x000045c0                CAN_InstallEventCallback
 .text.vListInitialise
                0x00004610       0x16 ./SDK/rtos/FreeRTOS/Source/list.o
                0x00004610                vListInitialise
 .text.vListInitialiseItem
                0x00004626        0x6 ./SDK/rtos/FreeRTOS/Source/list.o
                0x00004626                vListInitialiseItem
 .text.vListInsertEnd
                0x0000462c       0x18 ./SDK/rtos/FreeRTOS/Source/list.o
                0x0000462c                vListInsertEnd
 .text.vListInsert
                0x00004644       0x34 ./SDK/rtos/FreeRTOS/Source/list.o
                0x00004644                vListInsert
 .text.uxListRemove
                0x00004678       0x26 ./SDK/rtos/FreeRTOS/Source/list.o
                0x00004678                uxListRemove
 .text.prvIsQueueEmpty
                0x0000469e       0x16 ./SDK/rtos/FreeRTOS/Source/queue.o
 .text.prvCopyDataToQueue
                0x000046b4       0x76 ./SDK/rtos/FreeRTOS/Source/queue.o
 .text.prvCopyDataFromQueue
                0x0000472a       0x24 ./SDK/rtos/FreeRTOS/Source/queue.o
 .text.prvUnlockQueue
                0x0000474e       0x82 ./SDK/rtos/FreeRTOS/Source/queue.o
 .text.xQueueGenericReset
                0x000047d0       0x80 ./SDK/rtos/FreeRTOS/Source/queue.o
                0x000047d0                xQueueGenericReset
 .text.xQueueGenericCreate
                0x00004850       0x44 ./SDK/rtos/FreeRTOS/Source/queue.o
                0x00004850                xQueueGenericCreate
 .text.xQueueCreateCountingSemaphore
                0x00004894       0x40 ./SDK/rtos/FreeRTOS/Source/queue.o
                0x00004894                xQueueCreateCountingSemaphore
 .text.xQueueGenericSend
                0x000048d4      0x188 ./SDK/rtos/FreeRTOS/Source/queue.o
                0x000048d4                xQueueGenericSend
 .text.xQueueGenericSendFromISR
                0x00004a5c       0xd6 ./SDK/rtos/FreeRTOS/Source/queue.o
                0x00004a5c                xQueueGenericSendFromISR
 .text.xQueueGiveFromISR
                0x00004b32       0xb2 ./SDK/rtos/FreeRTOS/Source/queue.o
                0x00004b32                xQueueGiveFromISR
 .text.xQueueReceive
                0x00004be4      0x158 ./SDK/rtos/FreeRTOS/Source/queue.o
                0x00004be4                xQueueReceive
 .text.vQueueAddToRegistry
                0x00004d3c       0x34 ./SDK/rtos/FreeRTOS/Source/queue.o
                0x00004d3c                vQueueAddToRegistry
 .text.vQueueUnregisterQueue
                0x00004d70       0x34 ./SDK/rtos/FreeRTOS/Source/queue.o
                0x00004d70                vQueueUnregisterQueue
 .text.vQueueDelete
                0x00004da4       0x24 ./SDK/rtos/FreeRTOS/Source/queue.o
                0x00004da4                vQueueDelete
 .text.vQueueWaitForMessageRestricted
                0x00004dc8       0x4e ./SDK/rtos/FreeRTOS/Source/queue.o
                0x00004dc8                vQueueWaitForMessageRestricted
 *fill*         0x00004e16        0x2 
 .text.prvResetNextTaskUnblockTime
                0x00004e18       0x2c ./SDK/rtos/FreeRTOS/Source/tasks.o
 .text.prvAddCurrentTaskToDelayedList
                0x00004e44       0xa0 ./SDK/rtos/FreeRTOS/Source/tasks.o
 .text.prvIdleTask
                0x00004ee4       0x74 ./SDK/rtos/FreeRTOS/Source/tasks.o
 .text.xTaskCreate
                0x00004f58      0x1f4 ./SDK/rtos/FreeRTOS/Source/tasks.o
                0x00004f58                xTaskCreate
 .text.vTaskStartScheduler
                0x0000514c       0x84 ./SDK/rtos/FreeRTOS/Source/tasks.o
                0x0000514c                vTaskStartScheduler
 .text.vTaskSuspendAll
                0x000051d0       0x10 ./SDK/rtos/FreeRTOS/Source/tasks.o
                0x000051d0                vTaskSuspendAll
 .text.xTaskGetTickCount
                0x000051e0        0xc ./SDK/rtos/FreeRTOS/Source/tasks.o
                0x000051e0                xTaskGetTickCount
 .text.xTaskIncrementTick
                0x000051ec      0x138 ./SDK/rtos/FreeRTOS/Source/tasks.o
                0x000051ec                xTaskIncrementTick
 .text.xTaskResumeAll
                0x00005324      0x100 ./SDK/rtos/FreeRTOS/Source/tasks.o
                0x00005324                xTaskResumeAll
 .text.vTaskDelayUntil
                0x00005424       0xa0 ./SDK/rtos/FreeRTOS/Source/tasks.o
                0x00005424                vTaskDelayUntil
 .text.vTaskSwitchContext
                0x000054c4       0xc4 ./SDK/rtos/FreeRTOS/Source/tasks.o
                0x000054c4                vTaskSwitchContext
 .text.vTaskPlaceOnEventList
                0x00005588       0x30 ./SDK/rtos/FreeRTOS/Source/tasks.o
                0x00005588                vTaskPlaceOnEventList
 .text.vTaskPlaceOnEventListRestricted
                0x000055b8       0x3c ./SDK/rtos/FreeRTOS/Source/tasks.o
                0x000055b8                vTaskPlaceOnEventListRestricted
 .text.xTaskRemoveFromEventList
                0x000055f4       0x88 ./SDK/rtos/FreeRTOS/Source/tasks.o
                0x000055f4                xTaskRemoveFromEventList
 .text.vTaskInternalSetTimeOutState
                0x0000567c       0x18 ./SDK/rtos/FreeRTOS/Source/tasks.o
                0x0000567c                vTaskInternalSetTimeOutState
 .text.xTaskCheckForTimeOut
                0x00005694       0x9c ./SDK/rtos/FreeRTOS/Source/tasks.o
                0x00005694                xTaskCheckForTimeOut
 .text.vTaskMissedYield
                0x00005730        0xc ./SDK/rtos/FreeRTOS/Source/tasks.o
                0x00005730                vTaskMissedYield
 .text.xTaskGetSchedulerState
                0x0000573c       0x20 ./SDK/rtos/FreeRTOS/Source/tasks.o
                0x0000573c                xTaskGetSchedulerState
 .text.xTaskPriorityDisinherit
                0x0000575c       0xb0 ./SDK/rtos/FreeRTOS/Source/tasks.o
                0x0000575c                xTaskPriorityDisinherit
 .text.prvInsertTimerInActiveList
                0x0000580c       0x48 ./SDK/rtos/FreeRTOS/Source/timers.o
 .text.prvCheckForValidListAndQueue
                0x00005854       0x5c ./SDK/rtos/FreeRTOS/Source/timers.o
 .text.xTimerCreateTimerTask
                0x000058b0       0x4c ./SDK/rtos/FreeRTOS/Source/timers.o
                0x000058b0                xTimerCreateTimerTask
 .text.xTimerGenericCommand
                0x000058fc       0x60 ./SDK/rtos/FreeRTOS/Source/timers.o
                0x000058fc                xTimerGenericCommand
 .text.prvSampleTimeNow
                0x0000595c       0xac ./SDK/rtos/FreeRTOS/Source/timers.o
 .text.prvTimerTask
                0x00005a08      0x1e8 ./SDK/rtos/FreeRTOS/Source/timers.o
 .text.prvTaskExitError
                0x00005bf0       0x40 ./SDK/rtos/FreeRTOS/Source/portable/GCC/ARM_CM4F/port.o
 .text.prvPortStartFirstTask
                0x00005c30       0x28 ./SDK/rtos/FreeRTOS/Source/portable/GCC/ARM_CM4F/port.o
 .text.vPortEnableVFP
                0x00005c58       0x14 ./SDK/rtos/FreeRTOS/Source/portable/GCC/ARM_CM4F/port.o
 .text.pxPortInitialiseStack
                0x00005c6c       0x2c ./SDK/rtos/FreeRTOS/Source/portable/GCC/ARM_CM4F/port.o
                0x00005c6c                pxPortInitialiseStack
 *fill*         0x00005c98        0x8 
 .text.SVC_Handler
                0x00005ca0       0x24 ./SDK/rtos/FreeRTOS/Source/portable/GCC/ARM_CM4F/port.o
                0x00005ca0                SVC_Handler
 .text.vPortEnterCritical
                0x00005cc4       0x44 ./SDK/rtos/FreeRTOS/Source/portable/GCC/ARM_CM4F/port.o
                0x00005cc4                vPortEnterCritical
 .text.vPortExitCritical
                0x00005d08       0x2c ./SDK/rtos/FreeRTOS/Source/portable/GCC/ARM_CM4F/port.o
                0x00005d08                vPortExitCritical
 *fill*         0x00005d34        0xc 
 .text.PendSV_Handler
                0x00005d40       0x64 ./SDK/rtos/FreeRTOS/Source/portable/GCC/ARM_CM4F/port.o
                0x00005d40                PendSV_Handler
 .text.SysTick_Handler
                0x00005da4       0x2c ./SDK/rtos/FreeRTOS/Source/portable/GCC/ARM_CM4F/port.o
                0x00005da4                SysTick_Handler
 .text.vPortSetupTimerInterrupt
                0x00005dd0       0x24 ./SDK/rtos/FreeRTOS/Source/portable/GCC/ARM_CM4F/port.o
                0x00005dd0                vPortSetupTimerInterrupt
 .text.xPortStartScheduler
                0x00005df4      0x118 ./SDK/rtos/FreeRTOS/Source/portable/GCC/ARM_CM4F/port.o
                0x00005df4                xPortStartScheduler
 .text.vPortValidateInterruptPriority
                0x00005f0c       0x5c ./SDK/rtos/FreeRTOS/Source/portable/GCC/ARM_CM4F/port.o
                0x00005f0c                vPortValidateInterruptPriority
 .text.pvPortMalloc
                0x00005f68       0x64 ./SDK/rtos/FreeRTOS/Source/portable/MemMang/heap_1.o
                0x00005f68                pvPortMalloc
 .text.vPortFree
                0x00005fcc       0x16 ./SDK/rtos/FreeRTOS/Source/portable/MemMang/heap_1.o
                0x00005fcc                vPortFree
 *fill*         0x00005fe2        0x2 
 .text.xPortGetFreeHeapSize
                0x00005fe4       0x10 ./SDK/rtos/FreeRTOS/Source/portable/MemMang/heap_1.o
                0x00005fe4                xPortGetFreeHeapSize
 .text.OSIF_SemaPost
                0x00005ff4       0x5c ./SDK/rtos/osif/osif_freertos.o
                0x00005ff4                OSIF_SemaPost
 .text.OSIF_SemaCreate
                0x00006050       0x1a ./SDK/rtos/osif/osif_freertos.o
                0x00006050                OSIF_SemaCreate
 .text.OSIF_SemaDestroy
                0x0000606a       0x18 ./SDK/rtos/osif/osif_freertos.o
                0x0000606a                OSIF_SemaDestroy
 *fill*         0x00006082        0x2 
 .text.CAN_pal_event_callback
                0x00006084       0x28 ./src/HW_Layer/CANDriver.o
 .text.isr_CAN_MB
                0x000060ac       0x28 ./src/HW_Layer/CANDriver.o
 .text.app_init_CAN
                0x000060d4       0xc4 ./src/HW_Layer/CANDriver.o
                0x000060d4                app_init_CAN
 .text.send_CAN_message
                0x00006198       0x30 ./src/HW_Layer/CANDriver.o
                0x00006198                send_CAN_message
 .text.ADC_IRQHandler
                0x000061c8       0x1c ./src/HW_Layer/SensorManager.o
                0x000061c8                ADC_IRQHandler
 .text.ADC_INIT
                0x000061e4      0x10c ./src/HW_Layer/SensorManager.o
                0x000061e4                ADC_INIT
 .text.Task_200ms
                0x000062f0       0x1a ./src/OS_Layer/Project_Tasks.o
 *fill*         0x0000630a        0x2 
 .text.Task_100ms
                0x0000630c       0xfc ./src/OS_Layer/Project_Tasks.o
 .text.Task_20ms
                0x00006408       0x60 ./src/OS_Layer/Project_Tasks.o
 .text.Tasks_INIT
                0x00006468       0x58 ./src/OS_Layer/Project_Tasks.o
                0x00006468                Tasks_INIT
 .text.vPort_C_ISRHandler
                0x000064c0       0x10 ./src/OS_Layer/rtos.o
                0x000064c0                vPort_C_ISRHandler
 .text.rtos_start
                0x000064d0       0xb4 ./src/OS_Layer/rtos.o
                0x000064d0                rtos_start
 .text.vApplicationMallocFailedHook
                0x00006584       0x12 ./src/OS_Layer/rtos.o
                0x00006584                vApplicationMallocFailedHook
 .text.vApplicationStackOverflowHook
                0x00006596       0x12 ./src/OS_Layer/rtos.o
                0x00006596                vApplicationStackOverflowHook
 .text.vApplicationIdleHook
                0x000065a8       0x12 ./src/OS_Layer/rtos.o
                0x000065a8                vApplicationIdleHook
 .text.vApplicationTickHook
                0x000065ba        0x2 ./src/OS_Layer/rtos.o
                0x000065ba                vApplicationTickHook
 .text.main     0x000065bc        0xa ./src/main.o
                0x000065bc                main
 *fill*         0x000065c6        0x2 
 .text.LED      0x000065c8       0x20 ./src/utilities/Personal_EVB_Drv.o
                0x000065c8                LED
 .text.Read_Pin
                0x000065e8       0x16 ./src/utilities/Personal_EVB_Drv.o
                0x000065e8                Read_Pin
 .text.memcpy   0x000065fe       0x1c C:/NXP/S32DS.3.4/S32DS/build_tools/gcc_b1620/gcc-6.3-arm32-eabi/arm-none-eabi/newlib/lib/thumb/v7e-m/fpv4-sp/hard\libc_nano.a(lib_a-memcpy-stub.o)
                0x000065fe                memcpy
 .text.memset   0x0000661a       0x10 C:/NXP/S32DS.3.4/S32DS/build_tools/gcc_b1620/gcc-6.3-arm32-eabi/arm-none-eabi/newlib/lib/thumb/v7e-m/fpv4-sp/hard\libc_nano.a(lib_a-memset.o)
                0x0000661a                memset
 *(.rodata)
 *(.rodata*)
 *fill*         0x0000662a        0x2 
 .rodata.s_adcBase
                0x0000662c        0x8 ./SDK/platform/drivers/src/adc/adc_driver.o
 .rodata.clockNameMappings
                0x00006634       0x9e ./SDK/platform/drivers/src/clock/S32K1xx/clock_S32K1xx.o
                0x00006634                clockNameMappings
 *fill*         0x000066d2        0x2 
 .rodata.maxSysClksInHSRUN.7631
                0x000066d4       0x54 ./SDK/platform/drivers/src/clock/S32K1xx/clock_S32K1xx.o
 .rodata.maxSysClksInRUN.7630
                0x00006728       0x54 ./SDK/platform/drivers/src/clock/S32K1xx/clock_S32K1xx.o
 .rodata.maxSysClksInVLPR.7629
                0x0000677c       0x54 ./SDK/platform/drivers/src/clock/S32K1xx/clock_S32K1xx.o
 .rodata.peripheralFeaturesList
                0x000067d0       0x4f ./SDK/platform/drivers/src/clock/S32K1xx/clock_S32K1xx.o
                0x000067d0                peripheralFeaturesList
 *fill*         0x0000681f        0x1 
 .rodata.fdInstances.7734
                0x00006820        0x3 ./SDK/platform/drivers/src/flexcan/flexcan_driver.o
 *fill*         0x00006823        0x1 
 .rodata.g_flexcanBase
                0x00006824        0xc ./SDK/platform/drivers/src/flexcan/flexcan_driver.o
 .rodata.g_flexcanBusOffIrqId
                0x00006830        0x3 ./SDK/platform/drivers/src/flexcan/flexcan_driver.o
 *fill*         0x00006833        0x1 
 .rodata.g_flexcanErrorIrqId
                0x00006834        0x3 ./SDK/platform/drivers/src/flexcan/flexcan_driver.o
 *fill*         0x00006837        0x1 
 .rodata.g_flexcanOredMessageBufferIrqId
                0x00006838        0x6 ./SDK/platform/drivers/src/flexcan/flexcan_driver.o
 *fill*         0x0000683e        0x2 
 .rodata.g_flexcanWakeUpIrqId
                0x00006840        0x3 ./SDK/platform/drivers/src/flexcan/flexcan_driver.o
 *fill*         0x00006843        0x1 
 .rodata.payload_code.7832
                0x00006844       0x41 ./SDK/platform/drivers/src/flexcan/flexcan_hw_access.o
 *fill*         0x00006885        0x3 
 .rodata.s_pdbBase
                0x00006888        0x8 ./SDK/platform/drivers/src/pdb/pdb_driver.o
 .rodata.s_pdbClkNames.7044
                0x00006890        0x2 ./SDK/platform/drivers/src/pdb/pdb_driver.o
 *fill*         0x00006892        0x2 
 .rodata.s_pdbIrqId
                0x00006894        0x2 ./SDK/platform/drivers/src/pdb/pdb_driver.o
 *fill*         0x00006896        0x2 
 .rodata.vTaskStartScheduler.str1.4
                0x00006898        0x5 ./SDK/rtos/FreeRTOS/Source/tasks.o
 *fill*         0x0000689d        0x3 
 .rodata.prvCheckForValidListAndQueue.str1.4
                0x000068a0        0x5 ./SDK/rtos/FreeRTOS/Source/timers.o
 *fill*         0x000068a5        0x3 
 .rodata.xTimerCreateTimerTask.str1.4
                0x000068a8        0x8 ./SDK/rtos/FreeRTOS/Source/timers.o
 .rodata.ADC_0_ConvConfig0
                0x000068b0        0xb ./board/peripherals_ADC_0.o
                0x000068b0                ADC_0_ConvConfig0
 *fill*         0x000068bb        0x1 
 .rodata.pdb_1_adcTrigConfig0
                0x000068bc        0x8 ./board/peripherals_pdb_1.o
                0x000068bc                pdb_1_adcTrigConfig0
 .rodata.pdb_1_timerConfig0
                0x000068c4        0x9 ./board/peripherals_pdb_1.o
                0x000068c4                pdb_1_timerConfig0
 *fill*         0x000068cd        0x3 
 .rodata.flexcanBase
                0x000068d0        0xc ./src/HW_Layer/CANDriver.o
                0x000068d0                flexcanBase
 .rodata.Tasks_INIT.str1.4
                0x000068dc       0x24 ./src/OS_Layer/Project_Tasks.o
                                 0x23 (size before relaxing)
 *(.init)
 .init          0x00006900        0x4 c:/nxp/s32ds.3.4/s32ds/build_tools/gcc_v6.3/gcc-6.3-arm32-eabi/bin/../lib/gcc/arm-none-eabi/6.3.1/thumb/v7e-m/fpv4-sp/hard/crti.o
                0x00006900                _init
 *(.fini)
 .fini          0x00006904        0x4 c:/nxp/s32ds.3.4/s32ds/build_tools/gcc_v6.3/gcc-6.3-arm32-eabi/bin/../lib/gcc/arm-none-eabi/6.3.1/thumb/v7e-m/fpv4-sp/hard/crti.o
                0x00006904                _fini
 *(.eh_frame)
                0x00006908                . = ALIGN (0x4)

.glue_7         0x00006908        0x0
 .glue_7        0x00006908        0x0 linker stubs

.glue_7t        0x00006908        0x0
 .glue_7t       0x00006908        0x0 linker stubs

.vfp11_veneer   0x00006908        0x0
 .vfp11_veneer  0x00006908        0x0 linker stubs

.v4_bx          0x00006908        0x0
 .v4_bx         0x00006908        0x0 linker stubs

.iplt           0x00006908        0x0
 .iplt          0x00006908        0x0 c:/nxp/s32ds.3.4/s32ds/build_tools/gcc_v6.3/gcc-6.3-arm32-eabi/bin/../lib/gcc/arm-none-eabi/6.3.1/thumb/v7e-m/fpv4-sp/hard/crtbegin.o

.rel.dyn        0x00006908        0x0
 .rel.iplt      0x00006908        0x0 c:/nxp/s32ds.3.4/s32ds/build_tools/gcc_v6.3/gcc-6.3-arm32-eabi/bin/../lib/gcc/arm-none-eabi/6.3.1/thumb/v7e-m/fpv4-sp/hard/crtbegin.o

.ARM            0x00006908        0x0
                0x00006908                __exidx_start = .
 *(.ARM.exidx*)
                0x00006908                __exidx_end = .
                0x00006908                __etext = .
                0x00006908                __DATA_ROM = .

.interrupts_ram
                0x1fff8000      0x400
                0x1fff8000                . = ALIGN (0x4)
                0x1fff8000                __VECTOR_RAM__ = .
                0x1fff8000                __RAM_START = .
                0x1fff8000                __interrupts_ram_start__ = .
 *(.m_interrupts_ram)
                0x1fff8400                . = (. + M_VECTOR_RAM_SIZE)
 *fill*         0x1fff8000      0x400 
                0x1fff8400                . = ALIGN (0x4)
                0x1fff8400                __interrupts_ram_end__ = .
                0x1fff8000                __VECTOR_RAM = DEFINED (__flash_vector_table__)?ORIGIN (m_interrupts):__VECTOR_RAM__
                0x00000400                __RAM_VECTOR_TABLE_SIZE = DEFINED (__flash_vector_table__)?0x0:(__interrupts_ram_end__ - __interrupts_ram_start__)

.data           0x1fff8400      0x530 load address 0x00006908
                0x1fff8400                . = ALIGN (0x4)
                0x1fff8400                __DATA_RAM = .
                0x1fff8400                __data_start__ = .
 *(.data)
 *(.data*)
 .data.peripheralClockConfig.7378
                0x1fff8400       0xa0 ./SDK/platform/drivers/src/clock/S32K1xx/clock_S32K1xx.o
 .data.uxCriticalNesting
                0x1fff84a0        0x4 ./SDK/rtos/FreeRTOS/Source/portable/GCC/ARM_CM4F/port.o
 .data.clockMan1_InitConfig0
                0x1fff84a4       0x88 ./board/clock_config.o
                0x1fff84a4                clockMan1_InitConfig0
 .data.g_clockManConfigsArr
                0x1fff852c        0x4 ./board/clock_config.o
                0x1fff852c                g_clockManConfigsArr
 .data.peripheralClockConfig0
                0x1fff8530       0xa0 ./board/clock_config.o
                0x1fff8530                peripheralClockConfig0
 .data.ADC_0_ChnConfig0
                0x1fff85d0        0x4 ./board/peripherals_ADC_0.o
                0x1fff85d0                ADC_0_ChnConfig0
 .data.can_config0
                0x1fff85d4       0x34 ./board/peripherals_can_pal_1.o
                0x1fff85d4                can_config0
 .data.g_pin_mux_InitConfigArr0
                0x1fff8608      0x318 ./board/pin_mux.o
                0x1fff8608                g_pin_mux_InitConfigArr0
 .data.default_tx_info
                0x1fff8920        0xc ./src/HW_Layer/CANDriver.o
                0x1fff8920                default_tx_info
 .data.TogglePins
                0x1fff892c        0x4 ./src/OS_Layer/Project_Tasks.o
                0x1fff892c                TogglePins
                0x1fff8930                . = ALIGN (0x4)
                0x1fff8930                __data_end__ = .
                0x00006e38                __DATA_END = (__DATA_ROM + (__data_end__ - __data_start__))
                0x00006e38                __CODE_ROM = __DATA_END

.igot.plt       0x1fff8930        0x0 load address 0x00006e38
 .igot.plt      0x1fff8930        0x0 c:/nxp/s32ds.3.4/s32ds/build_tools/gcc_v6.3/gcc-6.3-arm32-eabi/bin/../lib/gcc/arm-none-eabi/6.3.1/thumb/v7e-m/fpv4-sp/hard/crtbegin.o

.code           0x1fff8930        0x0 load address 0x00006e38
                0x1fff8930                . = ALIGN (0x4)
                0x1fff8930                __CODE_RAM = .
                0x1fff8930                __code_start__ = .
                0x1fff8930                __code_ram_start__ = .
 *(.code_ram)
                0x1fff8930                . = ALIGN (0x4)
                0x1fff8930                __code_end__ = .
                0x1fff8930                __code_ram_end__ = .
                0x00006e38                __CODE_END = (__CODE_ROM + (__code_end__ - __code_start__))
                0x00006e38                __CUSTOM_ROM = __CODE_END

.customSectionBlock
                0x20000000        0x0 load address 0x00006e38
                0x20000000                __customSection_start__ = .
 *(.customSection)
                0x20000000                __customSection_end__ = .
                0x00006e38                __CUSTOM_END = (__CUSTOM_ROM + (__customSection_end__ - __customSection_start__))
                0x00006e38                __rom_end = __CUSTOM_END

.bss            0x20000000     0x2454
                0x20000000                . = ALIGN (0x4)
                0x20000000                __BSS_START = .
                0x20000000                __bss_start__ = .
 *(.bss)
 *(.bss*)
 .bss.g_clockState
                0x20000000       0x10 ./SDK/platform/drivers/src/clock/S32K1xx/clock_S32K1xx.o
 .bss.s_virtEdmaState
                0x20000010        0x4 ./SDK/platform/drivers/src/edma/edma_driver.o
 .bss.g_flexcanStatePtr
                0x20000014        0xc ./SDK/platform/drivers/src/flexcan/flexcan_driver.o
 .bss.g_interruptDisableCount
                0x20000020        0x4 ./SDK/platform/drivers/src/interrupt/interrupt_manager.o
 .bss.s_flexcanRxFifoState
                0x20000024        0x2 ./SDK/platform/pal/src/can/can_pal.o
 *fill*         0x20000026        0x2 
 .bss.s_flexcanState
                0x20000028      0x194 ./SDK/platform/pal/src/can/can_pal.o
 .bss.s_flexcanStateInstanceMapping
                0x200001bc        0x4 ./SDK/platform/pal/src/can/can_pal.o
 .bss.s_flexcanStateIsAllocated
                0x200001c0        0x1 ./SDK/platform/pal/src/can/can_pal.o
 *fill*         0x200001c1        0x3 
 .bss.s_hwObjConfigs
                0x200001c4       0x80 ./SDK/platform/pal/src/can/can_pal.o
 .bss.userCallbacks
                0x20000244        0x4 ./SDK/platform/pal/src/can/can_pal.o
 .bss.pxCurrentTCB
                0x20000248        0x4 ./SDK/rtos/FreeRTOS/Source/tasks.o
                0x20000248                pxCurrentTCB
 .bss.pxDelayedTaskList
                0x2000024c        0x4 ./SDK/rtos/FreeRTOS/Source/tasks.o
 .bss.pxOverflowDelayedTaskList
                0x20000250        0x4 ./SDK/rtos/FreeRTOS/Source/tasks.o
 .bss.pxReadyTasksLists
                0x20000254       0x64 ./SDK/rtos/FreeRTOS/Source/tasks.o
 .bss.uxCurrentNumberOfTasks
                0x200002b8        0x4 ./SDK/rtos/FreeRTOS/Source/tasks.o
 .bss.uxDeletedTasksWaitingCleanUp
                0x200002bc        0x4 ./SDK/rtos/FreeRTOS/Source/tasks.o
 .bss.uxPendedTicks
                0x200002c0        0x4 ./SDK/rtos/FreeRTOS/Source/tasks.o
 .bss.uxSchedulerSuspended
                0x200002c4        0x4 ./SDK/rtos/FreeRTOS/Source/tasks.o
 .bss.uxTaskNumber
                0x200002c8        0x4 ./SDK/rtos/FreeRTOS/Source/tasks.o
 .bss.uxTopReadyPriority
                0x200002cc        0x4 ./SDK/rtos/FreeRTOS/Source/tasks.o
 .bss.xDelayedTaskList1
                0x200002d0       0x14 ./SDK/rtos/FreeRTOS/Source/tasks.o
 .bss.xDelayedTaskList2
                0x200002e4       0x14 ./SDK/rtos/FreeRTOS/Source/tasks.o
 .bss.xIdleTaskHandle
                0x200002f8        0x4 ./SDK/rtos/FreeRTOS/Source/tasks.o
 .bss.xNextTaskUnblockTime
                0x200002fc        0x4 ./SDK/rtos/FreeRTOS/Source/tasks.o
 .bss.xNumOfOverflows
                0x20000300        0x4 ./SDK/rtos/FreeRTOS/Source/tasks.o
 .bss.xPendingReadyList
                0x20000304       0x14 ./SDK/rtos/FreeRTOS/Source/tasks.o
 .bss.xSchedulerRunning
                0x20000318        0x4 ./SDK/rtos/FreeRTOS/Source/tasks.o
 .bss.xSuspendedTaskList
                0x2000031c       0x14 ./SDK/rtos/FreeRTOS/Source/tasks.o
 .bss.xTasksWaitingTermination
                0x20000330       0x14 ./SDK/rtos/FreeRTOS/Source/tasks.o
 .bss.xTickCount
                0x20000344        0x4 ./SDK/rtos/FreeRTOS/Source/tasks.o
 .bss.xYieldPending
                0x20000348        0x4 ./SDK/rtos/FreeRTOS/Source/tasks.o
 .bss.pxCurrentTimerList
                0x2000034c        0x4 ./SDK/rtos/FreeRTOS/Source/timers.o
 .bss.pxOverflowTimerList
                0x20000350        0x4 ./SDK/rtos/FreeRTOS/Source/timers.o
 .bss.xActiveTimerList1
                0x20000354       0x14 ./SDK/rtos/FreeRTOS/Source/timers.o
 .bss.xActiveTimerList2
                0x20000368       0x14 ./SDK/rtos/FreeRTOS/Source/timers.o
 .bss.xLastTime.6408
                0x2000037c        0x4 ./SDK/rtos/FreeRTOS/Source/timers.o
 .bss.xTimerQueue
                0x20000380        0x4 ./SDK/rtos/FreeRTOS/Source/timers.o
 .bss.xTimerTaskHandle
                0x20000384        0x4 ./SDK/rtos/FreeRTOS/Source/timers.o
 .bss.ucMaxSysCallPriority
                0x20000388        0x1 ./SDK/rtos/FreeRTOS/Source/portable/GCC/ARM_CM4F/port.o
 *fill*         0x20000389        0x3 
 .bss.ulMaxPRIGROUPValue
                0x2000038c        0x4 ./SDK/rtos/FreeRTOS/Source/portable/GCC/ARM_CM4F/port.o
 .bss.pucAlignedHeap.6098
                0x20000390        0x4 ./SDK/rtos/FreeRTOS/Source/portable/MemMang/heap_1.o
 .bss.ucHeap    0x20000394     0x2000 ./SDK/rtos/FreeRTOS/Source/portable/MemMang/heap_1.o
 .bss.xNextFreeByte
                0x20002394        0x4 ./SDK/rtos/FreeRTOS/Source/portable/MemMang/heap_1.o
 .bss.g_clockManCallbacksArr
                0x20002398        0x4 ./board/clock_config.o
                0x20002398                g_clockManCallbacksArr
 .bss.can_instance0
                0x2000239c        0x8 ./board/peripherals_can_pal_1.o
                0x2000239c                can_instance0
 *(COMMON)
 COMMON         0x200023a4       0x14 ./SDK/platform/drivers/src/clock/S32K1xx/clock_S32K1xx.o
                0x200023a4                g_xtal0ClkFreq
                0x200023a8                g_RtcClkInFreq
                0x200023ac                g_TClkFreq
 COMMON         0x200023b8       0x40 ./SDK/rtos/FreeRTOS/Source/queue.o
                0x200023b8                xQueueRegistry
 COMMON         0x200023f8       0x4d ./src/HW_Layer/CANDriver.o
                0x200023f8                rx_message
                0x20002444                can_event_type
 *fill*         0x20002445        0x1 
 COMMON         0x20002446        0x4 ./src/HW_Layer/SensorManager.o
                0x20002446                adcConvDone
                0x20002448                adcRawValue
 *fill*         0x2000244a        0x2 
 COMMON         0x2000244c        0x5 ./src/OS_Layer/Project_Tasks.o
                0x2000244c                adc_threshold_exceeded
                0x20002450                toggleLED
                0x20002454                . = ALIGN (0x4)
 *fill*         0x20002451        0x3 
                0x20002454                __bss_end__ = .
                0x20002454                __BSS_END = .

.heap           0x20002454      0x404
                0x20002458                . = ALIGN (0x8)
 *fill*         0x20002454        0x4 
                0x20002458                __end__ = .
                0x20002458                __heap_start__ = .
                [!provide]                PROVIDE (end, .)
                [!provide]                PROVIDE (_end, .)
                [!provide]                PROVIDE (__end, .)
                0x20002458                __HeapBase = .
                0x20002858                . = (. + HEAP_SIZE)
 *fill*         0x20002458      0x400 
                0x20002858                __HeapLimit = .
                0x20002858                __heap_limit = .
                0x20002858                __heap_end__ = .
                0x20007000                __StackTop = (ORIGIN (m_data_2) + LENGTH (m_data_2))
                0x20006c00                __StackLimit = (__StackTop - STACK_SIZE)
                0x20007000                PROVIDE (__stack, __StackTop)
                0x20007000                __RAM_END = __StackTop

.stack          0x20006c00      0x400
                0x20006c00                . = ALIGN (0x8)
                0x20006c00                __stack_start__ = .
                0x20007000                . = (. + STACK_SIZE)
 *fill*         0x20006c00      0x400 
                0x20007000                __stack_end__ = .

.ARM.attributes
                0x00000000       0x30
 *(.ARM.attributes)
 .ARM.attributes
                0x00000000       0x22 c:/nxp/s32ds.3.4/s32ds/build_tools/gcc_v6.3/gcc-6.3-arm32-eabi/bin/../lib/gcc/arm-none-eabi/6.3.1/thumb/v7e-m/fpv4-sp/hard/crti.o
 .ARM.attributes
                0x00000022       0x1f ./Project_Settings/Startup_Code/startup_S32K144.o
 .ARM.attributes
                0x00000041       0x39 ./SDK/platform/devices/S32K144/startup/system_S32K144.o
 .ARM.attributes
                0x0000007a       0x39 ./SDK/platform/devices/startup.o
 .ARM.attributes
                0x000000b3       0x39 ./SDK/platform/drivers/src/adc/adc_driver.o
 .ARM.attributes
                0x000000ec       0x39 ./SDK/platform/drivers/src/clock/S32K1xx/clock_S32K1xx.o
 .ARM.attributes
                0x00000125       0x39 ./SDK/platform/drivers/src/edma/edma_driver.o
 .ARM.attributes
                0x0000015e       0x39 ./SDK/platform/drivers/src/edma/edma_hw_access.o
 .ARM.attributes
                0x00000197       0x39 ./SDK/platform/drivers/src/edma/edma_irq.o
 .ARM.attributes
                0x000001d0       0x39 ./SDK/platform/drivers/src/flexcan/flexcan_driver.o
 .ARM.attributes
                0x00000209       0x39 ./SDK/platform/drivers/src/flexcan/flexcan_hw_access.o
 .ARM.attributes
                0x00000242       0x39 ./SDK/platform/drivers/src/flexcan/flexcan_irq.o
 .ARM.attributes
                0x0000027b       0x39 ./SDK/platform/drivers/src/interrupt/interrupt_manager.o
 .ARM.attributes
                0x000002b4       0x39 ./SDK/platform/drivers/src/pdb/pdb_driver.o
 .ARM.attributes
                0x000002ed       0x39 ./SDK/platform/drivers/src/pdb/pdb_hw_access.o
 .ARM.attributes
                0x00000326       0x39 ./SDK/platform/drivers/src/pins/pins_driver.o
 .ARM.attributes
                0x0000035f       0x39 ./SDK/platform/drivers/src/pins/pins_port_hw_access.o
 .ARM.attributes
                0x00000398       0x39 ./SDK/platform/pal/src/can/can_pal.o
 .ARM.attributes
                0x000003d1       0x39 ./SDK/rtos/FreeRTOS/Source/list.o
 .ARM.attributes
                0x0000040a       0x39 ./SDK/rtos/FreeRTOS/Source/queue.o
 .ARM.attributes
                0x00000443       0x39 ./SDK/rtos/FreeRTOS/Source/tasks.o
 .ARM.attributes
                0x0000047c       0x39 ./SDK/rtos/FreeRTOS/Source/timers.o
 .ARM.attributes
                0x000004b5       0x39 ./SDK/rtos/FreeRTOS/Source/portable/GCC/ARM_CM4F/port.o
 .ARM.attributes
                0x000004ee       0x39 ./SDK/rtos/FreeRTOS/Source/portable/MemMang/heap_1.o
 .ARM.attributes
                0x00000527       0x39 ./SDK/rtos/osif/osif_freertos.o
 .ARM.attributes
                0x00000560       0x39 ./board/clock_config.o
 .ARM.attributes
                0x00000599       0x39 ./board/peripherals_ADC_0.o
 .ARM.attributes
                0x000005d2       0x39 ./board/peripherals_can_pal_1.o
 .ARM.attributes
                0x0000060b       0x39 ./board/peripherals_pdb_1.o
 .ARM.attributes
                0x00000644       0x39 ./board/pin_mux.o
 .ARM.attributes
                0x0000067d       0x39 ./src/HW_Layer/CANDriver.o
 .ARM.attributes
                0x000006b6       0x39 ./src/HW_Layer/SensorManager.o
 .ARM.attributes
                0x000006ef       0x39 ./src/OS_Layer/Project_Tasks.o
 .ARM.attributes
                0x00000728       0x39 ./src/OS_Layer/rtos.o
 .ARM.attributes
                0x00000761       0x39 ./src/main.o
 .ARM.attributes
                0x0000079a       0x39 ./src/utilities/Personal_EVB_Drv.o
 .ARM.attributes
                0x000007d3       0x34 C:/NXP/S32DS.3.4/S32DS/build_tools/gcc_b1620/gcc-6.3-arm32-eabi/arm-none-eabi/newlib/lib/thumb/v7e-m/fpv4-sp/hard\libc_nano.a(lib_a-memcpy-stub.o)
 .ARM.attributes
                0x00000807       0x34 C:/NXP/S32DS.3.4/S32DS/build_tools/gcc_b1620/gcc-6.3-arm32-eabi/arm-none-eabi/newlib/lib/thumb/v7e-m/fpv4-sp/hard\libc_nano.a(lib_a-memset.o)
                0x00000001                ASSERT ((__rom_end <= (ORIGIN (m_text) + LENGTH (m_text))), Region m_text overflowed!)
                0x00000001                ASSERT ((__StackLimit >= __HeapLimit), region m_data_2 overflowed with stack and heap)
OUTPUT(DCU.elf elf32-littlearm)

.debug_line     0x00000000    0x11a14
 .debug_line    0x00000000       0xcc ./Project_Settings/Startup_Code/startup_S32K144.o
 .debug_line    0x000000cc      0x423 ./SDK/platform/devices/S32K144/startup/system_S32K144.o
 .debug_line    0x000004ef      0x3b1 ./SDK/platform/devices/startup.o
 .debug_line    0x000008a0      0xb77 ./SDK/platform/drivers/src/adc/adc_driver.o
 .debug_line    0x00001417     0x1507 ./SDK/platform/drivers/src/clock/S32K1xx/clock_S32K1xx.o
 .debug_line    0x0000291e     0x10cd ./SDK/platform/drivers/src/edma/edma_driver.o
 .debug_line    0x000039eb      0x5b4 ./SDK/platform/drivers/src/edma/edma_hw_access.o
 .debug_line    0x00003f9f      0x51b ./SDK/platform/drivers/src/edma/edma_irq.o
 .debug_line    0x000044ba     0x14bb ./SDK/platform/drivers/src/flexcan/flexcan_driver.o
 .debug_line    0x00005975      0xc33 ./SDK/platform/drivers/src/flexcan/flexcan_hw_access.o
 .debug_line    0x000065a8      0x473 ./SDK/platform/drivers/src/flexcan/flexcan_irq.o
 .debug_line    0x00006a1b      0x5aa ./SDK/platform/drivers/src/interrupt/interrupt_manager.o
 .debug_line    0x00006fc5      0x87e ./SDK/platform/drivers/src/pdb/pdb_driver.o
 .debug_line    0x00007843      0x66a ./SDK/platform/drivers/src/pdb/pdb_hw_access.o
 .debug_line    0x00007ead      0x6f1 ./SDK/platform/drivers/src/pins/pins_driver.o
 .debug_line    0x0000859e      0x5b0 ./SDK/platform/drivers/src/pins/pins_port_hw_access.o
 .debug_line    0x00008b4e      0xc0c ./SDK/platform/pal/src/can/can_pal.o
 .debug_line    0x0000975a      0x4ea ./SDK/rtos/FreeRTOS/Source/list.o
 .debug_line    0x00009c44      0xb0f ./SDK/rtos/FreeRTOS/Source/queue.o
 .debug_line    0x0000a753      0xefa ./SDK/rtos/FreeRTOS/Source/tasks.o
 .debug_line    0x0000b64d      0x73f ./SDK/rtos/FreeRTOS/Source/timers.o
 .debug_line    0x0000bd8c      0x53a ./SDK/rtos/FreeRTOS/Source/portable/GCC/ARM_CM4F/port.o
 .debug_line    0x0000c2c6      0x4eb ./SDK/rtos/FreeRTOS/Source/portable/MemMang/heap_1.o
 .debug_line    0x0000c7b1      0x69a ./SDK/rtos/osif/osif_freertos.o
 .debug_line    0x0000ce4b      0x451 ./board/clock_config.o
 .debug_line    0x0000d29c      0x3b3 ./board/peripherals_ADC_0.o
 .debug_line    0x0000d64f      0x60b ./board/peripherals_can_pal_1.o
 .debug_line    0x0000dc5a      0x49a ./board/peripherals_pdb_1.o
 .debug_line    0x0000e0f4      0x3ea ./board/pin_mux.o
 .debug_line    0x0000e4de      0x9ab ./src/HW_Layer/CANDriver.o
 .debug_line    0x0000ee89      0x8b3 ./src/HW_Layer/SensorManager.o
 .debug_line    0x0000f73c      0x9b4 ./src/OS_Layer/Project_Tasks.o
 .debug_line    0x000100f0      0x960 ./src/OS_Layer/rtos.o
 .debug_line    0x00010a50      0x7c2 ./src/main.o
 .debug_line    0x00011212      0x802 ./src/utilities/Personal_EVB_Drv.o

.debug_info     0x00000000    0x37ec2
 .debug_info    0x00000000       0x26 ./Project_Settings/Startup_Code/startup_S32K144.o
 .debug_info    0x00000026      0x521 ./SDK/platform/devices/S32K144/startup/system_S32K144.o
 .debug_info    0x00000547      0x2ad ./SDK/platform/devices/startup.o
 .debug_info    0x000007f4     0x3544 ./SDK/platform/drivers/src/adc/adc_driver.o
 .debug_info    0x00003d38     0x6226 ./SDK/platform/drivers/src/clock/S32K1xx/clock_S32K1xx.o
 .debug_info    0x00009f5e     0x48a2 ./SDK/platform/drivers/src/edma/edma_driver.o
 .debug_info    0x0000e800      0xa56 ./SDK/platform/drivers/src/edma/edma_hw_access.o
 .debug_info    0x0000f256      0x6de ./SDK/platform/drivers/src/edma/edma_irq.o
 .debug_info    0x0000f934     0x5bb3 ./SDK/platform/drivers/src/flexcan/flexcan_driver.o
 .debug_info    0x000154e7     0x2033 ./SDK/platform/drivers/src/flexcan/flexcan_hw_access.o
 .debug_info    0x0001751a      0x284 ./SDK/platform/drivers/src/flexcan/flexcan_irq.o
 .debug_info    0x0001779e      0xc99 ./SDK/platform/drivers/src/interrupt/interrupt_manager.o
 .debug_info    0x00018437     0x1ec5 ./SDK/platform/drivers/src/pdb/pdb_driver.o
 .debug_info    0x0001a2fc      0x978 ./SDK/platform/drivers/src/pdb/pdb_hw_access.o
 .debug_info    0x0001ac74     0x14b7 ./SDK/platform/drivers/src/pins/pins_driver.o
 .debug_info    0x0001c12b      0x9a5 ./SDK/platform/drivers/src/pins/pins_port_hw_access.o
 .debug_info    0x0001cad0     0x20b9 ./SDK/platform/pal/src/can/can_pal.o
 .debug_info    0x0001eb89      0xaae ./SDK/rtos/FreeRTOS/Source/list.o
 .debug_info    0x0001f637     0x2822 ./SDK/rtos/FreeRTOS/Source/queue.o
 .debug_info    0x00021e59     0x31bf ./SDK/rtos/FreeRTOS/Source/tasks.o
 .debug_info    0x00025018     0x1b32 ./SDK/rtos/FreeRTOS/Source/timers.o
 .debug_info    0x00026b4a      0x560 ./SDK/rtos/FreeRTOS/Source/portable/GCC/ARM_CM4F/port.o
 .debug_info    0x000270aa      0xa19 ./SDK/rtos/FreeRTOS/Source/portable/MemMang/heap_1.o
 .debug_info    0x00027ac3      0xb79 ./SDK/rtos/osif/osif_freertos.o
 .debug_info    0x0002863c     0x12b9 ./board/clock_config.o
 .debug_info    0x000298f5      0x388 ./board/peripherals_ADC_0.o
 .debug_info    0x00029c7d      0x251 ./board/peripherals_can_pal_1.o
 .debug_info    0x00029ece      0x48c ./board/peripherals_pdb_1.o
 .debug_info    0x0002a35a      0x409 ./board/pin_mux.o
 .debug_info    0x0002a763     0x298a ./src/HW_Layer/CANDriver.o
 .debug_info    0x0002d0ed     0x25a8 ./src/HW_Layer/SensorManager.o
 .debug_info    0x0002f695     0x2330 ./src/OS_Layer/Project_Tasks.o
 .debug_info    0x000319c5     0x25ef ./src/OS_Layer/rtos.o
 .debug_info    0x00033fb4     0x1f29 ./src/main.o
 .debug_info    0x00035edd     0x1fe5 ./src/utilities/Personal_EVB_Drv.o

.debug_abbrev   0x00000000     0x4f5f
 .debug_abbrev  0x00000000       0x14 ./Project_Settings/Startup_Code/startup_S32K144.o
 .debug_abbrev  0x00000014      0x141 ./SDK/platform/devices/S32K144/startup/system_S32K144.o
 .debug_abbrev  0x00000155       0xe1 ./SDK/platform/devices/startup.o
 .debug_abbrev  0x00000236      0x3a1 ./SDK/platform/drivers/src/adc/adc_driver.o
 .debug_abbrev  0x000005d7      0x409 ./SDK/platform/drivers/src/clock/S32K1xx/clock_S32K1xx.o
 .debug_abbrev  0x000009e0      0x414 ./SDK/platform/drivers/src/edma/edma_driver.o
 .debug_abbrev  0x00000df4      0x242 ./SDK/platform/drivers/src/edma/edma_hw_access.o
 .debug_abbrev  0x00001036      0x1bb ./SDK/platform/drivers/src/edma/edma_irq.o
 .debug_abbrev  0x000011f1      0x466 ./SDK/platform/drivers/src/flexcan/flexcan_driver.o
 .debug_abbrev  0x00001657      0x3a7 ./SDK/platform/drivers/src/flexcan/flexcan_hw_access.o
 .debug_abbrev  0x000019fe       0x6f ./SDK/platform/drivers/src/flexcan/flexcan_irq.o
 .debug_abbrev  0x00001a6d      0x278 ./SDK/platform/drivers/src/interrupt/interrupt_manager.o
 .debug_abbrev  0x00001ce5      0x397 ./SDK/platform/drivers/src/pdb/pdb_driver.o
 .debug_abbrev  0x0000207c      0x270 ./SDK/platform/drivers/src/pdb/pdb_hw_access.o
 .debug_abbrev  0x000022ec      0x2f6 ./SDK/platform/drivers/src/pins/pins_driver.o
 .debug_abbrev  0x000025e2      0x232 ./SDK/platform/drivers/src/pins/pins_port_hw_access.o
 .debug_abbrev  0x00002814      0x322 ./SDK/platform/pal/src/can/can_pal.o
 .debug_abbrev  0x00002b36      0x1da ./SDK/rtos/FreeRTOS/Source/list.o
 .debug_abbrev  0x00002d10      0x390 ./SDK/rtos/FreeRTOS/Source/queue.o
 .debug_abbrev  0x000030a0      0x3e5 ./SDK/rtos/FreeRTOS/Source/tasks.o
 .debug_abbrev  0x00003485      0x387 ./SDK/rtos/FreeRTOS/Source/timers.o
 .debug_abbrev  0x0000380c      0x22a ./SDK/rtos/FreeRTOS/Source/portable/GCC/ARM_CM4F/port.o
 .debug_abbrev  0x00003a36      0x27c ./SDK/rtos/FreeRTOS/Source/portable/MemMang/heap_1.o
 .debug_abbrev  0x00003cb2      0x275 ./SDK/rtos/osif/osif_freertos.o
 .debug_abbrev  0x00003f27      0x125 ./board/clock_config.o
 .debug_abbrev  0x0000404c       0xc1 ./board/peripherals_ADC_0.o
 .debug_abbrev  0x0000410d       0x8f ./board/peripherals_can_pal_1.o
 .debug_abbrev  0x0000419c       0xb0 ./board/peripherals_pdb_1.o
 .debug_abbrev  0x0000424c       0xcd ./board/pin_mux.o
 .debug_abbrev  0x00004319      0x255 ./src/HW_Layer/CANDriver.o
 .debug_abbrev  0x0000456e      0x275 ./src/HW_Layer/SensorManager.o
 .debug_abbrev  0x000047e3      0x200 ./src/OS_Layer/Project_Tasks.o
 .debug_abbrev  0x000049e3      0x26e ./src/OS_Layer/rtos.o
 .debug_abbrev  0x00004c51      0x157 ./src/main.o
 .debug_abbrev  0x00004da8      0x1b7 ./src/utilities/Personal_EVB_Drv.o

.debug_aranges  0x00000000     0x11b8
 .debug_aranges
                0x00000000       0x20 ./Project_Settings/Startup_Code/startup_S32K144.o
 .debug_aranges
                0x00000020       0x30 ./SDK/platform/devices/S32K144/startup/system_S32K144.o
 .debug_aranges
                0x00000050       0x20 ./SDK/platform/devices/startup.o
 .debug_aranges
                0x00000070       0xe8 ./SDK/platform/drivers/src/adc/adc_driver.o
 .debug_aranges
                0x00000158      0x128 ./SDK/platform/drivers/src/clock/S32K1xx/clock_S32K1xx.o
 .debug_aranges
                0x00000280      0x140 ./SDK/platform/drivers/src/edma/edma_driver.o
 .debug_aranges
                0x000003c0       0x88 ./SDK/platform/drivers/src/edma/edma_hw_access.o
 .debug_aranges
                0x00000448       0xa0 ./SDK/platform/drivers/src/edma/edma_irq.o
 .debug_aranges
                0x000004e8      0x198 ./SDK/platform/drivers/src/flexcan/flexcan_driver.o
 .debug_aranges
                0x00000680       0xf8 ./SDK/platform/drivers/src/flexcan/flexcan_hw_access.o
 .debug_aranges
                0x00000778       0x80 ./SDK/platform/drivers/src/flexcan/flexcan_irq.o
 .debug_aranges
                0x000007f8       0x70 ./SDK/platform/drivers/src/interrupt/interrupt_manager.o
 .debug_aranges
                0x00000868       0xc0 ./SDK/platform/drivers/src/pdb/pdb_driver.o
 .debug_aranges
                0x00000928       0x58 ./SDK/platform/drivers/src/pdb/pdb_hw_access.o
 .debug_aranges
                0x00000980       0xe0 ./SDK/platform/drivers/src/pins/pins_driver.o
 .debug_aranges
                0x00000a60       0x40 ./SDK/platform/drivers/src/pins/pins_port_hw_access.o
 .debug_aranges
                0x00000aa0       0xa8 ./SDK/platform/pal/src/can/can_pal.o
 .debug_aranges
                0x00000b48       0x40 ./SDK/rtos/FreeRTOS/Source/list.o
 .debug_aranges
                0x00000b88      0x108 ./SDK/rtos/FreeRTOS/Source/queue.o
 .debug_aranges
                0x00000c90      0x1b0 ./SDK/rtos/FreeRTOS/Source/tasks.o
 .debug_aranges
                0x00000e40       0xa0 ./SDK/rtos/FreeRTOS/Source/timers.o
 .debug_aranges
                0x00000ee0       0x80 ./SDK/rtos/FreeRTOS/Source/portable/GCC/ARM_CM4F/port.o
 .debug_aranges
                0x00000f60       0x38 ./SDK/rtos/FreeRTOS/Source/portable/MemMang/heap_1.o
 .debug_aranges
                0x00000f98       0x68 ./SDK/rtos/osif/osif_freertos.o
 .debug_aranges
                0x00001000       0x18 ./board/clock_config.o
 .debug_aranges
                0x00001018       0x18 ./board/peripherals_ADC_0.o
 .debug_aranges
                0x00001030       0x18 ./board/peripherals_can_pal_1.o
 .debug_aranges
                0x00001048       0x18 ./board/peripherals_pdb_1.o
 .debug_aranges
                0x00001060       0x18 ./board/pin_mux.o
 .debug_aranges
                0x00001078       0x38 ./src/HW_Layer/CANDriver.o
 .debug_aranges
                0x000010b0       0x30 ./src/HW_Layer/SensorManager.o
 .debug_aranges
                0x000010e0       0x38 ./src/OS_Layer/Project_Tasks.o
 .debug_aranges
                0x00001118       0x58 ./src/OS_Layer/rtos.o
 .debug_aranges
                0x00001170       0x20 ./src/main.o
 .debug_aranges
                0x00001190       0x28 ./src/utilities/Personal_EVB_Drv.o

.debug_str      0x00000000    0x81000
 .debug_str     0x00000000       0xc6 ./Project_Settings/Startup_Code/startup_S32K144.o
 .debug_str     0x000000c6    0x68837 ./SDK/platform/devices/S32K144/startup/system_S32K144.o
                              0x689c8 (size before relaxing)
 .debug_str     0x000688fd      0x399 ./SDK/platform/devices/startup.o
                              0x68b3a (size before relaxing)
 .debug_str     0x00068c96     0x250c ./SDK/platform/drivers/src/adc/adc_driver.o
                              0x6afd1 (size before relaxing)
 .debug_str     0x0006b1a2     0x31b9 ./SDK/platform/drivers/src/clock/S32K1xx/clock_S32K1xx.o
                              0x6cc4e (size before relaxing)
 .debug_str     0x0006e35b     0x1939 ./SDK/platform/drivers/src/edma/edma_driver.o
                              0x6b920 (size before relaxing)
 .debug_str     0x0006fc94       0x46 ./SDK/platform/drivers/src/edma/edma_hw_access.o
                              0x690b1 (size before relaxing)
 .debug_str     0x0006fcda      0x162 ./SDK/platform/drivers/src/edma/edma_irq.o
                              0x68dbc (size before relaxing)
 .debug_str     0x0006fe3c     0x755e ./SDK/platform/drivers/src/flexcan/flexcan_driver.o
                              0x71775 (size before relaxing)
 .debug_str     0x0007739a      0x50b ./SDK/platform/drivers/src/flexcan/flexcan_hw_access.o
                              0x6fbd2 (size before relaxing)
 .debug_str     0x000778a5      0x17c ./SDK/platform/drivers/src/flexcan/flexcan_irq.o
                              0x688fc (size before relaxing)
 .debug_str     0x00077a21      0x1ba ./SDK/platform/drivers/src/interrupt/interrupt_manager.o
                              0x692c3 (size before relaxing)
 .debug_str     0x00077bdb      0x8b4 ./SDK/platform/drivers/src/pdb/pdb_driver.o
                              0x6a851 (size before relaxing)
 .debug_str     0x0007848f       0x35 ./SDK/platform/drivers/src/pdb/pdb_hw_access.o
                              0x69109 (size before relaxing)
 .debug_str     0x000784c4      0x9d0 ./SDK/platform/drivers/src/pins/pins_driver.o
                              0x69c96 (size before relaxing)
 .debug_str     0x00078e94      0x1c4 ./SDK/platform/drivers/src/pins/pins_port_hw_access.o
                              0x6917e (size before relaxing)
 .debug_str     0x00079058      0x44a ./SDK/platform/pal/src/can/can_pal.o
                              0x6f05c (size before relaxing)
 .debug_str     0x000794a2     0x2e99 ./SDK/rtos/FreeRTOS/Source/list.o
                               0xa27b (size before relaxing)
 .debug_str     0x0007c33b      0xaba ./SDK/rtos/FreeRTOS/Source/queue.o
                               0xbad0 (size before relaxing)
 .debug_str     0x0007cdf5     0x22de ./SDK/rtos/FreeRTOS/Source/tasks.o
                               0xcf4f (size before relaxing)
 .debug_str     0x0007f0d3      0x5af ./SDK/rtos/FreeRTOS/Source/timers.o
                               0xbf4c (size before relaxing)
 .debug_str     0x0007f682      0x7ab ./SDK/rtos/FreeRTOS/Source/portable/GCC/ARM_CM4F/port.o
                               0x7ed8 (size before relaxing)
 .debug_str     0x0007fe2d      0x12d ./SDK/rtos/FreeRTOS/Source/portable/MemMang/heap_1.o
                               0xa94d (size before relaxing)
 .debug_str     0x0007ff5a      0x185 ./SDK/rtos/osif/osif_freertos.o
                              0x6e292 (size before relaxing)
 .debug_str     0x000800df       0xda ./board/clock_config.o
                              0x6aa7c (size before relaxing)
 .debug_str     0x000801b9       0x59 ./board/peripherals_ADC_0.o
                              0x68d0a (size before relaxing)
 .debug_str     0x00080212       0x48 ./board/peripherals_can_pal_1.o
                              0x6d975 (size before relaxing)
 .debug_str     0x0008025a       0x5c ./board/peripherals_pdb_1.o
                              0x69093 (size before relaxing)
 .debug_str     0x000802b6      0x5b8 ./board/pin_mux.o
                              0x693e5 (size before relaxing)
 .debug_str     0x0008086e      0x2f4 ./src/HW_Layer/CANDriver.o
                              0x72b8e (size before relaxing)
 .debug_str     0x00080b62      0x164 ./src/HW_Layer/SensorManager.o
                              0x71b96 (size before relaxing)
 .debug_str     0x00080cc6      0x245 ./src/OS_Layer/Project_Tasks.o
                              0x71f52 (size before relaxing)
 .debug_str     0x00080f0b       0xa7 ./src/OS_Layer/rtos.o
                              0x72640 (size before relaxing)
 .debug_str     0x00080fb2       0x13 ./src/main.o
                              0x712f1 (size before relaxing)
 .debug_str     0x00080fc5       0x3b ./src/utilities/Personal_EVB_Drv.o
                              0x71397 (size before relaxing)

.debug_loc      0x00000000    0x18605
 .debug_loc     0x00000000       0xeb ./SDK/platform/devices/S32K144/startup/system_S32K144.o
 .debug_loc     0x000000eb       0xec ./SDK/platform/devices/startup.o
 .debug_loc     0x000001d7     0x1a7f ./SDK/platform/drivers/src/adc/adc_driver.o
 .debug_loc     0x00001c56     0x4dac ./SDK/platform/drivers/src/clock/S32K1xx/clock_S32K1xx.o
 .debug_loc     0x00006a02     0x336f ./SDK/platform/drivers/src/edma/edma_driver.o
 .debug_loc     0x00009d71      0x7b9 ./SDK/platform/drivers/src/edma/edma_hw_access.o
 .debug_loc     0x0000a52a       0x50 ./SDK/platform/drivers/src/edma/edma_irq.o
 .debug_loc     0x0000a57a     0x3a36 ./SDK/platform/drivers/src/flexcan/flexcan_driver.o
 .debug_loc     0x0000dfb0     0x1d02 ./SDK/platform/drivers/src/flexcan/flexcan_hw_access.o
 .debug_loc     0x0000fcb2      0x678 ./SDK/platform/drivers/src/interrupt/interrupt_manager.o
 .debug_loc     0x0001032a      0xe14 ./SDK/platform/drivers/src/pdb/pdb_driver.o
 .debug_loc     0x0001113e      0x754 ./SDK/platform/drivers/src/pdb/pdb_hw_access.o
 .debug_loc     0x00011892      0x7c7 ./SDK/platform/drivers/src/pins/pins_driver.o
 .debug_loc     0x00012059      0x639 ./SDK/platform/drivers/src/pins/pins_port_hw_access.o
 .debug_loc     0x00012692     0x15d8 ./SDK/platform/pal/src/can/can_pal.o
 .debug_loc     0x00013c6a       0x65 ./SDK/rtos/FreeRTOS/Source/list.o
 .debug_loc     0x00013ccf     0x1465 ./SDK/rtos/FreeRTOS/Source/queue.o
 .debug_loc     0x00015134     0x1e57 ./SDK/rtos/FreeRTOS/Source/tasks.o
 .debug_loc     0x00016f8b      0xb6e ./SDK/rtos/FreeRTOS/Source/timers.o
 .debug_loc     0x00017af9       0xdc ./SDK/rtos/FreeRTOS/Source/portable/GCC/ARM_CM4F/port.o
 .debug_loc     0x00017bd5       0xe6 ./SDK/rtos/FreeRTOS/Source/portable/MemMang/heap_1.o
 .debug_loc     0x00017cbb      0x588 ./SDK/rtos/osif/osif_freertos.o
 .debug_loc     0x00018243       0x9b ./src/HW_Layer/CANDriver.o
 .debug_loc     0x000182de      0x17f ./src/HW_Layer/SensorManager.o
 .debug_loc     0x0001845d       0xd3 ./src/OS_Layer/Project_Tasks.o
 .debug_loc     0x00018530       0xd5 ./src/utilities/Personal_EVB_Drv.o

.debug_ranges   0x00000000     0x1930
 .debug_ranges  0x00000000       0x20 ./SDK/platform/devices/S32K144/startup/system_S32K144.o
 .debug_ranges  0x00000020       0x10 ./SDK/platform/devices/startup.o
 .debug_ranges  0x00000030      0x180 ./SDK/platform/drivers/src/adc/adc_driver.o
 .debug_ranges  0x000001b0      0x3c8 ./SDK/platform/drivers/src/clock/S32K1xx/clock_S32K1xx.o
 .debug_ranges  0x00000578      0x190 ./SDK/platform/drivers/src/edma/edma_driver.o
 .debug_ranges  0x00000708       0x90 ./SDK/platform/drivers/src/edma/edma_hw_access.o
 .debug_ranges  0x00000798       0x90 ./SDK/platform/drivers/src/edma/edma_irq.o
 .debug_ranges  0x00000828      0x300 ./SDK/platform/drivers/src/flexcan/flexcan_driver.o
 .debug_ranges  0x00000b28      0x148 ./SDK/platform/drivers/src/flexcan/flexcan_hw_access.o
 .debug_ranges  0x00000c70       0x70 ./SDK/platform/drivers/src/flexcan/flexcan_irq.o
 .debug_ranges  0x00000ce0       0x98 ./SDK/platform/drivers/src/interrupt/interrupt_manager.o
 .debug_ranges  0x00000d78       0xc8 ./SDK/platform/drivers/src/pdb/pdb_driver.o
 .debug_ranges  0x00000e40       0xb0 ./SDK/platform/drivers/src/pdb/pdb_hw_access.o
 .debug_ranges  0x00000ef0       0xd0 ./SDK/platform/drivers/src/pins/pins_driver.o
 .debug_ranges  0x00000fc0       0x48 ./SDK/platform/drivers/src/pins/pins_port_hw_access.o
 .debug_ranges  0x00001008       0xe0 ./SDK/platform/pal/src/can/can_pal.o
 .debug_ranges  0x000010e8       0x30 ./SDK/rtos/FreeRTOS/Source/list.o
 .debug_ranges  0x00001118      0x260 ./SDK/rtos/FreeRTOS/Source/queue.o
 .debug_ranges  0x00001378      0x298 ./SDK/rtos/FreeRTOS/Source/tasks.o
 .debug_ranges  0x00001610      0x108 ./SDK/rtos/FreeRTOS/Source/timers.o
 .debug_ranges  0x00001718       0x70 ./SDK/rtos/FreeRTOS/Source/portable/GCC/ARM_CM4F/port.o
 .debug_ranges  0x00001788       0x28 ./SDK/rtos/FreeRTOS/Source/portable/MemMang/heap_1.o
 .debug_ranges  0x000017b0       0x88 ./SDK/rtos/osif/osif_freertos.o
 .debug_ranges  0x00001838       0x28 ./src/HW_Layer/CANDriver.o
 .debug_ranges  0x00001860       0x38 ./src/HW_Layer/SensorManager.o
 .debug_ranges  0x00001898       0x28 ./src/OS_Layer/Project_Tasks.o
 .debug_ranges  0x000018c0       0x48 ./src/OS_Layer/rtos.o
 .debug_ranges  0x00001908       0x10 ./src/main.o
 .debug_ranges  0x00001918       0x18 ./src/utilities/Personal_EVB_Drv.o

.debug_macro    0x00000000    0x23d57
 .debug_macro   0x00000000       0xb6 ./SDK/platform/devices/S32K144/startup/system_S32K144.o
 .debug_macro   0x000000b6      0x8da ./SDK/platform/devices/S32K144/startup/system_S32K144.o
 .debug_macro   0x00000990       0x10 ./SDK/platform/devices/S32K144/startup/system_S32K144.o
 .debug_macro   0x000009a0       0x79 ./SDK/platform/devices/S32K144/startup/system_S32K144.o
 .debug_macro   0x00000a19       0x19 ./SDK/platform/devices/S32K144/startup/system_S32K144.o
 .debug_macro   0x00000a32       0x22 ./SDK/platform/devices/S32K144/startup/system_S32K144.o
 .debug_macro   0x00000a54       0x4f ./SDK/platform/devices/S32K144/startup/system_S32K144.o
 .debug_macro   0x00000aa3       0x51 ./SDK/platform/devices/S32K144/startup/system_S32K144.o
 .debug_macro   0x00000af4       0xef ./SDK/platform/devices/S32K144/startup/system_S32K144.o
 .debug_macro   0x00000be3       0x6a ./SDK/platform/devices/S32K144/startup/system_S32K144.o
 .debug_macro   0x00000c4d      0x1df ./SDK/platform/devices/S32K144/startup/system_S32K144.o
 .debug_macro   0x00000e2c     0xed1d ./SDK/platform/devices/S32K144/startup/system_S32K144.o
 .debug_macro   0x0000fb49      0xbbd ./SDK/platform/devices/S32K144/startup/system_S32K144.o
 .debug_macro   0x00010706       0x22 ./SDK/platform/devices/S32K144/startup/system_S32K144.o
 .debug_macro   0x00010728       0x28 ./SDK/platform/devices/S32K144/startup/system_S32K144.o
 .debug_macro   0x00010750       0xb6 ./SDK/platform/devices/startup.o
 .debug_macro   0x00010806     0xed32 ./SDK/platform/devices/startup.o
 .debug_macro   0x0001f538       0x40 ./SDK/platform/devices/startup.o
 .debug_macro   0x0001f578       0xea ./SDK/platform/drivers/src/adc/adc_driver.o
 .debug_macro   0x0001f662      0x16d ./SDK/platform/drivers/src/adc/adc_driver.o
 .debug_macro   0x0001f7cf       0x10 ./SDK/platform/drivers/src/adc/adc_driver.o
 .debug_macro   0x0001f7df       0x8a ./SDK/platform/drivers/src/adc/adc_driver.o
 .debug_macro   0x0001f869      0x2b0 ./SDK/platform/drivers/src/clock/S32K1xx/clock_S32K1xx.o